price_optimization/HAB_data_2015to2022.csv
date,units_sold,price,region,year,month,peak
2015-01-04,3.38280012,1.02,Great_Lakes,2015,1,0
2015-01-11,3.06763832,1.1,Great_Lakes,2015,1,0
2015-01-18,3.00620702,1.08,Great_Lakes,2015,1,0
2015-01-25,2.92869232,1.13,Great_Lakes,2015,1,0
2015-02-01,4.87412441,0.91,Great_Lakes,2015,2,1
2015-02-08,2.85645635,1.07,Great_Lakes,2015,2,1
2015-02-15,2.61000441,1.15,Great_Lakes,2015,2,1
2015-02-22,2.73022403,1.16,Great_Lakes,2015,2,1
2015-03-01,3.56675243,1.02,Great_Lakes,2015,3,1
2015-03-08,3.13475264,1.04,Great_Lakes,2015,3,1
2015-03-15,2.94819923,1.1,Great_Lakes,2015,3,1
2015-03-22,3.74659818,1.04,Great_Lakes,2015,3,1
2015-03-29,2.97144388,1.09,Great_Lakes,2015,3,1
2015-04-05,2.93891881,1.18,Great_Lakes,2015,4,1
2015-04-12,2.8959929,1.11,Great_Lakes,2015,4,1
2015-04-19,3.85760511,1.06,Great_Lakes,2015,4,1
2015-04-26,3.23402432,1.14,Great_Lakes,2015,4,1
2015-05-03,3.90105442,1.05,Great_Lakes,2015,5,1
2015-05-10,3.50134446,1.15,Great_Lakes,2015,5,1
2015-05-17,3.75320103,1.09,Great_Lakes,2015,5,1
2015-05-24,3.57405061,1.15,Great_Lakes,2015,5,1
2015-05-31,3.151714,1.2,Great_Lakes,2015,5,1
2015-06-07,3.60211279,1.13,Great_Lakes,2015,6,1
2015-06-14,3.51118514,1.12,Great_Lakes,2015,6,1
2015-06-21,3.72045883,1.08,Great_Lakes,2015,6,1
2015-06-28,3.33631435,1.07,Great_Lakes,2015,6,1
2015-07-05,3.77400427,1.13,Great_Lakes,2015,7,1
2015-07-12,3.07723712,1.14,Great_Lakes,2015,7,1
2015-07-19,3.43686441,1.12,Great_Lakes,2015,7,1
2015-07-26,3.13569838,1.1,Great_Lakes,2015,7,1
2015-08-02,3.16244764,1.14,Great_Lakes,2015,8,0
2015-08-09,3.23013965,1.12,Great_Lakes,2015,8,0
2015-08-16,3.65337607,1.03,Great_Lakes,2015,8,0
2015-08-23,2.84912729,1.14,Great_Lakes,2015,8,0
2015-08-30,3.38880379,1.04,Great_Lakes,2015,8,0
2015-09-06,3.27255501,1.07,Great_Lakes,2015,9,0
2015-09-13,3.53248092,1.03,Great_Lakes,2015,9,0
2015-09-20,3.33624524,1.02,Great_Lakes,2015,9,0
2015-09-27,2.77007476,1.1,Great_Lakes,2015,9,0
2015-10-04,2.81467893,1.05,Great_Lakes,2015,10,0
2015-10-11,3.00413339,1.02,Great_Lakes,2015,10,0
2015-10-18,2.98154994,1.03,Great_Lakes,2015,10,0
2015-10-25,2.67153594,1.1,Great_Lakes,2015,10,0
2015-11-01,3.22912475,1,Great_Lakes,2015,11,0
2015-11-08,3.18494653,0.98,Great_Lakes,2015,11,0
2015-11-15,2.49404441,1.09,Great_Lakes,2015,11,0
2015-11-22,2.60182163,1.03,Great_Lakes,2015,11,0
2015-11-29,2.19840892,1.07,Great_Lakes,2015,11,0
2015-12-06,2.9813472,1,Great_Lakes,2015,12,0
2015-12-13,2.60844806,1.03,Great_Lakes,2015,12,0
2015-12-20,2.50474545,1.01,Great_Lakes,2015,12,0
2015-12-27,2.58060296,1.01,Great_Lakes,2015,12,0
2016-01-03,4.06558341,0.92,Great_Lakes,2016,1,0
2016-01-10,3.31020106,1.06,Great_Lakes,2016,1,0
2016-01-17,3.16694166,1.05,Great_Lakes,2016,1,0
2016-01-24,3.80697462,0.95,Great_Lakes,2016,1,0
2016-01-31,3.33075229,1.04,Great_Lakes,2016,1,0
2016-02-07,4.86529626,0.85,Great_Lakes,2016,2,1
2016-02-14,3.38695148,0.96,Great_Lakes,2016,2,1
2016-02-21,2.83762692,1.07,Great_Lakes,2016,2,1
2016-02-28,3.41990975,1.05,Great_Lakes,2016,2,1
2016-03-06,3.81811432,0.98,Great_Lakes,2016,3,1
2016-03-13,3.14589789,1.03,Great_Lakes,2016,3,1
2016-03-20,3.3683336,1.06,Great_Lakes,2016,3,1
2016-03-27,3.55777732,0.97,Great_Lakes,2016,3,1
2016-04-03,2.96813947,1.04,Great_Lakes,2016,4,1
2016-04-10,3.12612734,1.05,Great_Lakes,2016,4,1
2016-04-17,4.15421826,0.98,Great_Lakes,2016,4,1
2016-04-24,3.73538944,0.96,Great_Lakes,2016,4,1
2016-05-01,3.80150826,0.94,Great_Lakes,2016,5,1
2016-05-08,4.46048153,0.94,Great_Lakes,2016,5,1
2016-05-15,4.32470033,0.91,Great_Lakes,2016,5,1
2016-05-22,3.70526231,1,Great_Lakes,2016,5,1
2016-05-29,3.92530014,1.05,Great_Lakes,2016,5,1
2016-06-05,4.18824599,1.01,Great_Lakes,2016,6,1
2016-06-12,3.44333394,1.15,Great_Lakes,2016,6,1
2016-06-19,3.95509889,1.1,Great_Lakes,2016,6,1
2016-06-26,3.64341733,1.13,Great_Lakes,2016,6,1
2016-07-03,4.02072458,1.13,Great_Lakes,2016,7,1
2016-07-10,3.3270622,1.24,Great_Lakes,2016,7,1
2016-07-17,3.26785763,1.25,Great_Lakes,2016,7,1
2016-07-24,3.21281819,1.32,Great_Lakes,2016,7,1
2016-07-31,3.01342604,1.34,Great_Lakes,2016,7,1
2016-08-07,3.10610892,1.33,Great_Lakes,2016,8,0
2016-08-14,3.13441415,1.3,Great_Lakes,2016,8,0
2016-08-21,2.93397386,1.34,Great_Lakes,2016,8,0
2016-08-28,3.02533044,1.27,Great_Lakes,2016,8,0
2016-09-04,3.08419923,1.3,Great_Lakes,2016,9,0
2016-09-11,3.07805163,1.3,Great_Lakes,2016,9,0
2016-09-18,2.99631715,1.28,Great_Lakes,2016,9,0
2016-09-25,2.83432648,1.37,Great_Lakes,2016,9,0
2016-10-02,2.61880567,1.38,Great_Lakes,2016,10,0
2016-10-09,2.6242029,1.35,Great_Lakes,2016,10,0
2016-10-16,2.51767223,1.4,Great_Lakes,2016,10,0
2016-10-23,2.52859722,1.35,Great_Lakes,2016,10,0
2016-10-30,2.27535191,1.36,Great_Lakes,2016,10,0
2016-11-06,2.22238347,1.48,Great_Lakes,2016,11,0
2016-11-13,2.34881417,1.41,Great_Lakes,2016,11,0
2016-11-20,2.63762179,1.23,Great_Lakes,2016,11,0
2016-11-27,2.38504843,1.18,Great_Lakes,2016,11,0
2016-12-04,3.8540999,0.97,Great_Lakes,2016,12,0
2016-12-11,3.04851815,1.03,Great_Lakes,2016,12,0
2016-12-18,2.79151527,1.11,Great_Lakes,2016,12,0
2016-12-25,2.95431499,1.11,Great_Lakes,2016,12,0
2017-01-01,4.2252454,0.88,Great_Lakes,2017,1,0
2017-01-08,4.06713496,0.99,Great_Lakes,2017,1,0
2017-01-15,3.89322087,1.05,Great_Lakes,2017,1,0
2017-01-22,4.69637214,0.95,Great_Lakes,2017,1,0
2017-01-29,3.7991541,1.01,Great_Lakes,2017,1,0
2017-02-05,6.57518676,0.73,Great_Lakes,2017,2,1
2017-02-12,4.12913603,0.88,Great_Lakes,2017,2,1
2017-02-19,3.18422155,1.1,Great_Lakes,2017,2,1
2017-02-26,3.84871552,1.08,Great_Lakes,2017,2,1
2017-03-05,3.19734166,1.24,Great_Lakes,2017,3,1
2017-03-12,2.88346663,1.38,Great_Lakes,2017,3,1
2017-03-19,2.97535686,1.39,Great_Lakes,2017,3,1
2017-03-26,3.00219577,1.42,Great_Lakes,2017,3,1
2017-04-02,3.08103618,1.41,Great_Lakes,2017,4,1
2017-04-09,3.14901304,1.41,Great_Lakes,2017,4,1
2017-04-16,3.54315249,1.36,Great_Lakes,2017,4,1
2017-04-23,3.19326998,1.38,Great_Lakes,2017,4,1
2017-04-30,3.5841349,1.38,Great_Lakes,2017,4,1
2017-05-07,5.30889112,1.1,Great_Lakes,2017,5,1
2017-05-14,3.9018257,1.19,Great_Lakes,2017,5,1
2017-05-21,3.41547426,1.34,Great_Lakes,2017,5,1
2017-05-28,3.56284146,1.37,Great_Lakes,2017,5,1
2017-06-04,3.64947804,1.33,Great_Lakes,2017,6,1
2017-06-11,3.71423795,1.27,Great_Lakes,2017,6,1
2017-06-18,4.66813531,1.12,Great_Lakes,2017,6,1
2017-06-25,3.93898506,1.15,Great_Lakes,2017,6,1
2017-07-02,4.25039401,1.18,Great_Lakes,2017,7,1
2017-07-09,4.10437146,1.2,Great_Lakes,2017,7,1
2017-07-16,3.37229792,1.38,Great_Lakes,2017,7,1
2017-07-23,3.01455852,1.47,Great_Lakes,2017,7,1
2017-07-30,3.12745133,1.44,Great_Lakes,2017,7,1
2017-08-06,3.35771929,1.42,Great_Lakes,2017,8,0
2017-08-13,2.97101118,1.57,Great_Lakes,2017,8,0
2017-08-20,3.37808825,1.44,Great_Lakes,2017,8,0
2017-08-27,2.97314404,1.49,Great_Lakes,2017,8,0
2017-09-03,2.63891189,1.73,Great_Lakes,2017,9,0
2017-09-10,2.58949971,1.81,Great_Lakes,2017,9,0
2017-09-17,2.35816243,1.86,Great_Lakes,2017,9,0
2017-09-24,2.41548204,1.83,Great_Lakes,2017,9,0
2017-10-01,2.28916877,1.89,Great_Lakes,2017,10,0
2017-10-08,2.06357351,1.98,Great_Lakes,2017,10,0
2017-10-15,2.22161358,1.86,Great_Lakes,2017,10,0
2017-10-22,2.24785671,1.75,Great_Lakes,2017,10,0
2017-10-29,2.73960748,1.52,Great_Lakes,2017,10,0
2017-11-05,3.22507195,1.26,Great_Lakes,2017,11,0
2017-11-12,3.28421,1.19,Great_Lakes,2017,11,0
2017-11-19,2.98369,1.23,Great_Lakes,2017,11,0
2017-11-26,2.2547,1.38,Great_Lakes,2017,11,0
2017-12-03,3.837027,1.15,Great_Lakes,2017,12,0
2017-12-10,3.25808063,1.18,Great_Lakes,2017,12,0
2017-12-17,3.02328574,1.22,Great_Lakes,2017,12,0
2017-12-24,2.86069326,1.3,Great_Lakes,2017,12,0
2017-12-31,4.39888792,0.92,Great_Lakes,2017,12,0
2018-01-01,4.39888792,0.92,Great_Lakes,2018,1,0
2018-01-07,4.12310483,1.11,Great_Lakes,2018,1,0
2018-01-14,3.43756327,1.31,Great_Lakes,2018,1,0
2018-01-21,4.82458617,1.08,Great_Lakes,2018,1,0
2018-01-28,3.85726214,1.18,Great_Lakes,2018,1,0
2018-02-04,7.09476473,0.81,Great_Lakes,2018,2,1
2018-02-11,4.10403193,1.05,Great_Lakes,2018,2,1
2018-02-18,3.35172204,1.2,Great_Lakes,2018,2,1
2018-02-25,3.92064353,1.19,Great_Lakes,2018,2,1
2018-03-04,3.65445088,1.27,Great_Lakes,2018,3,1
2018-03-11,3.95369957,1.22,Great_Lakes,2018,3,1
2018-03-18,3.94485017,1.16,Great_Lakes,2018,3,1
2018-03-25,4.2459472,1.18,Great_Lakes,2018,3,1
2018-04-01,3.82301419,1.23,Great_Lakes,2018,4,1
2018-04-08,3.76562214,1.2,Great_Lakes,2018,4,1
2018-04-15,5.09196345,1.12,Great_Lakes,2018,4,1
2018-04-22,4.62603146,1.09,Great_Lakes,2018,4,1
2018-04-29,3.91783441,1.21,Great_Lakes,2018,4,1
2018-05-06,7.05959158,0.87,Great_Lakes,2018,5,1
2018-05-13,4.61901181,1.03,Great_Lakes,2018,5,1
2018-05-20,3.90628589,1.16,Great_Lakes,2018,5,1
2018-05-27,4.22331484,1.18,Great_Lakes,2018,5,1
2018-06-03,4.22607991,1.19,Great_Lakes,2018,6,1
2018-06-10,4.10513603,1.19,Great_Lakes,2018,6,1
2018-06-17,4.13426724,1.19,Great_Lakes,2018,6,1
2018-06-24,5.38123051,0.99,Great_Lakes,2018,6,1
2018-07-01,4.45937018,1.1,Great_Lakes,2018,7,1
2018-07-08,4.33778749,1.13,Great_Lakes,2018,7,1
2018-07-15,4.19246162,1.12,Great_Lakes,2018,7,1
2018-07-22,4.41202834,1.09,Great_Lakes,2018,7,1
2018-07-29,4.08269689,1.13,Great_Lakes,2018,7,1
2018-08-05,3.80301766,1.17,Great_Lakes,2018,8,0
2018-08-12,3.90055467,1.22,Great_Lakes,2018,8,0
2018-08-19,4.5398211,1.13,Great_Lakes,2018,8,0
2018-08-26,3.34604706,1.39,Great_Lakes,2018,8,0
2018-09-02,3.46727485,1.41,Great_Lakes,2018,9,0
2018-09-09,3.71753181,1.33,Great_Lakes,2018,9,0
2018-09-16,3.37725826,1.34,Great_Lakes,2018,9,0
2018-09-23,3.35971969,1.31,Great_Lakes,2018,9,0
2018-09-30,3.55168467,1.17,Great_Lakes,2018,9,0
2018-10-07,4.01513514,1.06,Great_Lakes,2018,10,0
2018-10-14,3.79706266,1.05,Great_Lakes,2018,10,0
2018-10-21,3.57860508,1.1,Great_Lakes,2018,10,0
2018-10-28,3.60286044,1.11,Great_Lakes,2018,10,0
2018-11-04,3.35943659,1.12,Great_Lakes,2018,11,0
2018-11-11,4.05024066,1.02,Great_Lakes,2018,11,0
2018-11-18,3.06272818,1.15,Great_Lakes,2018,11,0
2018-11-25,2.35383587,1.27,Great_Lakes,2018,11,0
2018-12-02,2.62960472,1.33,Great_Lakes,2018,12,0
2019-01-07,3.81244196,1.10674295,Great_Lakes,2019,1,0
2019-01-13,3.84331868,1.063456872,Great_Lakes,2019,1,0
2019-01-20,4.58795769,1.049930908,Great_Lakes,2019,1,0
2019-01-27,3.09734909,1.279025898,Great_Lakes,2019,1,0
2019-02-03,5.5947598,0.858456943,Great_Lakes,2019,2,1
2019-02-10,3.8286938,0.960754137,Great_Lakes,2019,2,1
2019-02-17,3.64668202,1.038228389,Great_Lakes,2019,2,1
2019-02-24,3.40225038,1.175716419,Great_Lakes,2019,2,1
2019-03-03,3.69811445,1.072860937,Great_Lakes,2019,3,1
2019-03-10,3.79409229,1.072176512,Great_Lakes,2019,3,1
2019-03-17,4.18442889,1.052867666,Great_Lakes,2019,3,1
2019-03-24,3.75292618,1.046159663,Great_Lakes,2019,3,1
2019-03-31,3.56952452,1.079556202,Great_Lakes,2019,3,1
2019-04-07,4.28155961,1.053538133,Great_Lakes,2019,4,1
2019-04-14,3.77762255,1.142013027,Great_Lakes,2019,4,1
2019-04-21,3.3900191,1.320101815,Great_Lakes,2019,4,1
2019-04-28,2.72867759,1.530612298,Great_Lakes,2019,4,1
2019-05-05,4.11353004,1.28763042,Great_Lakes,2019,5,1
2019-05-12,3.65549398,1.320300602,Great_Lakes,2019,5,1
2019-05-19,3.12422728,1.448138461,Great_Lakes,2019,5,1
2019-05-26,3.39697592,1.457565095,Great_Lakes,2019,5,1
2019-06-02,4.15054378,1.237181057,Great_Lakes,2019,6,1
2019-06-09,3.6200457,1.248544619,Great_Lakes,2019,6,1
2019-06-16,3.10811194,1.445236844,Great_Lakes,2019,6,1
2019-06-23,2.90990398,1.513517717,Great_Lakes,2019,6,1
2019-06-30,3.12853433,1.557819845,Great_Lakes,2019,6,1
2019-07-07,3.40101598,1.613617411,Great_Lakes,2019,7,1
2019-07-14,2.82536719,1.661392807,Great_Lakes,2019,7,1
2019-07-21,2.75932312,1.722445619,Great_Lakes,2019,7,1
2019-07-28,2.77029522,1.688141727,Great_Lakes,2019,7,1
2019-08-04,2.68232456,1.630533913,Great_Lakes,2019,8,0
2019-08-11,2.94932325,1.542050017,Great_Lakes,2019,8,0
2019-08-18,3.14564737,1.363272148,Great_Lakes,2019,8,0
2019-08-25,3.13539785,1.364289095,Great_Lakes,2019,8,0
2019-09-01,3.26083507,1.277477032,Great_Lakes,2019,9,0
2019-09-08,3.72773746,1.168742462,Great_Lakes,2019,9,0
2019-09-15,2.98307757,1.27911973,Great_Lakes,2019,9,0
2019-09-22,3.03432572,1.291073286,Great_Lakes,2019,9,0
2019-09-29,3.55528007,1.174921107,Great_Lakes,2019,9,0
2019-10-06,3.20879236,1.27679348,Great_Lakes,2019,10,0
2019-10-13,2.67594216,1.283752542,Great_Lakes,2019,10,0
2019-10-20,2.94493128,1.262979141,Great_Lakes,2019,10,0
2019-10-27,3.32503402,1.08371227,Great_Lakes,2019,10,0
2019-11-03,2.92272977,1.154331926,Great_Lakes,2019,11,0
2019-11-10,3.52926872,1.025043736,Great_Lakes,2019,11,0
2019-11-17,2.83011236,1.174858361,Great_Lakes,2019,11,0
2019-11-24,2.61724562,1.213280979,Great_Lakes,2019,11,0
2019-12-01,2.48613965,1.164944403,Great_Lakes,2019,12,0
2019-12-08,3.80557418,0.94337933,Great_Lakes,2019,12,0
2019-12-15,2.70373369,1.167353768,Great_Lakes,2019,12,0
2019-12-22,2.90710463,1.122054773,Great_Lakes,2019,12,0
2019-12-29,3.23038393,0.966000733,Great_Lakes,2019,12,0
2020-01-06,3.90858284,0.964466503,Great_Lakes,2020,1,0
2020-01-12,3.90381013,1.034143541,Great_Lakes,2020,1,0
2020-01-19,4.27093423,0.993685133,Great_Lakes,2020,1,0
2020-01-26,3.64962927,1.092170319,Great_Lakes,2020,1,0
2020-02-02,5.7296233,0.798124154,Great_Lakes,2020,2,1
2020-02-09,3.94783935,0.970189315,Great_Lakes,2020,2,1
2020-02-16,3.21414527,1.152901847,Great_Lakes,2020,2,1
2020-02-23,3.84702975,1.113273551,Great_Lakes,2020,2,1
2020-03-01,3.59703449,1.155571134,Great_Lakes,2020,3,1
2020-03-08,3.84350336,1.167478152,Great_Lakes,2020,3,1
2020-03-15,4.08477963,1.357595838,Great_Lakes,2020,3,1
2020-03-22,4.18531747,1.288235117,Great_Lakes,2020,3,1
2020-03-29,3.94291425,1.152227104,Great_Lakes,2020,3,1
2020-04-05,4.17731138,1.17228104,Great_Lakes,2020,4,1
2020-04-12,3.96585067,1.331498603,Great_Lakes,2020,4,1
2020-04-19,3.86412469,1.348308991,Great_Lakes,2020,4,1
2020-04-26,4.23705227,1.354150338,Great_Lakes,2020,4,1
2020-05-03,5.56235695,1.060083977,Great_Lakes,2020,5,1
2020-05-10,5.22953696,1.159564689,Great_Lakes,2020,5,1
2020-05-17,4.29005852,1.30043166,Great_Lakes,2020,5,1
2020-05-24,4.85386745,1.226240494,Great_Lakes,2020,5,1
2020-05-31,5.04172159,1.12695483,Great_Lakes,2020,5,1
2020-06-07,4.97637253,1.101860126,Great_Lakes,2020,6,1
2020-06-14,4.2416483,1.21928734,Great_Lakes,2020,6,1
2020-06-21,4.25169637,1.221863768,Great_Lakes,2020,6,1
2020-06-28,5.32983583,0.961632286,Great_Lakes,2020,6,1
2020-07-05,4.77338416,1.101484288,Great_Lakes,2020,7,1
2020-07-12,4.16742067,1.103407273,Great_Lakes,2020,7,1
2020-07-19,4.94412591,1.01709061,Great_Lakes,2020,7,1
2020-07-26,4.85979803,0.967716343,Great_Lakes,2020,7,1
2020-08-02,4.54127695,0.993718919,Great_Lakes,2020,8,0
2020-08-09,4.0987139,1.04713989,Great_Lakes,2020,8,0
2020-08-16,4.52621193,0.922898656,Great_Lakes,2020,8,0
2020-08-23,4.48312677,0.934394354,Great_Lakes,2020,8,0
2020-08-30,4.16820588,0.988936034,Great_Lakes,2020,8,0
2020-09-06,3.91364637,1.07030399,Great_Lakes,2020,9,0
2020-09-13,3.89944984,1.034858738,Great_Lakes,2020,9,0
2020-09-20,4.11201929,0.933623527,Great_Lakes,2020,9,0
2020-09-27,3.53967425,1.091391286,Great_Lakes,2020,9,0
2020-10-04,3.8381798,1.022737667,Great_Lakes,2020,10,0
2020-10-11,3.81158051,1.041664113,Great_Lakes,2020,10,0
2020-10-18,3.66973049,1.070860269,Great_Lakes,2020,10,0
2020-10-25,3.98659052,0.989886714,Great_Lakes,2020,10,0
2020-11-01,4.25946776,0.934114572,Great_Lakes,2020,11,0
2020-11-08,3.65550692,1.013962215,Great_Lakes,2020,11,0
2020-11-15,3.77360041,1.045305319,Great_Lakes,2020,11,0
2020-11-22,3.52321305,0.998558109,Great_Lakes,2020,11,0
2020-11-29,3.10634792,0.947051723,Great_Lakes,2020,11,0
2020-12-06,3.77981493,0.962735001,Great_Lakes,2020,12,0
2020-12-13,3.92584385,0.937762175,Great_Lakes,2020,12,0
2020-12-20,3.7188069,0.920920925,Great_Lakes,2020,12,0
2020-12-27,3.27825656,0.959250377,Great_Lakes,2020,12,0
2021-01-04,4.76720053,0.863859431,Great_Lakes,2021,1,0
2021-01-10,4.28529961,0.998266563,Great_Lakes,2021,1,0
2021-01-17,5.1244766,0.940249749,Great_Lakes,2021,1,0
2021-01-24,4.91047729,0.927500663,Great_Lakes,2021,1,0
2021-01-31,4.07876076,1.066378557,Great_Lakes,2021,1,0
2021-02-07,5.53425718,0.795778642,Great_Lakes,2021,2,1
2021-02-14,3.99436442,0.93675792,Great_Lakes,2021,2,1
2021-02-21,4.05688929,1.013468202,Great_Lakes,2021,2,1
2021-02-28,4.98171121,0.831189026,Great_Lakes,2021,2,1
2021-03-07,4.59954535,0.952201269,Great_Lakes,2021,3,1
2021-03-14,4.25444237,1.003684082,Great_Lakes,2021,3,1
2021-03-21,4.0537,1.074392674,Great_Lakes,2021,3,1
2021-03-28,3.94873695,1.177818988,Great_Lakes,2021,3,1
2021-04-04,3.8809151,1.278066693,Great_Lakes,2021,4,1
2021-04-11,3.52873524,1.270459274,Great_Lakes,2021,4,1
2021-04-18,3.82399924,1.262672212,Great_Lakes,2021,4,1
2021-04-25,4.2564793,1.128825004,Great_Lakes,2021,4,1
2021-05-02,4.8564141,1.060005807,Great_Lakes,2021,5,1
2021-05-09,4.50411473,1.078343324,Great_Lakes,2021,5,1
2021-05-16,4.03266523,1.124557051,Great_Lakes,2021,5,1
2021-05-23,4.28412673,1.082200104,Great_Lakes,2021,5,1
2021-05-30,3.91960553,1.245710322,Great_Lakes,2021,5,1
2021-06-06,4.09648731,1.132014681,Great_Lakes,2021,6,1
2021-06-13,4.02049273,1.170113026,Great_Lakes,2021,6,1
2021-06-20,4.39313099,1.161668511,Great_Lakes,2021,6,1
2021-06-27,3.65782635,1.210094146,Great_Lakes,2021,6,1
2021-07-04,4.17666673,1.184716906,Great_Lakes,2021,7,1
2021-07-11,3.7616382,1.132922194,Great_Lakes,2021,7,1
2021-07-18,4.67916436,0.974761155,Great_Lakes,2021,7,1
2021-07-25,4.12156286,1.042659777,Great_Lakes,2021,7,1
2021-08-01,3.48080806,1.161587504,Great_Lakes,2021,8,0
2021-08-08,3.56403944,1.165899451,Great_Lakes,2021,8,0
2021-08-15,4.03610786,1.049757509,Great_Lakes,2021,8,0
2021-08-22,3.68723516,1.110083942,Great_Lakes,2021,8,0
2021-08-29,3.48091655,1.183639248,Great_Lakes,2021,8,0
2021-09-05,3.74269013,1.131019553,Great_Lakes,2021,9,0
2021-09-12,3.61564041,1.094684423,Great_Lakes,2021,9,0
2021-09-19,3.50236995,1.136051824,Great_Lakes,2021,9,0
2021-09-26,3.1839105,1.216406407,Great_Lakes,2021,9,0
2021-10-03,3.68358614,1.105501151,Great_Lakes,2021,10,0
2021-10-10,3.36911916,1.202356986,Great_Lakes,2021,10,0
2021-10-17,3.47223638,1.175524195,Great_Lakes,2021,10,0
