price_optimization/HAB_data_2015to2022.csv
date,units_sold,price,region,year,month,peak
2021-10-24,3.33770948,1.215459098,Great_Lakes,2021,10,0
2021-10-31,3.7034315,1.077823218,Great_Lakes,2021,10,0
2021-11-07,3.33543785,1.150453477,Great_Lakes,2021,11,0
2021-11-14,3.87839404,1.046645841,Great_Lakes,2021,11,0
2021-11-21,3.0954683,1.163804527,Great_Lakes,2021,11,0
2021-11-28,3.03019546,1.064335197,Great_Lakes,2021,11,0
2022-01-03,4.90398156,0.940627899,Great_Lakes,2022,1,0
2022-01-09,4.2111162,1.079471904,Great_Lakes,2022,1,0
2022-01-16,4.22260401,1.133069484,Great_Lakes,2022,1,0
2022-01-23,3.97211703,1.205796938,Great_Lakes,2022,1,0
2022-01-30,4.57879546,1.083074346,Great_Lakes,2022,1,0
2022-02-06,4.17443206,1.181169375,Great_Lakes,2022,2,1
2022-02-13,5.95812319,1.171541825,Great_Lakes,2022,2,1
2022-02-20,4.00618879,1.246402122,Great_Lakes,2022,2,1
2022-02-27,3.99037703,1.300882202,Great_Lakes,2022,2,1
2022-03-06,3.72468598,1.370028459,Great_Lakes,2022,3,1
2022-03-13,3.93545323,1.313802121,Great_Lakes,2022,3,1
2022-03-20,3.76031011,1.340040837,Great_Lakes,2022,3,1
2022-03-27,3.60621325,1.453277312,Great_Lakes,2022,3,1
2022-04-03,4.1605542,1.300191817,Great_Lakes,2022,4,1
2022-04-10,4.44741245,1.351861906,Great_Lakes,2022,4,1
2022-04-17,3.96724405,1.474616663,Great_Lakes,2022,4,1
2022-04-24,3.529794,1.448218508,Great_Lakes,2022,4,1
2022-05-01,4.463753,1.317115889,Great_Lakes,2022,5,1
2022-05-08,4.668944,1.309870712,Great_Lakes,2022,5,1
2022-05-15,3.397891,1.557275969,Great_Lakes,2022,5,1
2015-01-04,2.57827512,1.1,Midsouth,2015,1,0
2015-01-11,2.33598611,1.17,Midsouth,2015,1,0
2015-01-18,2.3308292,1.19,Midsouth,2015,1,0
2015-01-25,2.48082072,1.15,Midsouth,2015,1,0
2015-02-01,3.66803765,0.99,Midsouth,2015,2,1
2015-02-08,2.73400698,1.06,Midsouth,2015,2,1
2015-02-15,2.42082945,1.17,Midsouth,2015,2,1
2015-02-22,2.72034671,1.1,Midsouth,2015,2,1
2015-03-01,2.5389816,1.14,Midsouth,2015,3,1
2015-03-08,2.29750911,1.21,Midsouth,2015,3,1
2015-03-15,2.46210811,1.19,Midsouth,2015,3,1
2015-03-22,2.77901266,1.11,Midsouth,2015,3,1
2015-03-29,2.52311039,1.18,Midsouth,2015,3,1
2015-04-05,2.51967731,1.19,Midsouth,2015,4,1
2015-04-12,2.82941658,1.13,Midsouth,2015,4,1
2015-04-19,2.71100832,1.18,Midsouth,2015,4,1
2015-04-26,2.6996145,1.2,Midsouth,2015,4,1
2015-05-03,3.41046752,1.07,Midsouth,2015,5,1
2015-05-10,2.95685919,1.17,Midsouth,2015,5,1
2015-05-17,2.81700833,1.18,Midsouth,2015,5,1
2015-05-24,3.11905091,1.14,Midsouth,2015,5,1
2015-05-31,3.03940306,1.14,Midsouth,2015,5,1
2015-06-07,2.91829891,1.14,Midsouth,2015,6,1
2015-06-14,3.17305142,1.09,Midsouth,2015,6,1
2015-06-21,2.97941782,1.13,Midsouth,2015,6,1
2015-06-28,2.83563041,1.14,Midsouth,2015,6,1
2015-07-05,3.1834196,1.13,Midsouth,2015,7,1
2015-07-12,2.78355482,1.13,Midsouth,2015,7,1
2015-07-19,2.75119277,1.14,Midsouth,2015,7,1
2015-07-26,2.66442422,1.15,Midsouth,2015,7,1
2015-08-02,2.75208197,1.14,Midsouth,2015,8,0
2015-08-09,2.71071015,1.15,Midsouth,2015,8,0
2015-08-16,2.82340523,1.14,Midsouth,2015,8,0
2015-08-23,2.7658381,1.12,Midsouth,2015,8,0
2015-08-30,2.53519278,1.18,Midsouth,2015,8,0
2015-09-06,3.01382575,1.08,Midsouth,2015,9,0
2015-09-13,2.81480306,1.09,Midsouth,2015,9,0
2015-09-20,2.44726474,1.13,Midsouth,2015,9,0
2015-09-27,2.39061102,1.11,Midsouth,2015,9,0
2015-10-04,2.23393594,1.18,Midsouth,2015,10,0
2015-10-11,2.32975767,1.13,Midsouth,2015,10,0
2015-10-18,2.78317015,1.05,Midsouth,2015,10,0
2015-10-25,2.18848529,1.13,Midsouth,2015,10,0
2015-11-01,2.51176036,1.08,Midsouth,2015,11,0
2015-11-08,2.50300826,1.04,Midsouth,2015,11,0
2015-11-15,2.35583919,1.02,Midsouth,2015,11,0
2015-11-22,1.903245,1.06,Midsouth,2015,11,0
2015-11-29,1.84544313,1.05,Midsouth,2015,11,0
2015-12-06,2.23313801,1,Midsouth,2015,12,0
2015-12-13,2.19314282,1.03,Midsouth,2015,12,0
2015-12-20,2.04402093,1.05,Midsouth,2015,12,0
2015-12-27,2.06513133,1.05,Midsouth,2015,12,0
2016-01-03,2.96792965,1.01,Midsouth,2016,1,0
2016-01-10,2.87189866,1.04,Midsouth,2016,1,0
2016-01-17,3.00168391,1.05,Midsouth,2016,1,0
2016-01-24,3.14790267,1.01,Midsouth,2016,1,0
2016-01-31,2.88146141,1,Midsouth,2016,1,0
2016-02-07,4.13161484,0.91,Midsouth,2016,2,1
2016-02-14,3.17346024,0.99,Midsouth,2016,2,1
2016-02-21,2.74717606,1.06,Midsouth,2016,2,1
2016-02-28,3.03292039,1.05,Midsouth,2016,2,1
2016-03-06,2.94251587,1.1,Midsouth,2016,3,1
2016-03-13,3.09389837,1.07,Midsouth,2016,3,1
2016-03-20,3.19847741,1.05,Midsouth,2016,3,1
2016-03-27,2.91190346,1.08,Midsouth,2016,3,1
2016-04-03,2.69026794,1.07,Midsouth,2016,4,1
2016-04-10,2.83688482,1.05,Midsouth,2016,4,1
2016-04-17,3.02900302,1.06,Midsouth,2016,4,1
2016-04-24,3.33260987,1.04,Midsouth,2016,4,1
2016-05-01,3.53633398,0.99,Midsouth,2016,5,1
2016-05-08,3.85064565,0.95,Midsouth,2016,5,1
2016-05-15,3.20503779,1.04,Midsouth,2016,5,1
2016-05-22,3.15431839,1.08,Midsouth,2016,5,1
2016-05-29,3.34913943,1.09,Midsouth,2016,5,1
2016-06-05,3.22381439,1.14,Midsouth,2016,6,1
2016-06-12,3.12235117,1.15,Midsouth,2016,6,1
2016-06-19,3.30496762,1.16,Midsouth,2016,6,1
2016-06-26,3.09567383,1.17,Midsouth,2016,6,1
2016-07-03,3.39369645,1.15,Midsouth,2016,7,1
2016-07-10,3.22165074,1.19,Midsouth,2016,7,1
2016-07-17,2.94044851,1.26,Midsouth,2016,7,1
2016-07-24,2.91481751,1.32,Midsouth,2016,7,1
2016-07-31,2.78700219,1.35,Midsouth,2016,7,1
2016-08-07,2.90075148,1.3,Midsouth,2016,8,0
2016-08-14,2.90178665,1.29,Midsouth,2016,8,0
2016-08-21,2.84052638,1.27,Midsouth,2016,8,0
2016-08-28,2.79909768,1.3,Midsouth,2016,8,0
2016-09-04,3.1279504,1.2,Midsouth,2016,9,0
2016-09-11,3.06863936,1.18,Midsouth,2016,9,0
2016-09-18,2.78525641,1.28,Midsouth,2016,9,0
2016-09-25,2.56816145,1.37,Midsouth,2016,9,0
2016-10-02,2.54067244,1.38,Midsouth,2016,10,0
2016-10-09,2.46938194,1.39,Midsouth,2016,10,0
2016-10-16,2.44298197,1.4,Midsouth,2016,10,0
2016-10-23,2.28750752,1.47,Midsouth,2016,10,0
2016-10-30,2.08305488,1.48,Midsouth,2016,10,0
2016-11-06,2.07750741,1.54,Midsouth,2016,11,0
2016-11-13,2.07528276,1.52,Midsouth,2016,11,0
2016-11-20,1.99904443,1.48,Midsouth,2016,11,0
2016-11-27,1.85806515,1.4,Midsouth,2016,11,0
2016-12-04,2.35983716,1.2,Midsouth,2016,12,0
2016-12-11,2.33997739,1.15,Midsouth,2016,12,0
2016-12-18,2.24222126,1.16,Midsouth,2016,12,0
2016-12-25,2.1805121,1.23,Midsouth,2016,12,0
2017-01-01,2.87896754,1.12,Midsouth,2017,1,0
2017-01-08,3.45481997,1.11,Midsouth,2017,1,0
2017-01-15,3.03432024,1.23,Midsouth,2017,1,0
2017-01-22,3.39418415,1.17,Midsouth,2017,1,0
2017-01-29,3.15100047,1.22,Midsouth,2017,1,0
2017-02-05,4.70368101,0.95,Midsouth,2017,2,1
2017-02-12,3.40372366,1.07,Midsouth,2017,2,1
2017-02-19,2.92935167,1.19,Midsouth,2017,2,1
2017-02-26,3.31053037,1.2,Midsouth,2017,2,1
2017-03-05,3.39798584,1.14,Midsouth,2017,3,1
2017-03-12,3.05901005,1.33,Midsouth,2017,3,1
2017-03-19,2.93307638,1.35,Midsouth,2017,3,1
2017-03-26,3.16260085,1.33,Midsouth,2017,3,1
2017-04-02,3.35093853,1.3,Midsouth,2017,4,1
2017-04-09,2.99013808,1.39,Midsouth,2017,4,1
2017-04-16,2.96508346,1.43,Midsouth,2017,4,1
2017-04-23,3.06039583,1.4,Midsouth,2017,4,1
2017-04-30,3.29132816,1.38,Midsouth,2017,4,1
2017-05-07,4.37272872,1.19,Midsouth,2017,5,1
2017-05-14,3.04759625,1.31,Midsouth,2017,5,1
2017-05-21,3.23230482,1.34,Midsouth,2017,5,1
2017-05-28,3.38016163,1.38,Midsouth,2017,5,1
2017-06-04,3.21227631,1.43,Midsouth,2017,6,1
2017-06-11,3.15078824,1.34,Midsouth,2017,6,1
2017-06-18,3.03287122,1.34,Midsouth,2017,6,1
2017-06-25,3.14751914,1.27,Midsouth,2017,6,1
2017-07-02,3.21896184,1.26,Midsouth,2017,7,1
2017-07-09,3.17337245,1.29,Midsouth,2017,7,1
2017-07-16,2.82740411,1.34,Midsouth,2017,7,1
2017-07-23,2.88653837,1.34,Midsouth,2017,7,1
2017-07-30,2.81709162,1.34,Midsouth,2017,7,1
2017-08-06,2.90756395,1.34,Midsouth,2017,8,0
2017-08-13,2.90260484,1.37,Midsouth,2017,8,0
2017-08-20,2.86541436,1.41,Midsouth,2017,8,0
2017-08-27,2.61710798,1.5,Midsouth,2017,8,0
2017-09-03,2.56178352,1.54,Midsouth,2017,9,0
2017-09-10,2.42814005,1.56,Midsouth,2017,9,0
2017-09-17,2.46683885,1.55,Midsouth,2017,9,0
2017-09-24,2.46621008,1.6,Midsouth,2017,9,0
2017-10-01,2.44380039,1.64,Midsouth,2017,10,0
2017-10-08,2.13316639,1.72,Midsouth,2017,10,0
2017-10-15,2.39591469,1.63,Midsouth,2017,10,0
2017-10-22,2.38054444,1.56,Midsouth,2017,10,0
2017-10-29,2.6618998,1.41,Midsouth,2017,10,0
2017-11-05,2.88093737,1.28,Midsouth,2017,11,0
2017-11-12,2.631186,1.33,Midsouth,2017,11,0
2017-11-19,2.462798,1.3,Midsouth,2017,11,0
2017-11-26,2.200251,1.33,Midsouth,2017,11,0
2017-12-03,3.003104,1.18,Midsouth,2017,12,0
2017-12-10,3.37052181,1.07,Midsouth,2017,12,0
2017-12-17,2.48381757,1.23,Midsouth,2017,12,0
2017-12-24,2.49431529,1.26,Midsouth,2017,12,0
2017-12-31,3.77719346,0.96,Midsouth,2017,12,0
2018-01-01,3.77719346,0.96,Midsouth,2018,1,0
2018-01-07,3.4376328,1.2,Midsouth,2018,1,0
2018-01-14,3.53724304,1.28,Midsouth,2018,1,0
2018-01-21,4.02254975,1.13,Midsouth,2018,1,0
2018-01-28,3.64736237,1.19,Midsouth,2018,1,0
2018-02-04,5.28641287,0.96,Midsouth,2018,2,1
2018-02-11,3.80351206,1.1,Midsouth,2018,2,1
2018-02-18,3.13533032,1.25,Midsouth,2018,2,1
2018-02-25,3.34976624,1.24,Midsouth,2018,2,1
2018-03-04,3.55425213,1.2,Midsouth,2018,3,1
2018-03-11,3.87414318,1.15,Midsouth,2018,3,1
2018-03-18,4.55888855,1.03,Midsouth,2018,3,1
2018-03-25,3.91107535,1.14,Midsouth,2018,3,1
2018-04-01,3.6513221,1.2,Midsouth,2018,4,1
2018-04-08,3.88536148,1.12,Midsouth,2018,4,1
2018-04-15,4.02966949,1.13,Midsouth,2018,4,1
2018-04-22,3.72771868,1.23,Midsouth,2018,4,1
2018-04-29,4.29397411,1.12,Midsouth,2018,4,1
2018-05-06,6.16857161,0.91,Midsouth,2018,5,1
2018-05-13,4.34244131,1.07,Midsouth,2018,5,1
2018-05-20,4.0494139,1.13,Midsouth,2018,5,1
2018-05-27,4.20440297,1.16,Midsouth,2018,5,1
2018-06-03,3.89013758,1.23,Midsouth,2018,6,1
2018-06-10,4.18073797,1.13,Midsouth,2018,6,1
2018-06-17,4.04377322,1.19,Midsouth,2018,6,1
2018-06-24,3.77184121,1.19,Midsouth,2018,6,1
2018-07-01,3.96220301,1.19,Midsouth,2018,7,1
2018-07-08,4.21732325,1.14,Midsouth,2018,7,1
2018-07-15,3.80670714,1.14,Midsouth,2018,7,1
2018-07-22,3.57349739,1.19,Midsouth,2018,7,1
2018-07-29,3.55049915,1.21,Midsouth,2018,7,1
2018-08-05,3.57234018,1.26,Midsouth,2018,8,0
2018-08-12,4.10488173,1.08,Midsouth,2018,8,0
2018-08-19,3.8610282,1.16,Midsouth,2018,8,0
2018-08-26,3.65611648,1.24,Midsouth,2018,8,0
2018-09-02,3.75740211,1.24,Midsouth,2018,9,0
2018-09-09,3.6996854,1.26,Midsouth,2018,9,0
2018-09-16,3.3543217,1.27,Midsouth,2018,9,0
2018-09-23,3.16272602,1.25,Midsouth,2018,9,0
2018-09-30,3.1731866,1.2,Midsouth,2018,9,0
2018-10-07,3.2630654,1.22,Midsouth,2018,10,0
2018-10-14,3.25099261,1.19,Midsouth,2018,10,0
2018-10-21,3.17006134,1.17,Midsouth,2018,10,0
2018-10-28,3.56597913,1.06,Midsouth,2018,10,0
2018-11-04,3.3820443,1.08,Midsouth,2018,11,0
2018-11-11,3.3310313,1.1,Midsouth,2018,11,0
2018-11-18,2.75154423,1.2,Midsouth,2018,11,0
2018-11-25,2.31276862,1.24,Midsouth,2018,11,0
2018-12-02,2.5646688,1.24,Midsouth,2018,12,0
2019-01-07,3.53046696,1.130640196,Midsouth,2019,1,0
2019-01-13,3.77168805,1.106019815,Midsouth,2019,1,0
2019-01-20,3.74915805,1.068367208,Midsouth,2019,1,0
2019-01-27,3.48234227,1.122107117,Midsouth,2019,1,0
2019-02-03,4.63219797,0.936186744,Midsouth,2019,2,1
2019-02-10,3.62697682,1.020586119,Midsouth,2019,2,1
2019-02-17,3.38798737,1.064810674,Midsouth,2019,2,1
2019-02-24,3.44771042,1.078943138,Midsouth,2019,2,1
2019-03-03,3.40142684,1.127444745,Midsouth,2019,3,1
2019-03-10,3.59251324,1.08219325,Midsouth,2019,3,1
2019-03-17,3.93803421,0.999383807,Midsouth,2019,3,1
2019-03-24,3.56947342,1.103215013,Midsouth,2019,3,1
2019-03-31,3.51828555,1.099402854,Midsouth,2019,3,1
2019-04-07,4.15789828,0.996469261,Midsouth,2019,4,1
2019-04-14,3.5477529,1.200760774,Midsouth,2019,4,1
2019-04-21,3.17136386,1.410125924,Midsouth,2019,4,1
2019-04-28,3.01204034,1.480032748,Midsouth,2019,4,1
2019-05-05,4.21242307,1.259716346,Midsouth,2019,5,1
2019-05-12,3.6909067,1.262616444,Midsouth,2019,5,1
2019-05-19,3.63490981,1.252030296,Midsouth,2019,5,1
2019-05-26,3.42342851,1.417712719,Midsouth,2019,5,1
2019-06-02,3.74254821,1.251897574,Midsouth,2019,6,1
2019-06-09,3.46845443,1.286045549,Midsouth,2019,6,1
2019-06-16,3.05441423,1.468104104,Midsouth,2019,6,1
2019-06-23,3.03599988,1.50329613,Midsouth,2019,6,1
2019-06-30,3.06500164,1.502268632,Midsouth,2019,6,1
2019-07-07,3.22157753,1.521142217,Midsouth,2019,7,1
2019-07-14,2.92971063,1.542245057,Midsouth,2019,7,1
2019-07-21,2.83545159,1.562150908,Midsouth,2019,7,1
2019-07-28,2.77901218,1.557732417,Midsouth,2019,7,1
2019-08-04,2.89554399,1.51151123,Midsouth,2019,8,0
2019-08-11,3.10264038,1.402871425,Midsouth,2019,8,0
2019-08-18,3.03512134,1.428336078,Midsouth,2019,8,0
2019-08-25,3.15570958,1.342415918,Midsouth,2019,8,0
2019-09-01,3.34665174,1.271933631,Midsouth,2019,9,0
2019-09-08,3.21668027,1.309412087,Midsouth,2019,9,0
2019-09-15,2.89713273,1.382793869,Midsouth,2019,9,0
2019-09-22,2.85647623,1.38236243,Midsouth,2019,9,0
2019-09-29,2.9487064,1.34559152,Midsouth,2019,9,0
2019-10-06,3.09451998,1.277379998,Midsouth,2019,10,0
2019-10-13,2.95962658,1.240401453,Midsouth,2019,10,0
2019-10-20,2.7031817,1.265352988,Midsouth,2019,10,0
2019-10-27,3.1454026,1.118738836,Midsouth,2019,10,0
2019-11-03,2.75524218,1.197497574,Midsouth,2019,11,0
2019-11-10,2.72263717,1.209564907,Midsouth,2019,11,0
2019-11-17,2.91858883,1.113482015,Midsouth,2019,11,0
2019-11-24,2.6378236,1.159124791,Midsouth,2019,11,0
2019-12-01,2.3161995,1.195655286,Midsouth,2019,12,0
2019-12-08,2.76876046,1.13338409,Midsouth,2019,12,0
2019-12-15,2.6298464,1.171231007,Midsouth,2019,12,0
2019-12-22,2.58845276,1.157612977,Midsouth,2019,12,0
2019-12-29,2.86104033,1.020236879,Midsouth,2019,12,0
2020-01-06,3.63672838,1.017148323,Midsouth,2020,1,0
2020-01-12,3.57342837,1.075301078,Midsouth,2020,1,0
2020-01-19,3.90554268,1.036974188,Midsouth,2020,1,0
2020-01-26,3.60133068,1.100410815,Midsouth,2020,1,0
2020-02-02,4.6642557,0.932481316,Midsouth,2020,2,1
2020-02-09,3.84758207,1.031678716,Midsouth,2020,2,1
2020-02-16,3.46741831,1.108446107,Midsouth,2020,2,1
2020-02-23,3.65488261,1.100498486,Midsouth,2020,2,1
2020-03-01,3.73169344,1.10384222,Midsouth,2020,3,1
2020-03-08,3.6274204,1.198186422,Midsouth,2020,3,1
2020-03-15,4.44493965,1.189535253,Midsouth,2020,3,1
2020-03-22,4.25339386,1.235674165,Midsouth,2020,3,1
2020-03-29,4.06184426,1.238233619,Midsouth,2020,3,1
2020-04-05,4.49166178,1.156743105,Midsouth,2020,4,1
2020-04-12,4.2623179,1.228892576,Midsouth,2020,4,1
2020-04-19,4.18337169,1.238602237,Midsouth,2020,4,1
2020-04-26,4.41772213,1.235494341,Midsouth,2020,4,1
2020-05-03,5.57545719,1.057265237,Midsouth,2020,5,1
2020-05-10,4.95462511,1.135199931,Midsouth,2020,5,1
2020-05-17,4.61805986,1.183228427,Midsouth,2020,5,1
2020-05-24,4.87264868,1.155027651,Midsouth,2020,5,1
2020-05-31,4.70290195,1.167795453,Midsouth,2020,5,1
2020-06-07,4.61909749,1.187187879,Midsouth,2020,6,1
2020-06-14,4.65460425,1.160269036,Midsouth,2020,6,1
2020-06-21,4.42063551,1.17063317,Midsouth,2020,6,1
2020-06-28,4.24750582,1.167650091,Midsouth,2020,6,1
2020-07-05,4.52743944,1.170684608,Midsouth,2020,7,1
2020-07-12,4.21422674,1.132341752,Midsouth,2020,7,1
2020-07-19,4.35843037,1.073572801,Midsouth,2020,7,1
2020-07-26,4.29751486,1.052127751,Midsouth,2020,7,1
2020-08-02,4.50560469,0.991221689,Midsouth,2020,8,0
2020-08-09,4.19938789,1.037939132,Midsouth,2020,8,0
2020-08-16,4.03235312,1.079353457,Midsouth,2020,8,0
2020-08-23,4.2145637,1.042475028,Midsouth,2020,8,0
2020-08-30,4.23569676,1.00286002,Midsouth,2020,8,0
2020-09-06,4.17987422,1.034497138,Midsouth,2020,9,0
2020-09-13,4.14892094,1.022792767,Midsouth,2020,9,0
2020-09-20,3.8540318,1.043274864,Midsouth,2020,9,0
2020-09-27,4.11156283,0.967984405,Midsouth,2020,9,0
2020-10-04,3.73142509,1.058252054,Midsouth,2020,10,0
2020-10-11,3.6058724,1.055727098,Midsouth,2020,10,0
2020-10-18,3.78009023,1.011966231,Midsouth,2020,10,0
2020-10-25,3.79299752,0.969097583,Midsouth,2020,10,0
2020-11-01,3.62905605,1.028903806,Midsouth,2020,11,0
2020-11-08,3.58129351,1.031252329,Midsouth,2020,11,0
2020-11-15,3.62239562,1.017461854,Midsouth,2020,11,0
2020-11-22,3.4022794,1.012530344,Midsouth,2020,11,0
2020-11-29,2.93095189,1.022916333,Midsouth,2020,11,0
2020-12-06,3.55277173,0.970873715,Midsouth,2020,12,0
2020-12-13,3.66752755,0.948745665,Midsouth,2020,12,0
2020-12-20,3.38600506,1.002747983,Midsouth,2020,12,0
2020-12-27,3.17369359,0.961857011,Midsouth,2020,12,0
2021-01-04,4.33656906,0.91054891,Midsouth,2021,1,0
2021-01-10,4.29102526,0.964635326,Midsouth,2021,1,0
2021-01-17,4.26338686,1.007753364,Midsouth,2021,1,0
2021-01-24,4.42545498,0.963670259,Midsouth,2021,1,0
2021-01-31,4.53299718,0.977609287,Midsouth,2021,1,0
2021-02-07,5.23733668,0.887153714,Midsouth,2021,2,1
2021-02-14,4.34816642,0.972658917,Midsouth,2021,2,1
2021-02-21,3.99643796,1.031891239,Midsouth,2021,2,1
2021-02-28,4.19839018,1.016403764,Midsouth,2021,2,1
2021-03-07,4.3624051,1.016598177,Midsouth,2021,3,1
2021-03-14,4.45326736,0.997474751,Midsouth,2021,3,1
2021-03-21,4.32493092,1.065293022,Midsouth,2021,3,1
2021-03-28,4.32199618,1.09828713,Midsouth,2021,3,1
2021-04-04,4.08612751,1.169739076,Midsouth,2021,4,1
2021-04-11,4.0151378,1.196665664,Midsouth,2021,4,1
2021-04-18,4.24988056,1.165997238,Midsouth,2021,4,1
2021-04-25,4.10131694,1.218851518,Midsouth,2021,4,1
2021-05-02,4.73852478,1.039808916,Midsouth,2021,5,1
2021-05-09,4.43438231,1.113133152,Midsouth,2021,5,1
2021-05-16,3.91169809,1.231560504,Midsouth,2021,5,1
2021-05-23,4.09396143,1.205209136,Midsouth,2021,5,1
2021-05-30,4.11218968,1.216073535,Midsouth,2021,5,1
2021-06-06,3.97178644,1.223526927,Midsouth,2021,6,1
2021-06-13,4.00961445,1.161762135,Midsouth,2021,6,1
2021-06-20,3.85028311,1.202456581,Midsouth,2021,6,1
2021-06-27,3.65537453,1.224626816,Midsouth,2021,6,1
2021-07-04,3.88810396,1.221518489,Midsouth,2021,7,1
2021-07-11,3.75281205,1.174045018,Midsouth,2021,7,1
2021-07-18,3.88926094,1.121232253,Midsouth,2021,7,1
2021-07-25,3.64761965,1.161968315,Midsouth,2021,7,1
2021-08-01,3.62053477,1.142426517,Midsouth,2021,8,0
2021-08-08,3.42745756,1.194462071,Midsouth,2021,8,0
2021-08-15,3.79438582,1.138388064,Midsouth,2021,8,0
2021-08-22,3.91082711,1.083140399,Midsouth,2021,8,0
2021-08-29,3.82146531,1.114383462,Midsouth,2021,8,0
