price_optimization/HAB_data_2015to2022.csv
date,units_sold,price,region,year,month,peak
2021-09-05,3.58041498,1.066124134,Midsouth,2021,9,0
2021-09-12,3.58584584,1.185512908,Midsouth,2021,9,0
2021-09-19,3.62981883,1.15735391,Midsouth,2021,9,0
2021-09-26,3.51693612,1.177712897,Midsouth,2021,9,0
2021-10-03,3.49667832,1.228716634,Midsouth,2021,10,0
2021-10-10,3.52548143,1.233400523,Midsouth,2021,10,0
2021-10-17,3.45656716,1.252231529,Midsouth,2021,10,0
2021-10-24,3.39119791,1.243735375,Midsouth,2021,10,0
2021-10-31,3.51853279,1.180864365,Midsouth,2021,10,0
2021-11-07,3.40838338,1.184130716,Midsouth,2021,11,0
2021-11-14,3.35759512,1.214519828,Midsouth,2021,11,0
2021-11-21,3.12216516,1.246354132,Midsouth,2021,11,0
2021-11-28,2.80879683,1.251872498,Midsouth,2021,11,0
2022-01-03,4.04040336,1.096527159,Midsouth,2022,1,0
2022-01-09,4.2635658,1.108097461,Midsouth,2022,1,0
2022-01-16,4.2429448,1.224143835,Midsouth,2022,1,0
2022-01-23,3.63437594,1.303678822,Midsouth,2022,1,0
2022-01-30,3.91561804,1.269750903,Midsouth,2022,1,0
2022-02-06,3.90325422,1.296830581,Midsouth,2022,2,1
2022-02-13,4.76817183,1.207536511,Midsouth,2022,2,1
2022-02-20,4.26138397,1.230383905,Midsouth,2022,2,1
2022-02-27,3.85430355,1.304508996,Midsouth,2022,2,1
2022-03-06,3.77432488,1.328973752,Midsouth,2022,3,1
2022-03-13,4.03070104,1.30995492,Midsouth,2022,3,1
2022-03-20,3.85925834,1.352512372,Midsouth,2022,3,1
2022-03-27,3.89990973,1.370550779,Midsouth,2022,3,1
2022-04-03,4.00222319,1.378254611,Midsouth,2022,4,1
2022-04-10,3.94420215,1.369831766,Midsouth,2022,4,1
2022-04-17,3.76226811,1.474938679,Midsouth,2022,4,1
2022-04-24,3.561182,1.503954305,Midsouth,2022,4,1
2022-05-01,4.215963,1.36027356,Midsouth,2022,5,1
2022-05-08,4.214279,1.411750148,Midsouth,2022,5,1
2022-05-15,3.542902,1.514582961,Midsouth,2022,5,1
