price_optimization/HAB_data_2015to2022.csv
date,units_sold,price,region,year,month,peak
2015-01-04,5.79441058,0.89,West,2015,1,0
2015-01-11,5.33309771,0.95,West,2015,1,0
2015-01-18,5.47536301,0.96,West,2015,1,0
2015-01-25,5.4613139,0.94,West,2015,1,0
2015-02-01,8.36250408,0.84,West,2015,2,1
2015-02-08,5.94984614,0.89,West,2015,2,1
2015-02-15,5.02668871,0.98,West,2015,2,1
2015-02-22,5.93940298,0.95,West,2015,2,1
2015-03-01,5.84074283,0.95,West,2015,3,1
2015-03-08,5.38269351,0.99,West,2015,3,1
2015-03-15,5.57258245,0.94,West,2015,3,1
2015-03-22,5.36833144,0.99,West,2015,3,1
2015-03-29,5.71989826,0.93,West,2015,3,1
2015-04-05,5.92971867,0.95,West,2015,4,1
2015-04-12,5.60947136,0.98,West,2015,4,1
2015-04-19,6.61242228,0.88,West,2015,4,1
2015-04-26,6.01331236,0.9,West,2015,4,1
2015-05-03,6.93709553,0.89,West,2015,5,1
2015-05-10,6.3237248,0.94,West,2015,5,1
2015-05-17,5.33899215,0.98,West,2015,5,1
2015-05-24,6.13915981,0.93,West,2015,5,1
2015-05-31,5.87498236,0.93,West,2015,5,1
2015-06-07,6.66922129,0.92,West,2015,6,1
2015-06-14,6.76000168,0.92,West,2015,6,1
2015-06-21,6.47895208,0.93,West,2015,6,1
2015-06-28,5.61775222,1.03,West,2015,6,1
2015-07-05,6.7490812,0.98,West,2015,7,1
2015-07-12,5.79150896,1.01,West,2015,7,1
2015-07-19,5.52529895,1.04,West,2015,7,1
2015-07-26,5.12658884,1.07,West,2015,7,1
2015-08-02,5.45104076,1.02,West,2015,8,0
2015-08-09,5.5314882,1.01,West,2015,8,0
2015-08-16,5.71813941,0.98,West,2015,8,0
2015-08-23,5.19757846,1.04,West,2015,8,0
2015-08-30,5.13825691,1.03,West,2015,8,0
2015-09-06,5.90075195,0.93,West,2015,9,0
2015-09-13,5.81126029,0.92,West,2015,9,0
2015-09-20,5.59609103,0.92,West,2015,9,0
2015-09-27,4.79286829,0.97,West,2015,9,0
2015-10-04,4.89548563,1,West,2015,10,0
2015-10-11,5.53445099,0.91,West,2015,10,0
2015-10-18,5.41353264,0.89,West,2015,10,0
2015-10-25,4.94583554,0.95,West,2015,10,0
2015-11-01,5.02485814,0.9,West,2015,11,0
2015-11-08,5.09483754,0.88,West,2015,11,0
2015-11-15,5.97249377,0.83,West,2015,11,0
2015-11-22,4.48199034,0.92,West,2015,11,0
2015-11-29,3.71960321,0.99,West,2015,11,0
2015-12-06,6.20251384,0.75,West,2015,12,0
2015-12-13,4.89943992,0.85,West,2015,12,0
2015-12-20,4.73764903,0.88,West,2015,12,0
2015-12-27,5.29197963,0.83,West,2015,12,0
2016-01-03,7.7077119,0.73,West,2016,1,0
2016-01-10,7.43825293,0.77,West,2016,1,0
2016-01-17,7.22157236,0.81,West,2016,1,0
2016-01-24,6.11810722,0.78,West,2016,1,0
2016-01-31,6.33195373,0.85,West,2016,1,0
2016-02-07,9.71843884,0.69,West,2016,2,1
2016-02-14,6.77472647,0.78,West,2016,2,1
2016-02-21,7.04762439,0.77,West,2016,2,1
2016-02-28,7.19389675,0.78,West,2016,2,1
2016-03-06,6.903293,0.8,West,2016,3,1
2016-03-13,6.72548324,0.81,West,2016,3,1
2016-03-20,6.93829462,0.78,West,2016,3,1
2016-03-27,7.08139902,0.78,West,2016,3,1
2016-04-03,6.64573899,0.79,West,2016,4,1
2016-04-10,7.27584254,0.79,West,2016,4,1
2016-04-17,7.59247398,0.77,West,2016,4,1
2016-04-24,6.7461748,0.78,West,2016,4,1
2016-05-01,7.15830084,0.79,West,2016,5,1
2016-05-08,8.70685944,0.75,West,2016,5,1
2016-05-15,7.48662203,0.77,West,2016,5,1
2016-05-22,6.64211152,0.83,West,2016,5,1
2016-05-29,7.56813239,0.79,West,2016,5,1
2016-06-05,7.63742402,0.82,West,2016,6,1
2016-06-12,6.21604013,0.92,West,2016,6,1
2016-06-19,6.96484592,0.86,West,2016,6,1
2016-06-26,6.86224103,0.87,West,2016,6,1
2016-07-03,6.81764313,0.97,West,2016,7,1
2016-07-10,6.48736271,1.01,West,2016,7,1
2016-07-17,5.78737841,1.02,West,2016,7,1
2016-07-24,5.55604302,1.08,West,2016,7,1
2016-07-31,5.46379979,1.1,West,2016,7,1
2016-08-07,6.59676924,0.95,West,2016,8,0
2016-08-14,6.12706042,1,West,2016,8,0
2016-08-21,6.29016489,0.93,West,2016,8,0
2016-08-28,6.11418788,0.96,West,2016,8,0
2016-09-04,6.67670206,0.92,West,2016,9,0
2016-09-11,6.09777955,0.96,West,2016,9,0
2016-09-18,5.47412164,1.04,West,2016,9,0
2016-09-25,5.33813299,1.08,West,2016,9,0
2016-10-02,6.07958747,1.03,West,2016,10,0
2016-10-09,5.37479725,1.13,West,2016,10,0
2016-10-16,5.30822544,1.15,West,2016,10,0
2016-10-23,4.76001822,1.17,West,2016,10,0
2016-10-30,3.85243962,1.26,West,2016,10,0
2016-11-06,4.24570235,1.26,West,2016,11,0
2016-11-13,4.86409995,1.18,West,2016,11,0
2016-11-20,4.94437381,1.1,West,2016,11,0
2016-11-27,4.18755098,1.09,West,2016,11,0
2016-12-04,5.91953249,0.93,West,2016,12,0
2016-12-11,6.64883368,0.84,West,2016,12,0
2016-12-18,5.61842948,0.88,West,2016,12,0
2016-12-25,5.72007958,0.92,West,2016,12,0
2017-01-01,7.36092584,0.79,West,2017,1,0
2017-01-08,7.43237614,0.86,West,2017,1,0
2017-01-15,7.44937427,0.85,West,2017,1,0
2017-01-22,7.87614738,0.82,West,2017,1,0
2017-01-29,7.56159072,0.85,West,2017,1,0
2017-02-05,11.27474911,0.66,West,2017,2,1
2017-02-12,7.58935736,0.76,West,2017,2,1
2017-02-19,6.85230451,0.88,West,2017,2,1
2017-02-26,6.92873697,0.86,West,2017,2,1
2017-03-05,6.66789616,0.96,West,2017,3,1
2017-03-12,7.04068356,0.94,West,2017,3,1
2017-03-19,6.24238113,1.04,West,2017,3,1
2017-03-26,6.68054039,1,West,2017,3,1
2017-04-02,6.44282051,1.05,West,2017,4,1
2017-04-09,6.77420048,1,West,2017,4,1
2017-04-16,7.01266519,1.02,West,2017,4,1
2017-04-23,6.82210927,0.96,West,2017,4,1
2017-04-30,6.99858219,0.98,West,2017,4,1
2017-05-07,8.54590875,0.94,West,2017,5,1
2017-05-14,7.14362499,1.01,West,2017,5,1
2017-05-21,6.50549928,1.06,West,2017,5,1
2017-05-28,6.9559888,1.07,West,2017,5,1
2017-06-04,6.92774515,1.07,West,2017,6,1
2017-06-11,7.13876683,1.02,West,2017,6,1
2017-06-18,7.18720064,1.02,West,2017,6,1
2017-06-25,6.92919397,1.05,West,2017,6,1
2017-07-02,7.02007649,1.07,West,2017,7,1
2017-07-09,8.38991804,0.95,West,2017,7,1
2017-07-16,5.52948717,1.28,West,2017,7,1
2017-07-23,6.31128051,1.18,West,2017,7,1
2017-07-30,5.68835724,1.25,West,2017,7,1
2017-08-06,5.54841044,1.32,West,2017,8,0
2017-08-13,5.30487315,1.34,West,2017,8,0
2017-08-20,5.65342962,1.3,West,2017,8,0
2017-08-27,5.32893406,1.31,West,2017,8,0
2017-09-03,4.36908947,1.53,West,2017,9,0
2017-09-10,4.28159313,1.56,West,2017,9,0
2017-09-17,4.18122681,1.53,West,2017,9,0
2017-09-24,3.84268236,1.59,West,2017,9,0
2017-10-01,4.01447731,1.57,West,2017,10,0
2017-10-08,3.92768807,1.62,West,2017,10,0
2017-10-15,4.41387667,1.43,West,2017,10,0
2017-10-22,4.76913817,1.31,West,2017,10,0
2017-10-29,5.13098278,1.23,West,2017,10,0
2017-11-05,6.41714395,1.06,West,2017,11,0
2017-11-12,6.182298,1.01,West,2017,11,0
2017-11-19,5.303858,1.04,West,2017,11,0
2017-11-26,4.18273,1.18,West,2017,11,0
2017-12-03,6.288493,0.98,West,2017,12,0
2017-12-10,5.93612203,0.96,West,2017,12,0
2017-12-17,5.00752313,1.05,West,2017,12,0
2017-12-24,5.11687657,1.1,West,2017,12,0
2017-12-31,6.33063455,0.94,West,2017,12,0
2018-01-01,6.33063455,0.94,West,2018,1,0
2018-01-07,6.35876895,1.08,West,2018,1,0
2018-01-14,7.57745614,1.05,West,2018,1,0
2018-01-21,7.05382012,1.04,West,2018,1,0
2018-01-28,7.00726531,1.01,West,2018,1,0
2018-02-04,10.56505641,0.83,West,2018,2,1
2018-02-11,7.46349479,0.93,West,2018,2,1
2018-02-18,6.78310602,0.98,West,2018,2,1
2018-02-25,7.40845131,0.97,West,2018,2,1
2018-03-04,7.37149876,0.96,West,2018,3,1
2018-03-11,6.9064125,1,West,2018,3,1
2018-03-18,7.25494065,0.99,West,2018,3,1
2018-03-25,7.66706446,0.93,West,2018,3,1
2018-04-01,6.9979632,1.06,West,2018,4,1
2018-04-08,8.4020438,0.94,West,2018,4,1
2018-04-15,7.46559869,0.98,West,2018,4,1
2018-04-22,7.72681922,1.01,West,2018,4,1
2018-04-29,7.4064618,1.05,West,2018,4,1
2018-05-06,9.97925396,0.91,West,2018,5,1
2018-05-13,7.9845136,0.98,West,2018,5,1
2018-05-20,8.03722862,0.95,West,2018,5,1
2018-05-27,7.91031569,1.01,West,2018,5,1
2018-06-03,7.55780156,1.02,West,2018,6,1
2018-06-10,8.19771428,0.92,West,2018,6,1
2018-06-17,7.07148465,1.03,West,2018,6,1
2018-06-24,7.89282719,0.97,West,2018,6,1
2018-07-01,7.40668406,1.05,West,2018,7,1
2018-07-08,7.68472909,1.04,West,2018,7,1
2018-07-15,7.25526245,1.05,West,2018,7,1
2018-07-22,7.24412753,1.09,West,2018,7,1
2018-07-29,6.94799127,1.11,West,2018,7,1
2018-08-05,7.0907196,1.1,West,2018,8,0
2018-08-12,7.1916155,1.08,West,2018,8,0
2018-08-19,7.08183569,1.11,West,2018,8,0
2018-08-26,5.92662578,1.23,West,2018,8,0
2018-09-02,5.80100894,1.27,West,2018,9,0
2018-09-09,5.8425532,1.26,West,2018,9,0
2018-09-16,5.64438896,1.23,West,2018,9,0
2018-09-23,5.52052337,1.24,West,2018,9,0
2018-09-30,5.68097841,1.19,West,2018,9,0
2018-10-07,6.34460024,1.08,West,2018,10,0
2018-10-14,5.71829559,1.15,West,2018,10,0
2018-10-21,5.62857828,1.13,West,2018,10,0
2018-10-28,6.12104385,1.03,West,2018,10,0
2018-11-04,6.69608952,1.01,West,2018,11,0
2018-11-11,6.44017357,1.02,West,2018,11,0
2018-11-18,4.73392411,1.18,West,2018,11,0
2018-11-25,3.26010217,1.24,West,2018,11,0
2018-12-02,4.59486386,1.2,West,2018,12,0
2019-01-07,6.47496588,1.061509978,West,2019,1,0
2019-01-13,7.13892173,0.990331332,West,2019,1,0
2019-01-20,6.63756453,1.01140236,West,2019,1,0
2019-01-27,6.67484303,1.062718876,West,2019,1,0
2019-02-03,8.94400292,0.891480618,West,2019,2,1
2019-02-10,7.06030426,0.948601017,West,2019,2,1
2019-02-17,6.25402072,0.967546339,West,2019,2,1
2019-02-24,6.36586229,1.026230242,West,2019,2,1
2019-03-03,6.65140603,1.003937632,West,2019,3,1
2019-03-10,6.73889118,1.010617709,West,2019,3,1
2019-03-17,6.76844512,1.018564571,West,2019,3,1
2019-03-24,7.13620372,0.975266155,West,2019,3,1
2019-03-31,6.74512237,0.990830178,West,2019,3,1
2019-04-07,7.50462896,0.970668252,West,2019,4,1
2019-04-14,6.73073856,1.065845605,West,2019,4,1
2019-04-21,5.84102669,1.258074499,West,2019,4,1
2019-04-28,5.01622647,1.417190282,West,2019,4,1
2019-05-05,7.74117455,1.211184534,West,2019,5,1
2019-05-12,6.34993204,1.293079333,West,2019,5,1
2019-05-19,5.24667804,1.353209385,West,2019,5,1
2019-05-26,6.0931605,1.303853526,West,2019,5,1
2019-06-02,6.81570082,1.172042452,West,2019,6,1
2019-06-09,6.37410513,1.200925272,West,2019,6,1
2019-06-16,5.63966644,1.376105851,West,2019,6,1
2019-06-23,5.46357349,1.417181194,West,2019,6,1
2019-06-30,5.21426786,1.47524742,West,2019,6,1
2019-07-07,5.57566389,1.568881783,West,2019,7,1
2019-07-14,4.80914885,1.639644758,West,2019,7,1
2019-07-21,4.67673826,1.648013111,West,2019,7,1
2019-07-28,4.80270844,1.56590719,West,2019,7,1
2019-08-04,5.16054321,1.46744793,West,2019,8,0
2019-08-11,5.47521202,1.391171616,West,2019,8,0
2019-08-18,5.56875388,1.365766885,West,2019,8,0
2019-08-25,5.11295133,1.403174693,West,2019,8,0
2019-09-01,5.42994913,1.345603196,West,2019,9,0
2019-09-08,5.21131067,1.393411936,West,2019,9,0
2019-09-15,5.53707114,1.270155264,West,2019,9,0
2019-09-22,5.19209724,1.270679166,West,2019,9,0
2019-09-29,5.77134554,1.183475971,West,2019,9,0
2019-10-06,5.54298055,1.177561272,West,2019,10,0
2019-10-13,5.16686565,1.189348476,West,2019,10,0
2019-10-20,5.45972376,1.1560042,West,2019,10,0
2019-10-27,5.63871058,1.089201026,West,2019,10,0
2019-11-03,5.4394172,1.089857961,West,2019,11,0
2019-11-10,5.70691497,1.086162073,West,2019,11,0
2019-11-17,5.87558217,1.056469635,West,2019,11,0
2019-11-24,5.49010685,1.032471627,West,2019,11,0
2019-12-01,4.489013,1.081314785,West,2019,12,0
2019-12-08,6.10394463,0.956465335,West,2019,12,0
2019-12-15,5.51477832,1.014709019,West,2019,12,0
2019-12-22,5.26946669,1.077999635,West,2019,12,0
2019-12-29,5.77024882,0.958461134,West,2019,12,0
2020-01-06,6.7867163,0.972386505,West,2020,1,0
2020-01-12,6.98190372,0.990179903,West,2020,1,0
2020-01-19,7.53081134,0.880892929,West,2020,1,0
2020-01-26,6.03408146,1.075660618,West,2020,1,0
2020-02-02,8.38912649,0.927086895,West,2020,2,1
2020-02-09,6.99461134,0.975746932,West,2020,2,1
2020-02-16,6.65556607,1.025906183,West,2020,2,1
2020-02-23,7.0346184,0.99851413,West,2020,2,1
2020-03-01,6.52482264,1.091929467,West,2020,3,1
2020-03-08,6.48146879,1.167515434,West,2020,3,1
2020-03-15,7.64261504,1.17554922,West,2020,3,1
2020-03-22,7.4685087,1.157940733,West,2020,3,1
2020-03-29,6.41068545,1.253190744,West,2020,3,1
2020-04-05,7.19170375,1.185280617,West,2020,4,1
2020-04-12,7.16556194,1.241013725,West,2020,4,1
2020-04-19,7.34577321,1.165496306,West,2020,4,1
2020-04-26,7.89897421,1.119726229,West,2020,4,1
2020-05-03,8.92754057,1.072651564,West,2020,5,1
2020-05-10,8.96789453,1.068356975,West,2020,5,1
2020-05-17,7.49673966,1.139735342,West,2020,5,1
2020-05-24,8.49028199,1.081055721,West,2020,5,1
2020-05-31,8.25261788,1.051615707,West,2020,5,1
2020-06-07,7.69835297,1.110598058,West,2020,6,1
2020-06-14,8.16035522,1.032384896,West,2020,6,1
2020-06-21,8.16650231,1.027120803,West,2020,6,1
2020-06-28,7.28408937,1.104070654,West,2020,6,1
2020-07-05,7.96308726,1.114640339,West,2020,7,1
2020-07-12,7.82359113,1.042998966,West,2020,7,1
2020-07-19,7.85510362,1.017136985,West,2020,7,1
2020-07-26,7.6093146,1.013732022,West,2020,7,1
2020-08-02,7.50472963,1.021710347,West,2020,8,0
2020-08-09,7.65689662,1.048356267,West,2020,8,0
2020-08-16,7.39929033,1.046849855,West,2020,8,0
2020-08-23,7.03156919,1.084796069,West,2020,8,0
2020-08-30,7.65366928,0.996137739,West,2020,8,0
2020-09-06,7.81050005,0.996264836,West,2020,9,0
2020-09-13,7.03283412,1.012355878,West,2020,9,0
2020-09-20,7.42588109,0.974594327,West,2020,9,0
2020-09-27,7.09950821,1.020335177,West,2020,9,0
2020-10-04,7.18197525,0.996236766,West,2020,10,0
2020-10-11,6.89977073,1.030813486,West,2020,10,0
2020-10-18,7.31075814,0.920080741,West,2020,10,0
2020-10-25,6.94195623,0.922152424,West,2020,10,0
2020-11-01,6.89129839,0.93703981,West,2020,11,0
2020-11-08,7.14582081,0.922671698,West,2020,11,0
2020-11-15,6.98023385,0.951884757,West,2020,11,0
2020-11-22,6.58012755,0.916284544,West,2020,11,0
2020-11-29,5.26095162,0.955030031,West,2020,11,0
2020-12-06,6.48997617,0.917493796,West,2020,12,0
2020-12-13,6.95512781,0.856205651,West,2020,12,0
2020-12-20,6.23515208,0.923258519,West,2020,12,0
2020-12-27,5.84281177,0.943054526,West,2020,12,0
2021-01-04,8.50350975,0.7905318,West,2021,1,0
2021-01-10,8.0235659,0.892147703,West,2021,1,0
2021-01-17,8.09625658,0.884671285,West,2021,1,0
2021-01-24,7.94726585,0.884062601,West,2021,1,0
2021-01-31,8.11690517,0.880769133,West,2021,1,0
2021-02-07,9.25198935,0.833757547,West,2021,2,1
2021-02-14,7.72153139,0.883461075,West,2021,2,1
2021-02-21,7.3775631,0.926684584,West,2021,2,1
2021-02-28,7.91517844,0.861207117,West,2021,2,1
2021-03-07,7.72556014,0.935992333,West,2021,3,1
2021-03-14,7.64624089,0.98247603,West,2021,3,1
2021-03-21,7.26957729,0.968368697,West,2021,3,1
2021-03-28,7.46490243,1.044581274,West,2021,3,1
2021-04-04,6.94456642,1.188271405,West,2021,4,1
2021-04-11,6.57650818,1.184042473,West,2021,4,1
2021-04-18,6.97155893,1.170043839,West,2021,4,1
2021-04-25,6.86514371,1.162193523,West,2021,4,1
2021-05-02,7.53256667,1.071448238,West,2021,5,1
2021-05-09,7.32134021,1.148320012,West,2021,5,1
2021-05-16,7.37387382,1.06352922,West,2021,5,1
2021-05-23,6.88556063,1.107895424,West,2021,5,1
2021-05-30,6.7644689,1.176863401,West,2021,5,1
2021-06-06,6.99816687,1.144910813,West,2021,6,1
2021-06-13,7.01475167,1.11470792,West,2021,6,1
2021-06-20,7.3280498,1.099244584,West,2021,6,1
2021-06-27,7.47614275,1.055639824,West,2021,6,1
2021-07-04,7.81755149,1.059075699,West,2021,7,1
2021-07-11,7.72373463,1.011036251,West,2021,7,1
2021-07-18,7.1813804,1.045221877,West,2021,7,1
2021-07-25,7.21587007,1.050578071,West,2021,7,1
2021-08-01,6.77587934,1.063984933,West,2021,8,0
2021-08-08,7.24585727,1.023523259,West,2021,8,0
2021-08-15,7.00599716,1.046698842,West,2021,8,0
2021-08-22,6.3930525,1.100069979,West,2021,8,0
2021-08-29,7.26946424,0.990021177,West,2021,8,0
2021-09-05,7.22898033,1.017960271,West,2021,9,0
2021-09-12,6.31550075,1.132014166,West,2021,9,0
2021-09-19,6.1684232,1.121760238,West,2021,9,0
2021-09-26,6.5636007,1.074593848,West,2021,9,0
2021-10-03,6.60211469,1.069697526,West,2021,10,0
2021-10-10,5.94799628,1.176708562,West,2021,10,0
2021-10-17,5.93823023,1.161890384,West,2021,10,0
2021-10-24,6.44463759,1.086419863,West,2021,10,0
2021-10-31,6.12101757,1.091511137,West,2021,10,0
2021-11-07,6.49002719,1.087259234,West,2021,11,0
2021-11-14,6.37391733,1.113259794,West,2021,11,0
2021-11-21,5.807114,1.14383417,West,2021,11,0
2021-11-28,4.74997904,1.199155925,West,2021,11,0
2022-01-03,7.03600557,1.026909176,West,2022,1,0
2022-01-09,6.88636802,1.133430678,West,2022,1,0
2022-01-16,6.60777093,1.287942031,West,2022,1,0
2022-01-23,6.79290722,1.216607247,West,2022,1,0
2022-01-30,6.70334671,1.241857783,West,2022,1,0
2022-02-06,7.0223,1.264563632,West,2022,2,1
2022-02-13,8.46081944,1.227213998,West,2022,2,1
2022-02-20,7.05544525,1.250024863,West,2022,2,1
2022-02-27,6.39985902,1.30704144,West,2022,2,1
2022-03-06,6.27177849,1.385247336,West,2022,3,1
2022-03-13,6.11473433,1.37636794,West,2022,3,1
2022-03-20,6.18978769,1.38507955,West,2022,3,1
2022-03-27,6.38624972,1.413915264,West,2022,3,1
2022-04-03,6.66073285,1.353277698,West,2022,4,1
2022-04-10,6.83204868,1.328755118,West,2022,4,1
2022-04-17,6.30576941,1.454468635,West,2022,4,1
2022-04-24,5.539767,1.52294907,West,2022,4,1
2022-05-01,6.904558,1.456067716,West,2022,5,1
2022-05-08,6.517684,1.472109725,West,2022,5,1
2022-05-15,5.625326,1.546668762,West,2022,5,1
2015-01-04,3.20411216,0.98,Southeast,2015,1,0
2015-01-11,2.43329561,1.18,Southeast,2015,1,0
2015-01-18,2.59578366,1.19,Southeast,2015,1,0
2015-01-25,2.77800082,1.15,Southeast,2015,1,0
2015-02-01,4.92404979,0.93,Southeast,2015,2,1
2015-02-08,2.57397363,1.11,Southeast,2015,2,1
2015-02-15,2.55856378,1.16,Southeast,2015,2,1
2015-02-22,2.79619576,1.11,Southeast,2015,2,1
2015-03-01,3.63317413,1.01,Southeast,2015,3,1
2015-03-08,2.64258173,1.18,Southeast,2015,3,1
2015-03-15,2.60234155,1.21,Southeast,2015,3,1
2015-03-22,3.86745383,0.98,Southeast,2015,3,1
2015-03-29,2.55892523,1.16,Southeast,2015,3,1
2015-04-05,3.14045617,1.08,Southeast,2015,4,1
2015-04-12,3.78150491,1,Southeast,2015,4,1
2015-04-19,2.85715651,1.14,Southeast,2015,4,1
2015-04-26,3.01122549,1.16,Southeast,2015,4,1
2015-05-03,4.98627076,0.97,Southeast,2015,5,1
2015-05-10,2.9637778,1.17,Southeast,2015,5,1
2015-05-17,2.93617363,1.15,Southeast,2015,5,1
2015-05-24,4.29851496,1,Southeast,2015,5,1
2015-05-31,2.88450774,1.17,Southeast,2015,5,1
2015-06-07,4.00312177,0.99,Southeast,2015,6,1
2015-06-14,3.02182581,1.15,Southeast,2015,6,1
2015-06-21,4.01938471,0.97,Southeast,2015,6,1
2015-06-28,3.02604811,1.14,Southeast,2015,6,1
