price_optimization/HAB_data_2015to2022.csv
date,units_sold,price,region,year,month,peak
2015-07-05,4.29528016,0.99,Southeast,2015,7,1
2015-07-12,2.74874596,1.17,Southeast,2015,7,1
2015-07-19,3.81095039,0.99,Southeast,2015,7,1
2015-07-26,2.74294966,1.15,Southeast,2015,7,1
2015-08-02,2.67463313,1.18,Southeast,2015,8,0
2015-08-09,3.80485111,1,Southeast,2015,8,0
2015-08-16,2.76639111,1.16,Southeast,2015,8,0
2015-08-23,2.58070547,1.16,Southeast,2015,8,0
2015-08-30,2.5446305,1.19,Southeast,2015,8,0
2015-09-06,3.75071449,0.97,Southeast,2015,9,0
2015-09-13,2.48665471,1.15,Southeast,2015,9,0
2015-09-20,3.49641209,0.96,Southeast,2015,9,0
2015-09-27,2.31405746,1.17,Southeast,2015,9,0
2015-10-04,3.25965928,0.98,Southeast,2015,10,0
2015-10-11,3.17982467,0.97,Southeast,2015,10,0
2015-10-18,2.27463859,1.15,Southeast,2015,10,0
2015-10-25,2.21171676,1.16,Southeast,2015,10,0
2015-11-01,3.22704919,0.98,Southeast,2015,11,0
2015-11-08,2.1977637,1.16,Southeast,2015,11,0
2015-11-15,2.2426882,1.16,Southeast,2015,11,0
2015-11-22,2.66755184,0.98,Southeast,2015,11,0
2015-11-29,2.61582804,0.97,Southeast,2015,11,0
2015-12-06,2.20555058,1.13,Southeast,2015,12,0
2015-12-13,3.0425882,0.96,Southeast,2015,12,0
2015-12-20,2.20630507,1.12,Southeast,2015,12,0
2015-12-27,3.02495605,0.98,Southeast,2015,12,0
2016-01-03,3.28045138,1.06,Southeast,2016,1,0
2016-01-10,4.13219154,0.93,Southeast,2016,1,0
2016-01-17,2.91381018,1.09,Southeast,2016,1,0
2016-01-24,3.89584489,0.9,Southeast,2016,1,0
2016-01-31,3.31810953,1.02,Southeast,2016,1,0
2016-02-07,6.84721872,0.62,Southeast,2016,2,1
2016-02-14,3.23433823,0.98,Southeast,2016,2,1
2016-02-21,3.06878609,1.04,Southeast,2016,2,1
2016-02-28,4.74005022,0.84,Southeast,2016,2,1
2016-03-06,3.16123111,1.07,Southeast,2016,3,1
2016-03-13,4.68850205,0.88,Southeast,2016,3,1
2016-03-20,3.30440062,1.05,Southeast,2016,3,1
2016-03-27,3.24224567,1.05,Southeast,2016,3,1
2016-04-03,3.50722618,1.04,Southeast,2016,4,1
2016-04-10,4.79290732,0.86,Southeast,2016,4,1
2016-04-17,3.67326093,1.01,Southeast,2016,4,1
2016-04-24,5.06246454,0.84,Southeast,2016,4,1
2016-05-01,6.41522814,0.75,Southeast,2016,5,1
2016-05-08,4.65154006,0.86,Southeast,2016,5,1
2016-05-15,5.00210224,0.82,Southeast,2016,5,1
2016-05-22,3.41606207,1.05,Southeast,2016,5,1
2016-05-29,4.82948703,0.92,Southeast,2016,5,1
2016-06-05,4.56374514,0.91,Southeast,2016,6,1
2016-06-12,3.39371237,1.07,Southeast,2016,6,1
2016-06-19,4.66553674,0.94,Southeast,2016,6,1
2016-06-26,3.61936421,1.09,Southeast,2016,6,1
2016-07-03,5.43281658,0.91,Southeast,2016,7,1
2016-07-10,3.64686894,1.1,Southeast,2016,7,1
2016-07-17,3.40814271,1.15,Southeast,2016,7,1
2016-07-24,3.38173273,1.17,Southeast,2016,7,1
2016-07-31,3.32910894,1.18,Southeast,2016,7,1
2016-08-07,3.41932648,1.18,Southeast,2016,8,0
2016-08-14,4.23067467,1.09,Southeast,2016,8,0
2016-08-21,3.71688669,1.11,Southeast,2016,8,0
2016-08-28,3.58002243,1.11,Southeast,2016,8,0
2016-09-04,4.80427906,0.96,Southeast,2016,9,0
2016-09-11,3.43169841,1.08,Southeast,2016,9,0
2016-09-18,3.40399922,1.11,Southeast,2016,9,0
2016-09-25,3.26616145,1.32,Southeast,2016,9,0
2016-10-02,3.10695274,1.38,Southeast,2016,10,0
2016-10-09,2.88513833,1.37,Southeast,2016,10,0
2016-10-16,3.23302942,1.24,Southeast,2016,10,0
2016-10-23,2.70487568,1.43,Southeast,2016,10,0
2016-10-30,2.50255263,1.44,Southeast,2016,10,0
2016-11-06,2.59099785,1.44,Southeast,2016,11,0
2016-11-13,2.81988875,1.37,Southeast,2016,11,0
2016-11-20,2.67042559,1.38,Southeast,2016,11,0
2016-11-27,2.40819934,1.39,Southeast,2016,11,0
2016-12-04,3.9415122,0.99,Southeast,2016,12,0
2016-12-11,2.64813547,1.21,Southeast,2016,12,0
2016-12-18,3.41341059,0.96,Southeast,2016,12,0
2016-12-25,3.72210233,0.94,Southeast,2016,12,0
2017-01-01,4.65589695,0.94,Southeast,2017,1,0
2017-01-08,3.51213109,1.17,Southeast,2017,1,0
2017-01-15,3.84313976,1.17,Southeast,2017,1,0
2017-01-22,4.99270164,0.97,Southeast,2017,1,0
2017-01-29,4.14371222,1.12,Southeast,2017,1,0
2017-02-05,7.54593897,0.81,Southeast,2017,2,1
2017-02-12,4.5842456,0.91,Southeast,2017,2,1
2017-02-19,3.178563,1.14,Southeast,2017,2,1
2017-02-26,3.78008191,1.09,Southeast,2017,2,1
2017-03-05,3.07885636,1.39,Southeast,2017,3,1
2017-03-12,3.13078467,1.45,Southeast,2017,3,1
2017-03-19,3.16836837,1.45,Southeast,2017,3,1
2017-03-26,3.14934904,1.52,Southeast,2017,3,1
2017-04-02,3.28906945,1.49,Southeast,2017,4,1
2017-04-09,3.25790193,1.41,Southeast,2017,4,1
2017-04-16,3.41823557,1.37,Southeast,2017,4,1
2017-04-23,3.50323608,1.39,Southeast,2017,4,1
2017-04-30,4.6982668,1.24,Southeast,2017,4,1
2017-05-07,5.39171788,1.14,Southeast,2017,5,1
2017-05-14,3.56084176,1.36,Southeast,2017,5,1
2017-05-21,3.60937795,1.38,Southeast,2017,5,1
2017-05-28,3.91690869,1.38,Southeast,2017,5,1
2017-06-04,4.23722191,1.34,Southeast,2017,6,1
2017-06-11,4.15101669,1.33,Southeast,2017,6,1
2017-06-18,3.40445777,1.35,Southeast,2017,6,1
2017-06-25,3.66694413,1.28,Southeast,2017,6,1
2017-07-02,3.97926402,1.33,Southeast,2017,7,1
2017-07-09,3.49199163,1.32,Southeast,2017,7,1
2017-07-16,3.51627638,1.36,Southeast,2017,7,1
2017-07-23,3.58036385,1.36,Southeast,2017,7,1
2017-07-30,3.26664669,1.38,Southeast,2017,7,1
2017-08-06,3.28286406,1.41,Southeast,2017,8,0
2017-08-13,3.65463349,1.42,Southeast,2017,8,0
2017-08-20,3.11316481,1.52,Southeast,2017,8,0
2017-08-27,3.00544553,1.54,Southeast,2017,8,0
2017-09-03,3.0499315,1.7,Southeast,2017,9,0
2017-09-10,2.70700549,1.61,Southeast,2017,9,0
2017-09-17,2.81659079,1.66,Southeast,2017,9,0
2017-09-24,2.76106755,1.72,Southeast,2017,9,0
2017-10-01,2.7555466,1.82,Southeast,2017,10,0
2017-10-08,3.07218468,1.72,Southeast,2017,10,0
2017-10-15,2.89673211,1.71,Southeast,2017,10,0
2017-10-22,3.13390668,1.54,Southeast,2017,10,0
2017-10-29,3.85664375,1.23,Southeast,2017,10,0
2017-11-05,3.19405994,1.34,Southeast,2017,11,0
2017-11-12,3.422495,1.28,Southeast,2017,11,0
2017-11-19,3.446284,1.2,Southeast,2017,11,0
2017-11-26,2.743409,1.32,Southeast,2017,11,0
2017-12-03,3.452207,1.21,Southeast,2017,12,0
2017-12-10,4.09125798,1.02,Southeast,2017,12,0
2017-12-17,3.75192763,1.01,Southeast,2017,12,0
2017-12-24,3.07784309,1.31,Southeast,2017,12,0
2017-12-31,4.65110762,1.08,Southeast,2017,12,0
2018-01-01,4.65110762,1.08,Southeast,2018,1,0
2018-01-07,4.54475092,1.14,Southeast,2018,1,0
2018-01-14,4.19899214,1.31,Southeast,2018,1,0
2018-01-21,4.95405933,1.14,Southeast,2018,1,0
2018-01-28,4.19997424,1.27,Southeast,2018,1,0
2018-02-04,7.51641507,0.95,Southeast,2018,2,1
2018-02-11,5.14131045,0.97,Southeast,2018,2,1
2018-02-18,4.08288798,1.23,Southeast,2018,2,1
2018-02-25,4.30256108,1.23,Southeast,2018,2,1
2018-03-04,5.05485662,1.12,Southeast,2018,3,1
2018-03-11,5.23919871,1.1,Southeast,2018,3,1
2018-03-18,5.27875232,1.07,Southeast,2018,3,1
2018-03-25,4.4549044,1.23,Southeast,2018,3,1
2018-04-01,4.69611669,1.19,Southeast,2018,4,1
2018-04-08,4.78700761,1.15,Southeast,2018,4,1
2018-04-15,5.72665404,1.04,Southeast,2018,4,1
2018-04-22,4.73696536,1.18,Southeast,2018,4,1
2018-04-29,5.99847173,1.06,Southeast,2018,4,1
2018-05-06,7.81047462,0.91,Southeast,2018,5,1
2018-05-13,4.97382265,1.13,Southeast,2018,5,1
2018-05-20,5.57136328,1.05,Southeast,2018,5,1
2018-05-27,5.1011635,1.14,Southeast,2018,5,1
2018-06-03,5.7199879,1.07,Southeast,2018,6,1
2018-06-10,4.99369903,1.15,Southeast,2018,6,1
2018-06-17,5.85733721,1.06,Southeast,2018,6,1
2018-06-24,5.01988869,1.15,Southeast,2018,6,1
2018-07-01,6.21751125,0.97,Southeast,2018,7,1
2018-07-08,5.153587,1.12,Southeast,2018,7,1
2018-07-15,5.03038208,1.15,Southeast,2018,7,1
2018-07-22,4.87758761,1.17,Southeast,2018,7,1
2018-07-29,4.56204355,1.2,Southeast,2018,7,1
2018-08-05,4.70296631,1.19,Southeast,2018,8,0
2018-08-12,4.79995901,1.16,Southeast,2018,8,0
2018-08-19,4.8890352,1.15,Southeast,2018,8,0
2018-08-26,4.26191574,1.32,Southeast,2018,8,0
2018-09-02,4.33370787,1.33,Southeast,2018,9,0
2018-09-09,4.12576221,1.26,Southeast,2018,9,0
2018-09-16,5.43625333,1.04,Southeast,2018,9,0
2018-09-23,3.89166338,1.2,Southeast,2018,9,0
2018-09-30,5.36796318,1,Southeast,2018,9,0
2018-10-07,4.11246232,1.18,Southeast,2018,10,0
2018-10-14,5.17355511,0.98,Southeast,2018,10,0
2018-10-21,3.65601659,1.17,Southeast,2018,10,0
2018-10-28,5.85298204,0.83,Southeast,2018,10,0
2018-11-04,5.30417867,0.95,Southeast,2018,11,0
2018-11-11,4.01330621,1.13,Southeast,2018,11,0
2018-11-18,3.57182758,1.12,Southeast,2018,11,0
2018-11-25,2.825853,1.14,Southeast,2018,11,0
2018-12-02,3.66057844,1.13,Southeast,2018,12,0
2019-01-07,4.50716526,1.082463926,Southeast,2019,1,0
2019-01-13,5.28213953,0.984844346,Southeast,2019,1,0
2019-01-20,4.66103098,1.035889564,Southeast,2019,1,0
2019-01-27,5.45415519,0.979619736,Southeast,2019,1,0
2019-02-03,6.5054782,0.905889726,Southeast,2019,2,1
2019-02-10,5.30706112,0.906973911,Southeast,2019,2,1
2019-02-17,5.04461337,0.961481027,Southeast,2019,2,1
2019-02-24,4.44420046,1.056055672,Southeast,2019,2,1
2019-03-03,5.26975971,0.987777097,Southeast,2019,3,1
2019-03-10,4.59319089,1.057211396,Southeast,2019,3,1
2019-03-17,5.42338328,0.962638168,Southeast,2019,3,1
2019-03-24,4.51598539,1.073573442,Southeast,2019,3,1
2019-03-31,5.26498803,0.98124305,Southeast,2019,3,1
2019-04-07,4.85033787,1.037781977,Southeast,2019,4,1
2019-04-14,4.46255934,1.244170153,Southeast,2019,4,1
2019-04-21,4.02642437,1.3709884,Southeast,2019,4,1
2019-04-28,4.00020497,1.403996521,Southeast,2019,4,1
2019-05-05,5.19389145,1.348573642,Southeast,2019,5,1
2019-05-12,4.29289544,1.282998601,Southeast,2019,5,1
2019-05-19,4.0800059,1.327157624,Southeast,2019,5,1
2019-05-26,4.29915403,1.299051334,Southeast,2019,5,1
2019-06-02,4.33789005,1.262993016,Southeast,2019,6,1
2019-06-09,4.32646455,1.275045539,Southeast,2019,6,1
2019-06-16,4.0038572,1.336220091,Southeast,2019,6,1
2019-06-23,3.8323249,1.44868114,Southeast,2019,6,1
2019-06-30,3.87862763,1.440055011,Southeast,2019,6,1
2019-07-07,3.8580447,1.476988587,Southeast,2019,7,1
2019-07-14,3.6003373,1.483376889,Southeast,2019,7,1
2019-07-21,3.42488217,1.523081008,Southeast,2019,7,1
2019-07-28,3.54224576,1.405033098,Southeast,2019,7,1
2019-08-04,3.71354786,1.356636799,Southeast,2019,8,0
2019-08-11,3.62287092,1.238985464,Southeast,2019,8,0
2019-08-18,3.67146274,1.214219302,Southeast,2019,8,0
2019-08-25,4.21488871,1.189395546,Southeast,2019,8,0
2019-09-01,4.06827402,1.127206956,Southeast,2019,9,0
2019-09-08,3.58396258,1.139916208,Southeast,2019,9,0
2019-09-15,4.21509607,1.179325233,Southeast,2019,9,0
2019-09-22,4.09863091,1.15878556,Southeast,2019,9,0
2019-09-29,4.19109671,1.149085288,Southeast,2019,9,0
2019-10-06,4.61382719,1.027071027,Southeast,2019,10,0
2019-10-13,4.12311547,1.1133688,Southeast,2019,10,0
2019-10-20,4.33469853,1.009843598,Southeast,2019,10,0
2019-10-27,4.38119744,0.970560734,Southeast,2019,10,0
2019-11-03,4.2396452,0.971938399,Southeast,2019,11,0
2019-11-10,4.26891626,0.983656201,Southeast,2019,11,0
2019-11-17,4.05618657,0.972583817,Southeast,2019,11,0
2019-11-24,3.75477914,0.970585373,Southeast,2019,11,0
2019-12-01,3.54867196,0.957179552,Southeast,2019,12,0
2019-12-08,4.08211736,0.930500015,Southeast,2019,12,0
2019-12-15,3.89633172,0.937866496,Southeast,2019,12,0
2019-12-22,3.81082229,0.93738577,Southeast,2019,12,0
2019-12-29,4.47633362,0.9009155,Southeast,2019,12,0
2020-01-06,5.30374129,0.917904854,Southeast,2020,1,0
2020-01-12,5.33218604,0.922719233,Southeast,2020,1,0
2020-01-19,5.48045623,0.917250427,Southeast,2020,1,0
2020-01-26,5.55450562,0.932704926,Southeast,2020,1,0
2020-02-02,6.4698375,0.900638119,Southeast,2020,2,1
2020-02-09,5.1022127,0.988425923,Southeast,2020,2,1
2020-02-16,4.77316073,0.976632018,Southeast,2020,2,1
2020-02-23,4.75362218,0.998672526,Southeast,2020,2,1
2020-03-01,4.68121342,1.119161604,Southeast,2020,3,1
2020-03-08,4.69891411,1.140159315,Southeast,2020,3,1
2020-03-15,5.66006373,1.075718642,Southeast,2020,3,1
2020-03-22,5.76806254,1.082776727,Southeast,2020,3,1
2020-03-29,5.236217,1.19833996,Southeast,2020,3,1
2020-04-05,5.71092468,1.180790307,Southeast,2020,4,1
2020-04-12,5.00440056,1.200337086,Southeast,2020,4,1
2020-04-19,5.48189424,1.177667788,Southeast,2020,4,1
2020-04-26,5.61242785,1.166121653,Southeast,2020,4,1
2020-05-03,7.07006415,1.069066792,Southeast,2020,5,1
2020-05-10,5.82260854,1.160793156,Southeast,2020,5,1
2020-05-17,5.77306973,1.166219413,Southeast,2020,5,1
2020-05-24,6.47749581,1.065700147,Southeast,2020,5,1
2020-05-31,5.68862768,1.158998926,Southeast,2020,5,1
2020-06-07,5.6601016,1.131873049,Southeast,2020,6,1
2020-06-14,5.6583477,1.125003406,Southeast,2020,6,1
2020-06-21,5.63579149,1.109295886,Southeast,2020,6,1
2020-06-28,5.85371904,1.047979404,Southeast,2020,6,1
2020-07-05,6.21648943,1.028779259,Southeast,2020,7,1
2020-07-12,5.36806308,1.05555867,Southeast,2020,7,1
2020-07-19,5.58659155,1.018972334,Southeast,2020,7,1
2020-07-26,5.6255785,0.934247248,Southeast,2020,7,1
2020-08-02,5.516413,0.926495103,Southeast,2020,8,0
2020-08-09,5.39735232,0.94646795,Southeast,2020,8,0
2020-08-16,5.15963017,0.939338159,Southeast,2020,8,0
2020-08-23,5.32373945,0.928954005,Southeast,2020,8,0
2020-08-30,5.37377055,0.900512011,Southeast,2020,8,0
2020-09-06,5.87106039,0.896889023,Southeast,2020,9,0
2020-09-13,5.60177437,0.8947187,Southeast,2020,9,0
2020-09-20,5.07656799,0.903635407,Southeast,2020,9,0
2020-09-27,5.12092071,0.915081657,Southeast,2020,9,0
2020-10-04,5.122986,0.939655199,Southeast,2020,10,0
2020-10-11,5.01885486,0.936879528,Southeast,2020,10,0
2020-10-18,5.14848008,0.909396732,Southeast,2020,10,0
2020-10-25,5.58214796,0.788181956,Southeast,2020,10,0
2020-11-01,4.95598358,0.854756028,Southeast,2020,11,0
2020-11-08,5.32248289,0.815629923,Southeast,2020,11,0
2020-11-15,4.9276367,0.832221689,Southeast,2020,11,0
2020-11-22,4.69100457,0.826494494,Southeast,2020,11,0
2020-11-29,4.5964853,0.725966357,Southeast,2020,11,0
2020-12-06,4.70808152,0.817869717,Southeast,2020,12,0
2020-12-13,4.73754443,0.783716535,Southeast,2020,12,0
2020-12-20,4.63340671,0.821692305,Southeast,2020,12,0
2020-12-27,4.65800876,0.737388191,Southeast,2020,12,0
2021-01-04,5.67039893,0.769493386,Southeast,2021,1,0
2021-01-10,5.77096285,0.827905425,Southeast,2021,1,0
2021-01-17,5.86677467,0.832986371,Southeast,2021,1,0
2021-01-24,5.99604267,0.840057375,Southeast,2021,1,0
2021-01-31,6.42080912,0.86456942,Southeast,2021,1,0
2021-02-07,7.32200882,0.815569313,Southeast,2021,2,1
2021-02-14,5.97849836,0.843990717,Southeast,2021,2,1
2021-02-21,6.13068271,0.864715793,Southeast,2021,2,1
2021-02-28,5.77469578,0.927266844,Southeast,2021,2,1
2021-03-07,5.85475086,0.947283081,Southeast,2021,3,1
2021-03-14,5.80126679,0.942451354,Southeast,2021,3,1
2021-03-21,5.89232911,0.967681217,Southeast,2021,3,1
2021-03-28,5.8083928,1.025856936,Southeast,2021,3,1
2021-04-04,5.57170286,1.045198489,Southeast,2021,4,1
2021-04-11,5.65188843,1.052504878,Southeast,2021,4,1
2021-04-18,5.67297863,1.137559931,Southeast,2021,4,1
2021-04-25,5.62554288,1.152153406,Southeast,2021,4,1
2021-05-02,6.51633269,1.066594798,Southeast,2021,5,1
2021-05-09,5.34949642,1.173278751,Southeast,2021,5,1
2021-05-16,5.25460328,1.178267564,Southeast,2021,5,1
2021-05-23,5.46054635,1.14607466,Southeast,2021,5,1
2021-05-30,5.54068746,1.152070975,Southeast,2021,5,1
2021-06-06,5.52189853,1.122507992,Southeast,2021,6,1
2021-06-13,5.3376356,1.140557829,Southeast,2021,6,1
2021-06-20,5.18276058,1.155216246,Southeast,2021,6,1
2021-06-27,5.14437889,1.120012064,Southeast,2021,6,1
2021-07-04,5.52904029,1.01534696,Southeast,2021,7,1
2021-07-11,5.27036676,0.995660261,Southeast,2021,7,1
2021-07-18,5.49292688,0.960862726,Southeast,2021,7,1
2021-07-25,5.30427801,0.969110577,Southeast,2021,7,1
2021-08-01,4.72929545,1.114126094,Southeast,2021,8,0
2021-08-08,4.76153389,1.133136964,Southeast,2021,8,0
2021-08-15,4.96997896,1.095134736,Southeast,2021,8,0
2021-08-22,4.93404773,1.072708595,Southeast,2021,8,0
2021-08-29,4.88514846,1.092183872,Southeast,2021,8,0
2021-09-05,4.88754808,1.117562085,Southeast,2021,9,0
2021-09-12,4.57988813,1.155280087,Southeast,2021,9,0
2021-09-19,4.61169125,1.163012431,Southeast,2021,9,0
2021-09-26,4.30470873,1.213829054,Southeast,2021,9,0
2021-10-03,4.77782193,1.142047101,Southeast,2021,10,0
2021-10-10,4.88795122,1.153282702,Southeast,2021,10,0
2021-10-17,4.43296874,1.112609228,Southeast,2021,10,0
2021-10-24,4.41118631,1.112569426,Southeast,2021,10,0
2021-10-31,4.36579513,1.101016891,Southeast,2021,10,0
2021-11-07,4.18205234,1.116140412,Southeast,2021,11,0
2021-11-14,4.2439674,1.086163093,Southeast,2021,11,0
2021-11-21,4.03909379,1.115644611,Southeast,2021,11,0
2021-11-28,4.04109525,1.055189836,Southeast,2021,11,0
2022-01-03,5.02858323,1.064581655,Southeast,2022,1,0
2022-01-09,4.87213504,1.206295262,Southeast,2022,1,0
2022-01-16,5.03988441,1.254142283,Southeast,2022,1,0
2022-01-23,4.65211304,1.266365524,Southeast,2022,1,0
2022-01-30,4.73582494,1.286320655,Southeast,2022,1,0
2022-02-06,4.94383613,1.286641023,Southeast,2022,2,1
2022-02-13,6.11736959,1.167466538,Southeast,2022,2,1
2022-02-20,4.81864103,1.26515053,Southeast,2022,2,1
2022-02-27,4.33404574,1.423975586,Southeast,2022,2,1
2022-03-06,4.4184215,1.407883522,Southeast,2022,3,1
2022-03-13,4.53524731,1.424417807,Southeast,2022,3,1
2022-03-20,4.55026984,1.395327379,Southeast,2022,3,1
2022-03-27,4.50956933,1.39131496,Southeast,2022,3,1
2022-04-03,4.63309469,1.385820856,Southeast,2022,4,1
2022-04-10,4.60677779,1.419013662,Southeast,2022,4,1
2022-04-17,4.50727923,1.459607791,Southeast,2022,4,1
2022-04-24,4.281523,1.479925484,Southeast,2022,4,1
2022-05-01,5.841918,1.297409515,Southeast,2022,5,1
2022-05-08,4.477437,1.471889163,Southeast,2022,5,1
2022-05-15,4.102002,1.485182114,Southeast,2022,5,1
2015-01-04,0.32182377,1.05,Northern_New_England,2015,1,0
2015-01-11,0.31471703,1.06,Northern_New_England,2015,1,0
2015-01-18,0.30920271,1.12,Northern_New_England,2015,1,0
2015-01-25,0.29061131,1.06,Northern_New_England,2015,1,0
2015-02-01,0.41275274,1.06,Northern_New_England,2015,2,1
2015-02-08,0.36393524,1.03,Northern_New_England,2015,2,1
2015-02-15,0.28851478,1.11,Northern_New_England,2015,2,1
2015-02-22,0.26411886,1.13,Northern_New_England,2015,2,1
2015-03-01,0.35567799,1.05,Northern_New_England,2015,3,1
