price_optimization/HAB_data_2015to2022.csv
date,units_sold,price,region,year,month,peak
2015-03-08,0.28796373,1.09,Northern_New_England,2015,3,1
2015-03-15,0.3018528,1.15,Northern_New_England,2015,3,1
2015-03-22,0.28215505,1.19,Northern_New_England,2015,3,1
2015-03-29,0.4126392,1.07,Northern_New_England,2015,3,1
2015-04-05,0.30914383,1.19,Northern_New_England,2015,4,1
2015-04-12,0.30625063,1.16,Northern_New_England,2015,4,1
2015-04-19,0.34656162,1.13,Northern_New_England,2015,4,1
2015-04-26,0.31187923,1.24,Northern_New_England,2015,4,1
2015-05-03,0.36698736,1.16,Northern_New_England,2015,5,1
2015-05-10,0.57843676,1.05,Northern_New_England,2015,5,1
2015-05-17,0.42248437,1.15,Northern_New_England,2015,5,1
2015-05-24,0.51217244,1.04,Northern_New_England,2015,5,1
2015-05-31,0.41369946,1.2,Northern_New_England,2015,5,1
2015-06-07,0.42721677,1.17,Northern_New_England,2015,6,1
2015-06-14,0.53772507,1.04,Northern_New_England,2015,6,1
2015-06-21,0.42588558,1.18,Northern_New_England,2015,6,1
2015-06-28,0.45280132,1.14,Northern_New_England,2015,6,1
2015-07-05,0.53664298,1.15,Northern_New_England,2015,7,1
2015-07-12,0.5092152,1.1,Northern_New_England,2015,7,1
2015-07-19,0.59445188,1.03,Northern_New_England,2015,7,1
2015-07-26,0.40279186,1.25,Northern_New_England,2015,7,1
2015-08-02,0.41708292,1.25,Northern_New_England,2015,8,0
2015-08-09,0.57922647,1.03,Northern_New_England,2015,8,0
2015-08-16,0.372516,1.23,Northern_New_England,2015,8,0
2015-08-23,0.40010177,1.18,Northern_New_England,2015,8,0
2015-08-30,0.39512718,1.13,Northern_New_England,2015,8,0
2015-09-06,0.50820779,1.01,Northern_New_England,2015,9,0
2015-09-13,0.35610525,1.09,Northern_New_England,2015,9,0
2015-09-20,0.32272994,1.17,Northern_New_England,2015,9,0
2015-09-27,0.45860259,0.98,Northern_New_England,2015,9,0
2015-10-04,0.29822253,1.12,Northern_New_England,2015,10,0
2015-10-11,0.27847266,1.19,Northern_New_England,2015,10,0
2015-10-18,0.4024664,1,Northern_New_England,2015,10,0
2015-10-25,0.31388126,1.08,Northern_New_England,2015,10,0
2015-11-01,0.35026055,1.07,Northern_New_England,2015,11,0
2015-11-08,0.48933978,0.96,Northern_New_England,2015,11,0
2015-11-15,0.28701598,1.07,Northern_New_England,2015,11,0
2015-11-22,0.2742092,1.08,Northern_New_England,2015,11,0
2015-11-29,0.2196899,1.25,Northern_New_England,2015,11,0
2015-12-06,0.30305829,1.11,Northern_New_England,2015,12,0
2015-12-13,0.40748283,0.95,Northern_New_England,2015,12,0
2015-12-20,0.28480822,1.17,Northern_New_England,2015,12,0
2015-12-27,0.30459842,1.21,Northern_New_England,2015,12,0
2016-01-03,0.55382814,0.96,Northern_New_England,2016,1,0
2016-01-10,0.34340689,1.24,Northern_New_England,2016,1,0
2016-01-17,0.44707892,1.08,Northern_New_England,2016,1,0
2016-01-24,0.45355954,1.07,Northern_New_England,2016,1,0
2016-01-31,0.41978619,1.07,Northern_New_England,2016,1,0
2016-02-07,0.60584678,0.97,Northern_New_England,2016,2,1
2016-02-14,0.45643967,0.99,Northern_New_England,2016,2,1
2016-02-21,0.38042708,1.16,Northern_New_England,2016,2,1
2016-02-28,0.38714969,1.1,Northern_New_England,2016,2,1
2016-03-06,0.40593149,1.08,Northern_New_England,2016,3,1
2016-03-13,0.47663467,1.01,Northern_New_England,2016,3,1
2016-03-20,0.41460435,1.14,Northern_New_England,2016,3,1
2016-03-27,0.42325757,1.13,Northern_New_England,2016,3,1
2016-04-03,0.48671671,0.99,Northern_New_England,2016,4,1
2016-04-10,0.40922787,1.04,Northern_New_England,2016,4,1
2016-04-17,0.39907414,1.12,Northern_New_England,2016,4,1
2016-04-24,0.43161562,1.07,Northern_New_England,2016,4,1
2016-05-01,0.62851214,1.02,Northern_New_England,2016,5,1
2016-05-08,0.54683834,0.97,Northern_New_England,2016,5,1
2016-05-15,0.44351722,1.07,Northern_New_England,2016,5,1
2016-05-22,0.43325171,1.02,Northern_New_England,2016,5,1
2016-05-29,0.49994401,1.1,Northern_New_England,2016,5,1
2016-06-05,0.47135684,1.18,Northern_New_England,2016,6,1
2016-06-12,0.47202049,1.19,Northern_New_England,2016,6,1
2016-06-19,0.48594576,1.26,Northern_New_England,2016,6,1
2016-06-26,0.49781681,1.28,Northern_New_England,2016,6,1
2016-07-03,0.52591726,1.29,Northern_New_England,2016,7,1
2016-07-10,0.56932781,1.06,Northern_New_England,2016,7,1
2016-07-17,0.41238617,1.37,Northern_New_England,2016,7,1
2016-07-24,0.46306251,1.36,Northern_New_England,2016,7,1
2016-07-31,0.43512936,1.49,Northern_New_England,2016,7,1
2016-08-07,0.4574291,1.41,Northern_New_England,2016,8,0
2016-08-14,0.46365171,1.21,Northern_New_England,2016,8,0
2016-08-21,0.41349716,1.34,Northern_New_England,2016,8,0
2016-08-28,0.57333865,1.08,Northern_New_England,2016,8,0
2016-09-04,0.37490291,1.38,Northern_New_England,2016,9,0
2016-09-11,0.34331474,1.44,Northern_New_England,2016,9,0
2016-09-18,0.31698064,1.48,Northern_New_England,2016,9,0
2016-09-25,0.31539904,1.58,Northern_New_England,2016,9,0
2016-10-02,0.29118537,1.52,Northern_New_England,2016,10,0
2016-10-09,0.30550651,1.4,Northern_New_England,2016,10,0
2016-10-16,0.29088489,1.47,Northern_New_England,2016,10,0
2016-10-23,0.29138556,1.48,Northern_New_England,2016,10,0
2016-10-30,0.25545534,1.52,Northern_New_England,2016,10,0
2016-11-06,0.24266687,1.47,Northern_New_England,2016,11,0
2016-11-13,0.26838851,1.48,Northern_New_England,2016,11,0
2016-11-20,0.31578324,1.39,Northern_New_England,2016,11,0
2016-11-27,0.26274842,1.41,Northern_New_England,2016,11,0
2016-12-04,0.44099034,1.12,Northern_New_England,2016,12,0
2016-12-11,0.3104253,1.29,Northern_New_England,2016,12,0
2016-12-18,0.35750829,1.19,Northern_New_England,2016,12,0
2016-12-25,0.32563421,1.24,Northern_New_England,2016,12,0
2017-01-01,0.47623903,1.11,Northern_New_England,2017,1,0
2017-01-08,0.42500071,1.19,Northern_New_England,2017,1,0
2017-01-15,0.42126296,1.25,Northern_New_England,2017,1,0
2017-01-22,0.50234531,1.17,Northern_New_England,2017,1,0
2017-01-29,0.42338702,1.21,Northern_New_England,2017,1,0
2017-02-05,0.701706,1.13,Northern_New_England,2017,2,1
2017-02-12,0.5013648,1.13,Northern_New_England,2017,2,1
2017-02-19,0.3753222,1.37,Northern_New_England,2017,2,1
2017-02-26,0.43420149,1.25,Northern_New_England,2017,2,1
2017-03-05,0.38482885,1.38,Northern_New_England,2017,3,1
2017-03-12,0.39786117,1.41,Northern_New_England,2017,3,1
2017-03-19,0.38061268,1.43,Northern_New_England,2017,3,1
2017-03-26,0.41676978,1.38,Northern_New_England,2017,3,1
2017-04-02,0.42220167,1.45,Northern_New_England,2017,4,1
2017-04-09,0.5157753,1.33,Northern_New_England,2017,4,1
2017-04-16,0.41748041,1.46,Northern_New_England,2017,4,1
2017-04-23,0.40473965,1.38,Northern_New_England,2017,4,1
2017-04-30,0.40779012,1.39,Northern_New_England,2017,4,1
2017-05-07,0.54420061,1.23,Northern_New_England,2017,5,1
2017-05-14,0.39118988,1.53,Northern_New_England,2017,5,1
2017-05-21,0.39328953,1.54,Northern_New_England,2017,5,1
2017-05-28,0.44504968,1.66,Northern_New_England,2017,5,1
2017-06-04,0.4016377,1.66,Northern_New_England,2017,6,1
2017-06-11,0.40648608,1.62,Northern_New_England,2017,6,1
2017-06-18,0.42008907,1.52,Northern_New_England,2017,6,1
2017-06-25,0.35932155,1.62,Northern_New_England,2017,6,1
2017-07-02,0.43256412,1.57,Northern_New_England,2017,7,1
2017-07-09,0.48621404,1.48,Northern_New_England,2017,7,1
2017-07-16,0.49094046,1.39,Northern_New_England,2017,7,1
2017-07-23,0.46487648,1.38,Northern_New_England,2017,7,1
2017-07-30,0.41293773,1.55,Northern_New_England,2017,7,1
2017-08-06,0.46241285,1.59,Northern_New_England,2017,8,0
2017-08-13,0.55439058,1.24,Northern_New_England,2017,8,0
2017-08-20,0.32296289,1.82,Northern_New_England,2017,8,0
2017-08-27,0.27755813,1.83,Northern_New_England,2017,8,0
2017-09-03,0.28821032,1.88,Northern_New_England,2017,9,0
2017-09-10,0.31254108,1.74,Northern_New_England,2017,9,0
2017-09-17,0.28183266,1.59,Northern_New_England,2017,9,0
2017-09-24,0.29689252,1.63,Northern_New_England,2017,9,0
2017-10-01,0.29052198,1.64,Northern_New_England,2017,10,0
2017-10-08,0.26732207,1.61,Northern_New_England,2017,10,0
2017-10-15,0.29836419,1.58,Northern_New_England,2017,10,0
2017-10-22,0.30097646,1.52,Northern_New_England,2017,10,0
2017-10-29,0.30416722,1.5,Northern_New_England,2017,10,0
2017-11-05,0.28859362,1.51,Northern_New_England,2017,11,0
2017-11-12,0.68157,1.01,Northern_New_England,2017,11,0
2017-11-19,0.311603,1.36,Northern_New_England,2017,11,0
2017-11-26,0.270865,1.41,Northern_New_England,2017,11,0
2017-12-03,0.636106,1.1,Northern_New_England,2017,12,0
2017-12-10,0.36457718,1.29,Northern_New_England,2017,12,0
2017-12-17,0.39460836,1.26,Northern_New_England,2017,12,0
2017-12-24,0.34781165,1.36,Northern_New_England,2017,12,0
2017-12-31,0.51331877,1.13,Northern_New_England,2017,12,0
2018-01-01,0.51331877,1.13,Northern_New_England,2018,1,0
2018-01-07,0.50285114,1.17,Northern_New_England,2018,1,0
2018-01-14,0.41937662,1.42,Northern_New_England,2018,1,0
2018-01-21,0.57711622,1.33,Northern_New_England,2018,1,0
2018-01-28,0.441977,1.44,Northern_New_England,2018,1,0
2018-02-04,0.84726125,1.06,Northern_New_England,2018,2,1
2018-02-11,0.61747589,1.11,Northern_New_England,2018,2,1
2018-02-18,0.39529831,1.35,Northern_New_England,2018,2,1
2018-02-25,0.39930869,1.38,Northern_New_England,2018,2,1
2018-03-04,0.4582004,1.35,Northern_New_England,2018,3,1
2018-03-11,0.76574637,1.08,Northern_New_England,2018,3,1
2018-03-18,0.4280289,1.4,Northern_New_England,2018,3,1
2018-03-25,0.48312453,1.46,Northern_New_England,2018,3,1
2018-04-01,0.48611365,1.41,Northern_New_England,2018,4,1
2018-04-08,0.70330174,1.09,Northern_New_England,2018,4,1
2018-04-15,0.55828658,1.19,Northern_New_England,2018,4,1
2018-04-22,0.51774632,1.16,Northern_New_England,2018,4,1
2018-04-29,0.57664779,1.05,Northern_New_England,2018,4,1
2018-05-06,0.91798395,0.95,Northern_New_England,2018,5,1
2018-05-13,0.56773066,1.03,Northern_New_England,2018,5,1
2018-05-20,0.55821211,1.07,Northern_New_England,2018,5,1
2018-05-27,0.67799067,1.02,Northern_New_England,2018,5,1
2018-06-03,0.64607908,1.1,Northern_New_England,2018,6,1
2018-06-10,0.79619302,0.91,Northern_New_England,2018,6,1
2018-06-17,0.91307938,1,Northern_New_England,2018,6,1
2018-06-24,0.6125325,1.15,Northern_New_England,2018,6,1
2018-07-01,0.61428601,1.27,Northern_New_England,2018,7,1
2018-07-08,0.67305167,1.28,Northern_New_England,2018,7,1
2018-07-15,0.70507263,1.26,Northern_New_England,2018,7,1
2018-07-22,0.57208056,1.4,Northern_New_England,2018,7,1
2018-07-29,0.71102952,1.27,Northern_New_England,2018,7,1
2018-08-05,0.55383325,1.39,Northern_New_England,2018,8,0
2018-08-12,0.80683237,1.12,Northern_New_England,2018,8,0
2018-08-19,0.455255,1.44,Northern_New_England,2018,8,0
2018-08-26,0.52753671,1.39,Northern_New_England,2018,8,0
2018-09-02,0.45225359,1.44,Northern_New_England,2018,9,0
2018-09-09,0.47101993,1.49,Northern_New_England,2018,9,0
2018-09-16,0.41294746,1.3,Northern_New_England,2018,9,0
2018-09-23,0.38514512,1.35,Northern_New_England,2018,9,0
2018-09-30,0.38432188,1.49,Northern_New_England,2018,9,0
2018-10-07,0.3570976,1.4,Northern_New_England,2018,10,0
2018-10-14,0.3832149,1.41,Northern_New_England,2018,10,0
2018-10-21,0.61576628,1.08,Northern_New_England,2018,10,0
2018-10-28,0.38285391,1.22,Northern_New_England,2018,10,0
2018-11-04,0.39691961,1.32,Northern_New_England,2018,11,0
2018-11-11,0.45643457,1.31,Northern_New_England,2018,11,0
2018-11-18,0.4523238,1.31,Northern_New_England,2018,11,0
2018-11-25,0.32817223,1.42,Northern_New_England,2018,11,0
2018-12-02,0.29585153,1.44,Northern_New_England,2018,12,0
2019-01-07,0.44814426,1.247699577,Northern_New_England,2019,1,0
2019-01-13,0.39137619,1.278872274,Northern_New_England,2019,1,0
2019-01-20,0.66277895,1.074732678,Northern_New_England,2019,1,0
2019-01-27,0.35073733,1.259558081,Northern_New_England,2019,1,0
2019-02-03,0.69522978,0.943754339,Northern_New_England,2019,2,1
2019-02-10,0.50888847,1.016155011,Northern_New_England,2019,2,1
2019-02-17,0.38804737,1.256404647,Northern_New_England,2019,2,1
2019-02-24,0.40477964,1.249671705,Northern_New_England,2019,2,1
2019-03-03,0.37937281,1.300867007,Northern_New_England,2019,3,1
2019-03-10,0.61783664,0.977379716,Northern_New_England,2019,3,1
2019-03-17,0.36630417,1.297006312,Northern_New_England,2019,3,1
2019-03-24,0.46026863,1.132904724,Northern_New_England,2019,3,1
2019-03-31,0.37970351,1.286070308,Northern_New_England,2019,3,1
2019-04-07,0.63913389,0.99410253,Northern_New_England,2019,4,1
2019-04-14,0.36462859,1.33828496,Northern_New_England,2019,4,1
2019-04-21,0.38736924,1.427655141,Northern_New_England,2019,4,1
2019-04-28,0.35442242,1.4745153,Northern_New_England,2019,4,1
2019-05-05,0.63974506,1.17936822,Northern_New_England,2019,5,1
2019-05-12,0.44614002,1.464980346,Northern_New_England,2019,5,1
2019-05-19,0.40179815,1.595479034,Northern_New_England,2019,5,1
2019-05-26,0.42598353,1.595972545,Northern_New_England,2019,5,1
2019-06-02,0.41585444,1.616378344,Northern_New_England,2019,6,1
2019-06-09,0.474186,1.48958105,Northern_New_England,2019,6,1
2019-06-16,0.61904645,1.167432147,Northern_New_England,2019,6,1
2019-06-23,0.39799585,1.569471027,Northern_New_England,2019,6,1
2019-06-30,0.41866179,1.495747238,Northern_New_England,2019,6,1
2019-07-07,0.44999674,1.517783384,Northern_New_England,2019,7,1
2019-07-14,0.4088378,1.618663779,Northern_New_England,2019,7,1
2019-07-21,0.3889864,1.807255782,Northern_New_England,2019,7,1
2019-07-28,0.38120912,1.840539639,Northern_New_England,2019,7,1
2019-08-04,0.41254238,1.780272224,Northern_New_England,2019,8,0
2019-08-11,0.40634099,1.759361628,Northern_New_England,2019,8,0
2019-08-18,0.51062893,1.549343364,Northern_New_England,2019,8,0
2019-08-25,0.41652756,1.329944714,Northern_New_England,2019,8,0
2019-09-01,0.37209175,1.499702653,Northern_New_England,2019,9,0
2019-09-08,0.40957342,1.517356509,Northern_New_England,2019,9,0
2019-09-15,0.39026559,1.555594334,Northern_New_England,2019,9,0
2019-09-22,0.39087705,1.412585186,Northern_New_England,2019,9,0
2019-09-29,0.54620179,1.168514586,Northern_New_England,2019,9,0
2019-10-06,0.47468884,1.146778736,Northern_New_England,2019,10,0
2019-10-13,0.30715285,1.412956975,Northern_New_England,2019,10,0
2019-10-20,0.49809577,1.10770296,Northern_New_England,2019,10,0
2019-10-27,0.3188637,1.365856144,Northern_New_England,2019,10,0
2019-11-03,0.31686625,1.334404606,Northern_New_England,2019,11,0
2019-11-10,0.35159347,1.339156289,Northern_New_England,2019,11,0
2019-11-17,0.56463407,1.017859312,Northern_New_England,2019,11,0
2019-11-24,0.3158653,1.208571414,Northern_New_England,2019,11,0
2019-12-01,0.28989066,1.303041522,Northern_New_England,2019,12,0
2019-12-08,0.35532155,1.314806946,Northern_New_England,2019,12,0
2019-12-15,0.53331472,0.96021754,Northern_New_England,2019,12,0
2019-12-22,0.32876069,1.318247972,Northern_New_England,2019,12,0
2019-12-29,0.4711992,0.941615714,Northern_New_England,2019,12,0
2020-01-06,0.63575839,0.916955768,Northern_New_England,2020,1,0
2020-01-12,0.42462634,1.266067771,Northern_New_England,2020,1,0
2020-01-19,0.61765405,0.983384921,Northern_New_England,2020,1,0
2020-01-26,0.43938867,1.181456036,Northern_New_England,2020,1,0
2020-02-02,0.63223256,1.020993282,Northern_New_England,2020,2,1
2020-02-09,0.48999576,1.079746716,Northern_New_England,2020,2,1
2020-02-16,0.38071445,1.326876724,Northern_New_England,2020,2,1
2020-02-23,0.44737211,1.25640451,Northern_New_England,2020,2,1
2020-03-01,0.3918441,1.389206602,Northern_New_England,2020,3,1
2020-03-08,0.45823416,1.289225439,Northern_New_England,2020,3,1
2020-03-15,0.52789606,1.349550172,Northern_New_England,2020,3,1
2020-03-22,0.53523516,1.372129677,Northern_New_England,2020,3,1
2020-03-29,0.58342806,1.159472371,Northern_New_England,2020,3,1
2020-04-05,0.46299466,1.370259281,Northern_New_England,2020,4,1
2020-04-12,0.49054785,1.38045703,Northern_New_England,2020,4,1
2020-04-19,0.45668626,1.411775637,Northern_New_England,2020,4,1
2020-04-26,0.51783189,1.429057267,Northern_New_England,2020,4,1
2020-05-03,0.54111687,1.395200702,Northern_New_England,2020,5,1
2020-05-10,0.76283054,1.159882142,Northern_New_England,2020,5,1
2020-05-17,0.52419696,1.395798006,Northern_New_England,2020,5,1
2020-05-24,0.56548374,1.38065205,Northern_New_England,2020,5,1
2020-05-31,0.56862296,1.403821901,Northern_New_England,2020,5,1
2020-06-07,0.54807694,1.380068488,Northern_New_England,2020,6,1
2020-06-14,0.83091504,1.002479777,Northern_New_England,2020,6,1
2020-06-21,0.53373333,1.358186526,Northern_New_England,2020,6,1
2020-06-28,0.54713913,1.376681641,Northern_New_England,2020,6,1
2020-07-05,0.58528468,1.35604013,Northern_New_England,2020,7,1
2020-07-12,0.54307036,1.344749008,Northern_New_England,2020,7,1
2020-07-19,0.54932922,1.243111953,Northern_New_England,2020,7,1
2020-07-26,0.56865596,1.294746138,Northern_New_England,2020,7,1
2020-08-02,0.53920581,1.136958038,Northern_New_England,2020,8,0
2020-08-09,0.70543701,1.008969642,Northern_New_England,2020,8,0
2020-08-16,0.55294126,1.151457687,Northern_New_England,2020,8,0
2020-08-23,0.50684468,1.079170751,Northern_New_England,2020,8,0
2020-08-30,0.65250362,0.938145106,Northern_New_England,2020,8,0
2020-09-06,0.46581037,1.189459454,Northern_New_England,2020,9,0
2020-09-13,0.45502423,1.156054362,Northern_New_England,2020,9,0
2020-09-20,0.55886972,0.984401652,Northern_New_England,2020,9,0
2020-09-27,0.46799468,1.087700432,Northern_New_England,2020,9,0
2020-10-04,0.43234863,1.196386464,Northern_New_England,2020,10,0
2020-10-11,0.45115123,1.177850957,Northern_New_England,2020,10,0
2020-10-18,0.45698985,1.088612213,Northern_New_England,2020,10,0
2020-10-25,0.54364774,0.975244832,Northern_New_England,2020,10,0
2020-11-01,0.42291279,1.225330819,Northern_New_England,2020,11,0
2020-11-08,0.47062808,1.059820282,Northern_New_England,2020,11,0
2020-11-15,0.45340511,1.215269297,Northern_New_England,2020,11,0
2020-11-22,0.49707719,0.981795073,Northern_New_England,2020,11,0
2020-11-29,0.34779633,1.117263493,Northern_New_England,2020,11,0
2020-12-06,0.49323647,1.077157014,Northern_New_England,2020,12,0
2020-12-13,0.53399374,0.913138567,Northern_New_England,2020,12,0
2020-12-20,0.40762074,1.187798921,Northern_New_England,2020,12,0
2020-12-27,0.4034393,1.121474772,Northern_New_England,2020,12,0
