price_optimization/HAB_data_2015to2022.csv
date,units_sold,price,region,year,month,peak
2021-01-04,0.64781266,0.937388466,Northern_New_England,2021,1,0
2021-01-10,0.53666779,1.12514792,Northern_New_England,2021,1,0
2021-01-17,0.55307259,1.125189622,Northern_New_England,2021,1,0
2021-01-24,0.67065988,0.910299432,Northern_New_England,2021,1,0
2021-01-31,0.52544341,0.9196036,Northern_New_England,2021,1,0
2021-02-07,0.73761585,0.879488582,Northern_New_England,2021,2,1
2021-02-14,0.60957323,0.994154605,Northern_New_England,2021,2,1
2021-02-21,0.51478137,1.070293388,Northern_New_England,2021,2,1
2021-02-28,0.49122265,1.109980881,Northern_New_England,2021,2,1
2021-03-07,0.54287824,1.068348713,Northern_New_England,2021,3,1
2021-03-14,0.54768787,1.052064496,Northern_New_England,2021,3,1
2021-03-21,0.62380695,0.974750985,Northern_New_England,2021,3,1
2021-03-28,0.52547896,1.098299599,Northern_New_England,2021,3,1
2021-04-04,0.5569853,1.151344866,Northern_New_England,2021,4,1
2021-04-11,0.58010598,1.098731019,Northern_New_England,2021,4,1
2021-04-18,0.54830074,1.154073985,Northern_New_England,2021,4,1
2021-04-25,0.54512402,1.114587945,Northern_New_England,2021,4,1
2021-05-02,0.52929014,1.147696262,Northern_New_England,2021,5,1
2021-05-09,0.70898581,0.980596771,Northern_New_England,2021,5,1
2021-05-16,0.50090027,1.144433237,Northern_New_England,2021,5,1
2021-05-23,0.58102975,1.128653081,Northern_New_England,2021,5,1
2021-05-30,0.54440836,1.246122504,Northern_New_England,2021,5,1
2021-06-06,0.61486339,1.047098932,Northern_New_England,2021,6,1
2021-06-13,0.53679637,1.214069018,Northern_New_England,2021,6,1
2021-06-20,0.53408689,1.260663029,Northern_New_England,2021,6,1
2021-06-27,0.62627083,1.106823488,Northern_New_England,2021,6,1
2021-07-04,0.58099824,1.253221429,Northern_New_England,2021,7,1
2021-07-11,0.5359467,1.210755999,Northern_New_England,2021,7,1
2021-07-18,0.5513038,1.174527244,Northern_New_England,2021,7,1
2021-07-25,0.51951699,1.174949103,Northern_New_England,2021,7,1
2021-08-01,0.47177306,1.168872362,Northern_New_England,2021,8,0
2021-08-08,0.62323676,0.988914145,Northern_New_England,2021,8,0
2021-08-15,0.45300817,1.205541495,Northern_New_England,2021,8,0
2021-08-22,0.46331372,1.209690285,Northern_New_England,2021,8,0
2021-08-29,0.62159661,0.938614816,Northern_New_England,2021,8,0
2021-09-05,0.42439182,1.174533876,Northern_New_England,2021,9,0
2021-09-12,0.39853658,1.225632329,Northern_New_England,2021,9,0
2021-09-19,0.38220272,1.248428048,Northern_New_England,2021,9,0
2021-09-26,0.35802819,1.283143566,Northern_New_England,2021,9,0
2021-10-03,0.40057243,1.296512864,Northern_New_England,2021,10,0
2021-10-10,0.4005991,1.323674854,Northern_New_England,2021,10,0
2021-10-17,0.4187544,1.312723973,Northern_New_England,2021,10,0
2021-10-24,0.40733193,1.309611816,Northern_New_England,2021,10,0
2021-10-31,0.41099983,1.300076741,Northern_New_England,2021,10,0
2021-11-07,0.53065849,1.02084658,Northern_New_England,2021,11,0
2021-11-14,0.45367302,1.21483123,Northern_New_England,2021,11,0
2021-11-21,0.40493202,1.262600734,Northern_New_England,2021,11,0
2021-11-28,0.33474033,1.346973473,Northern_New_England,2021,11,0
2022-01-03,0.59914977,1.052108751,Northern_New_England,2022,1,0
2022-01-09,0.47772778,1.286336156,Northern_New_England,2022,1,0
2022-01-16,0.5374209,1.191520176,Northern_New_England,2022,1,0
2022-01-23,0.51311527,1.189532476,Northern_New_England,2022,1,0
2022-01-30,0.64841408,1.107560209,Northern_New_England,2022,1,0
2022-02-06,0.44350396,1.333875206,Northern_New_England,2022,2,1
2022-02-13,0.69255048,1.018520851,Northern_New_England,2022,2,1
2022-02-20,0.50046831,1.245448963,Northern_New_England,2022,2,1
2022-02-27,0.44398282,1.40838922,Northern_New_England,2022,2,1
2022-03-06,0.44815554,1.390358177,Northern_New_England,2022,3,1
2022-03-13,0.45757963,1.424689866,Northern_New_England,2022,3,1
2022-03-20,0.43719527,1.454566992,Northern_New_England,2022,3,1
2022-03-27,0.44298803,1.43208247,Northern_New_England,2022,3,1
2022-04-03,0.4561938,1.460097895,Northern_New_England,2022,4,1
2022-04-10,0.64363894,1.139633497,Northern_New_England,2022,4,1
2022-04-17,0.45812413,1.456132481,Northern_New_England,2022,4,1
2022-04-24,0.528259,1.163586423,Northern_New_England,2022,4,1
2022-05-01,0.437938,1.531556978,Northern_New_England,2022,5,1
2022-05-08,0.563323,1.496001406,Northern_New_England,2022,5,1
2022-05-15,0.44583,1.513707018,Northern_New_England,2022,5,1
2015-01-04,31.32427773,0.95,Total_US,2015,1,0
2015-01-11,29.06354275,1.01,Total_US,2015,1,0
2015-01-18,29.04345885,1.03,Total_US,2015,1,0
2015-01-25,28.47031084,1.04,Total_US,2015,1,0
2015-02-01,44.65546151,0.89,Total_US,2015,2,1
2015-02-08,32.13733301,0.95,Total_US,2015,2,1
2015-02-15,28.01252093,1.03,Total_US,2015,2,1
2015-02-22,29.93672976,1.02,Total_US,2015,2,1
2015-03-01,32.99401416,0.97,Total_US,2015,3,1
2015-03-08,30.09469885,1.02,Total_US,2015,3,1
2015-03-15,29.57222571,1.04,Total_US,2015,3,1
2015-03-22,32.51355051,1.01,Total_US,2015,3,1
2015-03-29,29.98264843,1.04,Total_US,2015,3,1
2015-04-05,31.50066944,1.06,Total_US,2015,4,1
2015-04-12,32.04640164,1.02,Total_US,2015,4,1
2015-04-19,33.09125626,1.03,Total_US,2015,4,1
2015-04-26,30.8941578,1.07,Total_US,2015,4,1
2015-05-03,41.29170439,0.96,Total_US,2015,5,1
2015-05-10,36.40088658,1.02,Total_US,2015,5,1
2015-05-17,32.02768615,1.06,Total_US,2015,5,1
2015-05-24,35.34418315,1.04,Total_US,2015,5,1
2015-05-31,33.72015909,1.03,Total_US,2015,5,1
2015-06-07,36.54999566,1,Total_US,2015,6,1
2015-06-14,37.02608575,0.98,Total_US,2015,6,1
2015-06-21,35.7346139,1.02,Total_US,2015,6,1
2015-06-28,32.4087057,1.06,Total_US,2015,6,1
2015-07-05,37.94367034,1.04,Total_US,2015,7,1
2015-07-12,31.66003168,1.07,Total_US,2015,7,1
2015-07-19,32.32464766,1.07,Total_US,2015,7,1
2015-07-26,30.65221108,1.07,Total_US,2015,7,1
2015-08-02,30.35846788,1.09,Total_US,2015,8,0
2015-08-09,33.25491187,1.05,Total_US,2015,8,0
2015-08-16,31.93685618,1.05,Total_US,2015,8,0
2015-08-23,29.69984561,1.08,Total_US,2015,8,0
2015-08-30,29.76163848,1.07,Total_US,2015,8,0
2015-09-06,33.52648008,1.02,Total_US,2015,9,0
2015-09-13,31.24583565,1.03,Total_US,2015,9,0
2015-09-20,29.56908656,1.02,Total_US,2015,9,0
2015-09-27,27.75350814,1.03,Total_US,2015,9,0
2015-10-04,28.24350552,1.02,Total_US,2015,10,0
2015-10-11,29.21619815,1,Total_US,2015,10,0
2015-10-18,29.3751236,0.99,Total_US,2015,10,0
2015-10-25,26.24007211,1.04,Total_US,2015,10,0
2015-11-01,31.04748427,0.97,Total_US,2015,11,0
2015-11-08,28.48571597,0.97,Total_US,2015,11,0
2015-11-15,28.59775627,0.92,Total_US,2015,11,0
2015-11-22,25.11422811,0.96,Total_US,2015,11,0
2015-11-29,22.61799938,0.99,Total_US,2015,11,0
2015-12-06,28.80039657,0.89,Total_US,2015,12,0
2015-12-13,28.04133538,0.93,Total_US,2015,12,0
2015-12-20,25.08364717,0.98,Total_US,2015,12,0
2015-12-27,27.29798367,0.95,Total_US,2015,12,0
2016-01-03,38.14208804,0.86,Total_US,2016,1,0
2016-01-10,35.26433601,0.93,Total_US,2016,1,0
2016-01-17,34.42634187,0.94,Total_US,2016,1,0
2016-01-24,32.78707921,0.95,Total_US,2016,1,0
2016-01-31,34.72124992,0.93,Total_US,2016,1,0
2016-02-07,52.28869789,0.76,Total_US,2016,2,1
2016-02-14,36.47644186,0.88,Total_US,2016,2,1
2016-02-21,32.80473322,0.94,Total_US,2016,2,1
2016-02-28,36.80181768,0.91,Total_US,2016,2,1
2016-03-06,35.06450604,0.95,Total_US,2016,3,1
2016-03-13,36.37451614,0.93,Total_US,2016,3,1
2016-03-20,36.33548378,0.93,Total_US,2016,3,1
2016-03-27,35.93019592,0.94,Total_US,2016,3,1
2016-04-03,33.66845055,0.94,Total_US,2016,4,1
2016-04-10,36.58402939,0.9,Total_US,2016,4,1
2016-04-17,37.46788519,0.9,Total_US,2016,4,1
2016-04-24,39.6076953,0.87,Total_US,2016,4,1
2016-05-01,42.86760854,0.84,Total_US,2016,5,1
2016-05-08,46.3245297,0.82,Total_US,2016,5,1
2016-05-15,39.91499674,0.89,Total_US,2016,5,1
2016-05-22,36.95803551,0.93,Total_US,2016,5,1
2016-05-29,40.01907524,0.94,Total_US,2016,5,1
2016-06-05,40.23125965,0.97,Total_US,2016,6,1
2016-06-12,35.58082,1.04,Total_US,2016,6,1
2016-06-19,38.48993614,1.02,Total_US,2016,6,1
2016-06-26,36.61702379,1.04,Total_US,2016,6,1
2016-07-03,39.99318604,1.06,Total_US,2016,7,1
2016-07-10,35.56756843,1.1,Total_US,2016,7,1
2016-07-17,32.65612363,1.15,Total_US,2016,7,1
2016-07-24,32.33937709,1.2,Total_US,2016,7,1
2016-07-31,31.20159022,1.23,Total_US,2016,7,1
2016-08-07,33.81990909,1.15,Total_US,2016,8,0
2016-08-14,34.3861773,1.12,Total_US,2016,8,0
2016-08-21,33.59209772,1.1,Total_US,2016,8,0
2016-08-28,33.99393131,1.09,Total_US,2016,8,0
2016-09-04,37.13068891,1.04,Total_US,2016,9,0
2016-09-11,34.12673095,1.08,Total_US,2016,9,0
2016-09-18,31.34609146,1.15,Total_US,2016,9,0
2016-09-25,30.30511289,1.22,Total_US,2016,9,0
2016-10-02,29.61500849,1.23,Total_US,2016,10,0
2016-10-09,28.85758198,1.27,Total_US,2016,10,0
2016-10-16,27.70704682,1.3,Total_US,2016,10,0
2016-10-23,24.75351395,1.34,Total_US,2016,10,0
2016-10-30,21.00973021,1.43,Total_US,2016,10,0
2016-11-06,22.53469838,1.44,Total_US,2016,11,0
2016-11-13,24.07512649,1.36,Total_US,2016,11,0
2016-11-20,24.98970275,1.27,Total_US,2016,11,0
2016-11-27,22.92306265,1.21,Total_US,2016,11,0
2016-12-04,31.6212219,1,Total_US,2016,12,0
2016-12-11,30.0935407,0.98,Total_US,2016,12,0
2016-12-18,29.58388261,0.96,Total_US,2016,12,0
2016-12-25,30.2878537,1,Total_US,2016,12,0
2017-01-01,38.87971685,0.89,Total_US,2017,1,0
2017-01-08,38.04980262,0.99,Total_US,2017,1,0
2017-01-15,38.29548831,0.98,Total_US,2017,1,0
2017-01-22,42.14039339,0.94,Total_US,2017,1,0
2017-01-29,39.37357925,0.96,Total_US,2017,1,0
2017-02-05,61.0344571,0.77,Total_US,2017,2,1
2017-02-12,41.07747065,0.87,Total_US,2017,2,1
2017-02-19,33.90585458,0.99,Total_US,2017,2,1
2017-02-26,37.00779769,0.99,Total_US,2017,2,1
2017-03-05,33.68417501,1.13,Total_US,2017,3,1
2017-03-12,32.02057394,1.22,Total_US,2017,3,1
2017-03-19,31.59512523,1.25,Total_US,2017,3,1
2017-03-26,32.55511932,1.24,Total_US,2017,3,1
2017-04-02,34.46801736,1.21,Total_US,2017,4,1
2017-04-09,34.78571255,1.21,Total_US,2017,4,1
2017-04-16,35.18232078,1.23,Total_US,2017,4,1
2017-04-23,35.72901392,1.18,Total_US,2017,4,1
2017-04-30,38.31550043,1.18,Total_US,2017,4,1
2017-05-07,47.2939216,1.09,Total_US,2017,5,1
2017-05-14,36.63426903,1.19,Total_US,2017,5,1
2017-05-21,34.39765115,1.26,Total_US,2017,5,1
2017-05-28,37.03089373,1.28,Total_US,2017,5,1
2017-06-04,37.35236059,1.24,Total_US,2017,6,1
2017-06-11,37.0398538,1.21,Total_US,2017,6,1
2017-06-18,38.24766933,1.18,Total_US,2017,6,1
2017-06-25,37.30530768,1.17,Total_US,2017,6,1
2017-07-02,38.01042616,1.21,Total_US,2017,7,1
2017-07-09,39.36733618,1.17,Total_US,2017,7,1
2017-07-16,32.45504711,1.33,Total_US,2017,7,1
2017-07-23,32.60830151,1.31,Total_US,2017,7,1
2017-07-30,31.75609722,1.32,Total_US,2017,7,1
2017-08-06,32.52992023,1.33,Total_US,2017,8,0
2017-08-13,32.81725413,1.33,Total_US,2017,8,0
2017-08-20,29.91374437,1.41,Total_US,2017,8,0
2017-08-27,28.78527975,1.47,Total_US,2017,8,0
2017-09-03,26.80841065,1.57,Total_US,2017,9,0
2017-09-10,26.38508136,1.56,Total_US,2017,9,0
2017-09-17,25.39490282,1.57,Total_US,2017,9,0
2017-09-24,24.63714838,1.62,Total_US,2017,9,0
2017-10-01,24.61064521,1.64,Total_US,2017,10,0
2017-10-08,24.39716619,1.65,Total_US,2017,10,0
2017-10-15,25.03158909,1.58,Total_US,2017,10,0
2017-10-22,26.70697151,1.44,Total_US,2017,10,0
2017-10-29,30.23791123,1.29,Total_US,2017,10,0
2017-11-05,32.05159424,1.19,Total_US,2017,11,0
2017-11-12,32.336225,1.15,Total_US,2017,11,0
2017-11-19,29.253484,1.17,Total_US,2017,11,0
2017-11-26,24.686675,1.24,Total_US,2017,11,0
2017-12-03,33.824253,1.09,Total_US,2017,12,0
2017-12-10,35.63491301,1.03,Total_US,2017,12,0
2017-12-17,30.75776703,1.07,Total_US,2017,12,0
2017-12-24,29.10234933,1.18,Total_US,2017,12,0
2017-12-31,38.26734161,0.98,Total_US,2017,12,0
2018-01-01,38.26734161,0.98,Total_US,2018,1,0
2018-01-07,36.70315672,1.13,Total_US,2018,1,0
2018-01-14,37.29994522,1.2,Total_US,2018,1,0
2018-01-21,42.93982155,1.08,Total_US,2018,1,0
2018-01-28,40.17164084,1.09,Total_US,2018,1,0
2018-02-04,62.50564652,0.87,Total_US,2018,2,1
2018-02-11,43.16780609,0.97,Total_US,2018,2,1
2018-02-18,36.70988749,1.08,Total_US,2018,2,1
2018-02-25,40.02152876,1.06,Total_US,2018,2,1
2018-03-04,40.74121405,1.07,Total_US,2018,3,1
2018-03-11,40.44960312,1.09,Total_US,2018,3,1
2018-03-18,41.38631412,1.05,Total_US,2018,3,1
2018-03-25,43.40983575,1.03,Total_US,2018,3,1
2018-04-01,41.10968872,1.1,Total_US,2018,4,1
2018-04-08,42.96406768,1.04,Total_US,2018,4,1
2018-04-15,47.09867768,1.03,Total_US,2018,4,1
2018-04-22,44.3139793,1.04,Total_US,2018,4,1
2018-04-29,43.85675899,1.07,Total_US,2018,4,1
2018-05-06,63.71614415,0.89,Total_US,2018,5,1
2018-05-13,46.37124584,1,Total_US,2018,5,1
2018-05-20,44.4587983,1.02,Total_US,2018,5,1
2018-05-27,47.10531428,1.03,Total_US,2018,5,1
2018-06-03,44.70503905,1.07,Total_US,2018,6,1
2018-06-10,45.61337242,1.03,Total_US,2018,6,1
2018-06-17,44.00908478,1.09,Total_US,2018,6,1
2018-06-24,44.74274988,1.04,Total_US,2018,6,1
2018-07-01,45.57273917,1.05,Total_US,2018,7,1
2018-07-08,47.84818979,1.03,Total_US,2018,7,1
2018-07-15,43.12677322,1.07,Total_US,2018,7,1
2018-07-22,41.90691684,1.1,Total_US,2018,7,1
2018-07-29,40.51278219,1.12,Total_US,2018,7,1
2018-08-05,39.42766654,1.15,Total_US,2018,8,0
2018-08-12,40.90195001,1.12,Total_US,2018,8,0
2018-08-19,40.73573268,1.13,Total_US,2018,8,0
2018-08-26,36.86797458,1.22,Total_US,2018,8,0
2018-09-02,36.16916157,1.29,Total_US,2018,9,0
2018-09-09,37.48425375,1.24,Total_US,2018,9,0
2018-09-16,35.60995539,1.22,Total_US,2018,9,0
2018-09-23,34.86628228,1.19,Total_US,2018,9,0
2018-09-30,37.58853416,1.1,Total_US,2018,9,0
2018-10-07,38.06175966,1.08,Total_US,2018,10,0
2018-10-14,36.86956039,1.08,Total_US,2018,10,0
2018-10-21,34.00253469,1.13,Total_US,2018,10,0
2018-10-28,39.40222658,1.01,Total_US,2018,10,0
2018-11-04,38.36328273,1.01,Total_US,2018,11,0
2018-11-11,39.04228334,1,Total_US,2018,11,0
2018-11-18,29.87113502,1.14,Total_US,2018,11,0
2018-11-25,21.85549369,1.25,Total_US,2018,11,0
2018-12-02,27.65242562,1.22,Total_US,2018,12,0
2019-01-07,37.46323754,1.079318319,Total_US,2019,1,0
2019-01-13,40.7081897,1.013800442,Total_US,2019,1,0
2019-01-20,40.08492808,1.04723742,Total_US,2019,1,0
2019-01-27,37.29031642,1.08094423,Total_US,2019,1,0
2019-02-03,53.21444311,0.887685253,Total_US,2019,2,1
2019-02-10,39.76237064,0.956180583,Total_US,2019,2,1
2019-02-17,36.0342723,1.006465245,Total_US,2019,2,1
2019-02-24,37.04489349,1.036590227,Total_US,2019,2,1
2019-03-03,37.42405067,1.056757047,Total_US,2019,3,1
2019-03-10,38.93985668,1.040174065,Total_US,2019,3,1
2019-03-17,40.54865443,1.003171942,Total_US,2019,3,1
2019-03-24,39.93866333,1.039969126,Total_US,2019,3,1
2019-03-31,38.51136723,1.03847375,Total_US,2019,3,1
2019-04-07,41.52522861,1.025758808,Total_US,2019,4,1
2019-04-14,39.20992096,1.114826099,Total_US,2019,4,1
2019-04-21,33.25630449,1.350580067,Total_US,2019,4,1
2019-04-28,29.91880538,1.447876156,Total_US,2019,4,1
2019-05-05,41.86998131,1.287606868,Total_US,2019,5,1
2019-05-12,36.69327559,1.307193875,Total_US,2019,5,1
2019-05-19,32.69566305,1.355314139,Total_US,2019,5,1
2019-05-26,34.3207914,1.378447214,Total_US,2019,5,1
2019-06-02,36.54886181,1.298670927,Total_US,2019,6,1
2019-06-09,36.13236172,1.298420403,Total_US,2019,6,1
2019-06-16,32.90797144,1.410779482,Total_US,2019,6,1
2019-06-23,32.06749377,1.442777817,Total_US,2019,6,1
2019-06-30,31.78768207,1.472664114,Total_US,2019,6,1
2019-07-07,33.17553794,1.558058711,Total_US,2019,7,1
2019-07-14,29.7150453,1.569094094,Total_US,2019,7,1
2019-07-21,28.27052587,1.602680756,Total_US,2019,7,1
2019-07-28,28.73650969,1.554745037,Total_US,2019,7,1
2019-08-04,29.69191818,1.493193959,Total_US,2019,8,0
2019-08-11,30.5485196,1.427134315,Total_US,2019,8,0
2019-08-18,31.23203271,1.393334795,Total_US,2019,8,0
2019-08-25,32.36029137,1.320652421,Total_US,2019,8,0
2019-09-01,32.93885271,1.31602397,Total_US,2019,9,0
2019-09-08,32.58656823,1.302080104,Total_US,2019,9,0
2019-09-15,31.94508559,1.290216166,Total_US,2019,9,0
2019-09-22,31.18866401,1.270073141,Total_US,2019,9,0
2019-09-29,32.76350697,1.217009158,Total_US,2019,9,0
2019-10-06,32.60208042,1.197700091,Total_US,2019,10,0
2019-10-13,31.83305101,1.197297172,Total_US,2019,10,0
2019-10-20,31.89793698,1.135366628,Total_US,2019,10,0
2019-10-27,32.36647563,1.105623628,Total_US,2019,10,0
2019-11-03,31.24736376,1.101084804,Total_US,2019,11,0
2019-11-10,32.39105911,1.082291721,Total_US,2019,11,0
2019-11-17,32.01102205,1.066771289,Total_US,2019,11,0
2019-11-24,29.23499043,1.096755135,Total_US,2019,11,0
2019-12-01,26.87075147,1.092272298,Total_US,2019,12,0
2019-12-08,32.89262704,0.997884519,Total_US,2019,12,0
2019-12-15,29.54499248,1.068096683,Total_US,2019,12,0
2019-12-22,29.20872441,1.080225964,Total_US,2019,12,0
2019-12-29,32.34529069,0.976692127,Total_US,2019,12,0
2020-01-06,38.16062203,1.014990305,Total_US,2020,1,0
2020-01-12,38.95776083,1.016008442,Total_US,2020,1,0
2020-01-19,41.68319655,0.955847779,Total_US,2020,1,0
2020-01-26,36.46658838,1.068396444,Total_US,2020,1,0
2020-02-02,52.22652221,0.898932086,Total_US,2020,2,1
2020-02-09,40.15808247,1.001276752,Total_US,2020,2,1
2020-02-16,35.81422049,1.055429054,Total_US,2020,2,1
2020-02-23,37.83465929,1.066674145,Total_US,2020,2,1
2020-03-01,36.05665696,1.140513796,Total_US,2020,3,1
2020-03-08,36.93122559,1.175555853,Total_US,2020,3,1
2020-03-15,43.16601353,1.21653665,Total_US,2020,3,1
2020-03-22,42.05891301,1.221967281,Total_US,2020,3,1
2020-03-29,38.68685,1.252223545,Total_US,2020,3,1
2020-04-05,42.71132287,1.21250521,Total_US,2020,4,1
2020-04-12,40.59838404,1.25432604,Total_US,2020,4,1
2020-04-19,41.8669953,1.208312062,Total_US,2020,4,1
2020-04-26,43.6733929,1.217875742,Total_US,2020,4,1
2020-05-03,51.39007851,1.104128125,Total_US,2020,5,1
2020-05-10,49.39699647,1.154539001,Total_US,2020,5,1
2020-05-17,44.09131202,1.211092528,Total_US,2020,5,1
2020-05-24,48.1084573,1.162038234,Total_US,2020,5,1
2020-05-31,48.44401868,1.125685931,Total_US,2020,5,1
2020-06-07,46.33524609,1.135257408,Total_US,2020,6,1
2020-06-14,46.91367946,1.112875462,Total_US,2020,6,1
2020-06-21,44.51726714,1.139543521,Total_US,2020,6,1
