price_optimization/HAB_data_2015to2022.csv
date,units_sold,price,region,year,month,peak
2020-06-28,44.11193342,1.103993152,Total_US,2020,6,1
2020-07-05,47.37364496,1.111708689,Total_US,2020,7,1
2020-07-12,43.56829907,1.082890518,Total_US,2020,7,1
2020-07-19,44.79341615,1.053010457,Total_US,2020,7,1
2020-07-26,44.27109179,1.042027223,Total_US,2020,7,1
2020-08-02,42.72839734,1.044853449,Total_US,2020,8,0
2020-08-09,42.83158416,1.049804263,Total_US,2020,8,0
2020-08-16,43.39708511,1.020738797,Total_US,2020,8,0
2020-08-23,43.22919934,1.009062356,Total_US,2020,8,0
2020-08-30,42.85075178,0.995386719,Total_US,2020,8,0
2020-09-06,43.3172326,1.016268276,Total_US,2020,9,0
2020-09-13,41.89434462,0.990455967,Total_US,2020,9,0
2020-09-20,40.62806648,0.990715814,Total_US,2020,9,0
2020-09-27,39.71133212,1.011071641,Total_US,2020,9,0
2020-10-04,39.10662091,1.022227178,Total_US,2020,10,0
2020-10-11,39.34251338,1.008866272,Total_US,2020,10,0
2020-10-18,38.66566538,0.98975128,Total_US,2020,10,0
2020-10-25,38.91736339,0.959128671,Total_US,2020,10,0
2020-11-01,38.63142295,0.96845605,Total_US,2020,11,0
2020-11-08,38.71816344,0.953170446,Total_US,2020,11,0
2020-11-15,38.49116817,0.972768561,Total_US,2020,11,0
2020-11-22,36.90505049,0.937627967,Total_US,2020,11,0
2020-11-29,31.64885431,0.936191465,Total_US,2020,11,0
2020-12-06,37.72404149,0.917332616,Total_US,2020,12,0
2020-12-13,38.13068448,0.907455245,Total_US,2020,12,0
2020-12-20,36.00229769,0.951744288,Total_US,2020,12,0
2020-12-27,34.56918024,0.92062662,Total_US,2020,12,0
2021-01-04,45.38880075,0.848532623,Total_US,2021,1,0
2021-01-10,44.30591775,0.931911803,Total_US,2021,1,0
2021-01-17,44.8646481,0.948219379,Total_US,2021,1,0
2021-01-24,45.30616224,0.929980505,Total_US,2021,1,0
2021-01-31,44.88217005,0.950419087,Total_US,2021,1,0
2021-02-07,54.54811744,0.852306828,Total_US,2021,2,1
2021-02-14,44.314825,0.924019483,Total_US,2021,2,1
2021-02-21,40.42882949,0.974404779,Total_US,2021,2,1
2021-02-28,43.9657412,0.933439476,Total_US,2021,2,1
2021-03-07,43.81086077,0.981898449,Total_US,2021,3,1
2021-03-14,43.37163233,0.995422041,Total_US,2021,3,1
2021-03-21,42.46439814,1.013239868,Total_US,2021,3,1
2021-03-28,41.89198202,1.090888409,Total_US,2021,3,1
2021-04-04,40.6680075,1.1681574,Total_US,2021,4,1
2021-04-11,39.32174405,1.163461448,Total_US,2021,4,1
2021-04-18,40.60311735,1.185743265,Total_US,2021,4,1
2021-04-25,40.41494437,1.174884404,Total_US,2021,4,1
2021-05-02,45.27333675,1.080920189,Total_US,2021,5,1
2021-05-09,42.8890298,1.13496175,Total_US,2021,5,1
2021-05-16,39.77547405,1.145527615,Total_US,2021,5,1
2021-05-23,40.62867715,1.134825532,Total_US,2021,5,1
2021-05-30,40.44197333,1.18630532,Total_US,2021,5,1
2021-06-06,40.97718482,1.145413921,Total_US,2021,6,1
2021-06-13,40.76923414,1.139443602,Total_US,2021,6,1
2021-06-20,41.28822657,1.157507908,Total_US,2021,6,1
2021-06-27,39.68903276,1.140000911,Total_US,2021,6,1
2021-07-04,42.42692004,1.134552845,Total_US,2021,7,1
2021-07-11,41.0104021,1.069345091,Total_US,2021,7,1
2021-07-18,41.82902726,1.043216264,Total_US,2021,7,1
2021-07-25,39.73440442,1.070782307,Total_US,2021,7,1
2021-08-01,37.50335281,1.114488529,Total_US,2021,8,0
2021-08-08,38.21740674,1.099921593,Total_US,2021,8,0
2021-08-15,38.58895263,1.097656921,Total_US,2021,8,0
2021-08-22,37.58617384,1.095702216,Total_US,2021,8,0
2021-08-29,38.2462409,1.0868604,Total_US,2021,8,0
2021-09-05,38.82976219,1.083413302,Total_US,2021,9,0
2021-09-12,35.70154943,1.154406188,Total_US,2021,9,0
2021-09-19,35.08201852,1.165622608,Total_US,2021,9,0
2021-09-26,35.05474252,1.172117173,Total_US,2021,9,0
2021-10-03,34.6075482,1.182569342,Total_US,2021,10,0
2021-10-10,34.79640749,1.205846624,Total_US,2021,10,0
2021-10-17,34.2801273,1.181452083,Total_US,2021,10,0
2021-10-24,34.13796968,1.159784692,Total_US,2021,10,0
2021-10-31,34.33767201,1.13843159,Total_US,2021,10,0
2021-11-07,34.3926287,1.131408808,Total_US,2021,11,0
2021-11-14,33.95871339,1.15799975,Total_US,2021,11,0
2021-11-21,31.43598747,1.194843618,Total_US,2021,11,0
2021-11-28,28.32722013,1.195423763,Total_US,2021,11,0
2022-01-03,39.97305896,1.064395452,Total_US,2022,1,0
2022-01-09,38.25676659,1.176644652,Total_US,2022,1,0
2022-01-16,38.89498883,1.257778635,Total_US,2022,1,0
2022-01-23,36.90885102,1.277267829,Total_US,2022,1,0
2022-01-30,39.69767304,1.255706454,Total_US,2022,1,0
2022-02-06,37.84738864,1.291612779,Total_US,2022,2,1
2022-02-13,49.2310431,1.204103185,Total_US,2022,2,1
2022-02-20,39.20375121,1.267861161,Total_US,2022,2,1
2022-02-27,36.86481115,1.346962455,Total_US,2022,2,1
2022-03-06,34.80294439,1.385604875,Total_US,2022,3,1
2022-03-13,35.95780678,1.389018878,Total_US,2022,3,1
2022-03-20,35.16634183,1.38087506,Total_US,2022,3,1
2022-03-27,36.83371288,1.417582811,Total_US,2022,3,1
2022-04-03,36.63160562,1.389597908,Total_US,2022,4,1
2022-04-10,37.59488653,1.368138625,Total_US,2022,4,1
2022-04-17,35.33354464,1.45606756,Total_US,2022,4,1
2022-04-24,33.297205,1.471539008,Total_US,2022,4,1
2022-05-01,41.009154,1.380104818,Total_US,2022,5,1
2022-05-08,38.2802,1.438612311,Total_US,2022,5,1
2022-05-15,32.745321,1.527356718,Total_US,2022,5,1
2015-01-04,3.75928262,1.09,Northeast,2015,1,0
2015-01-11,3.05602477,1.28,Northeast,2015,1,0
2015-01-18,3.06678962,1.32,Northeast,2015,1,0
2015-01-25,3.23850189,1.27,Northeast,2015,1,0
2015-02-01,4.29888317,1.23,Northeast,2015,2,1
2015-02-08,4.45704941,1.09,Northeast,2015,2,1
2015-02-15,2.9836959,1.29,Northeast,2015,2,1
2015-02-22,3.04244703,1.29,Northeast,2015,2,1
2015-03-01,3.78045544,1.15,Northeast,2015,3,1
2015-03-08,3.25083253,1.27,Northeast,2015,3,1
2015-03-15,3.13599173,1.34,Northeast,2015,3,1
2015-03-22,3.52040865,1.22,Northeast,2015,3,1
2015-03-29,3.49702698,1.26,Northeast,2015,3,1
2015-04-05,3.46777071,1.34,Northeast,2015,4,1
2015-04-12,3.20321309,1.33,Northeast,2015,4,1
2015-04-19,3.78614118,1.31,Northeast,2015,4,1
2015-04-26,3.64636366,1.36,Northeast,2015,4,1
2015-05-03,4.59731341,1.24,Northeast,2015,5,1
2015-05-10,5.49865028,1.21,Northeast,2015,5,1
2015-05-17,4.09467785,1.33,Northeast,2015,5,1
2015-05-24,4.66145729,1.26,Northeast,2015,5,1
2015-05-31,4.32923982,1.34,Northeast,2015,5,1
2015-06-07,4.7219273,1.27,Northeast,2015,6,1
2015-06-14,4.56174966,1.2,Northeast,2015,6,1
2015-06-21,4.508474,1.27,Northeast,2015,6,1
2015-06-28,4.10093247,1.3,Northeast,2015,6,1
2015-07-05,4.85527371,1.24,Northeast,2015,7,1
2015-07-12,4.45413891,1.2,Northeast,2015,7,1
2015-07-19,4.1692132,1.27,Northeast,2015,7,1
2015-07-26,3.75752471,1.28,Northeast,2015,7,1
2015-08-02,4.15465867,1.19,Northeast,2015,8,0
2015-08-09,4.78633413,1.1,Northeast,2015,8,0
2015-08-16,4.22143538,1.17,Northeast,2015,8,0
2015-08-23,4.14622081,1.13,Northeast,2015,8,0
2015-08-30,3.82596651,1.2,Northeast,2015,8,0
2015-09-06,4.08806171,1.18,Northeast,2015,9,0
2015-09-13,4.20529458,1.14,Northeast,2015,9,0
2015-09-20,3.334592,1.21,Northeast,2015,9,0
2015-09-27,3.7390727,1.13,Northeast,2015,9,0
2015-10-04,3.5851833,1.21,Northeast,2015,10,0
2015-10-11,3.30782865,1.23,Northeast,2015,10,0
2015-10-18,4.86660714,0.99,Northeast,2015,10,0
2015-10-25,3.30661418,1.15,Northeast,2015,10,0
2015-11-01,4.80162108,1.09,Northeast,2015,11,0
2015-11-08,4.20577544,1.1,Northeast,2015,11,0
2015-11-15,3.53894622,1.09,Northeast,2015,11,0
2015-11-22,3.02621724,1.16,Northeast,2015,11,0
2015-11-29,2.59378051,1.22,Northeast,2015,11,0
2015-12-06,3.21849455,1.14,Northeast,2015,12,0
2015-12-13,3.69655152,1.09,Northeast,2015,12,0
2015-12-20,3.19012004,1.2,Northeast,2015,12,0
2015-12-27,3.1563602,1.2,Northeast,2015,12,0
2016-01-03,4.52421973,1.07,Northeast,2016,1,0
2016-01-10,3.89022541,1.2,Northeast,2016,1,0
2016-01-17,4.8915165,1.09,Northeast,2016,1,0
2016-01-24,4.41228093,1.21,Northeast,2016,1,0
2016-01-31,4.65079849,1.06,Northeast,2016,1,0
2016-02-07,5.91922612,1.03,Northeast,2016,2,1
2016-02-14,4.95925788,1.08,Northeast,2016,2,1
2016-02-21,3.94823494,1.21,Northeast,2016,2,1
2016-02-28,4.48111944,1.15,Northeast,2016,2,1
2016-03-06,4.2269257,1.21,Northeast,2016,3,1
2016-03-13,4.71393535,1.13,Northeast,2016,3,1
2016-03-20,4.83475909,1.11,Northeast,2016,3,1
2016-03-27,4.23901669,1.23,Northeast,2016,3,1
2016-04-03,3.87268079,1.18,Northeast,2016,4,1
2016-04-10,3.75662512,1.09,Northeast,2016,4,1
2016-04-17,3.8490514,1.12,Northeast,2016,4,1
2016-04-24,4.81524922,1.13,Northeast,2016,4,1
2016-05-01,5.24726674,1.12,Northeast,2016,5,1
2016-05-08,6.89972712,0.87,Northeast,2016,5,1
2016-05-15,4.99910074,1.13,Northeast,2016,5,1
2016-05-22,4.60925024,1.14,Northeast,2016,5,1
2016-05-29,5.14131486,1.14,Northeast,2016,5,1
2016-06-05,4.57051587,1.35,Northeast,2016,6,1
2016-06-12,4.59902854,1.34,Northeast,2016,6,1
2016-06-19,4.50689262,1.4,Northeast,2016,6,1
2016-06-26,4.84094987,1.28,Northeast,2016,6,1
2016-07-03,4.48674499,1.41,Northeast,2016,7,1
2016-07-10,4.48762578,1.33,Northeast,2016,7,1
2016-07-17,3.73681435,1.49,Northeast,2016,7,1
2016-07-24,3.83429051,1.54,Northeast,2016,7,1
2016-07-31,3.81380825,1.6,Northeast,2016,7,1
2016-08-07,4.02482213,1.47,Northeast,2016,8,0
2016-08-14,4.19542329,1.37,Northeast,2016,8,0
2016-08-21,4.12708033,1.4,Northeast,2016,8,0
2016-08-28,4.30930179,1.4,Northeast,2016,8,0
2016-09-04,4.01964855,1.4,Northeast,2016,9,0
2016-09-11,4.45695762,1.28,Northeast,2016,9,0
2016-09-18,3.44245403,1.45,Northeast,2016,9,0
2016-09-25,3.45879086,1.53,Northeast,2016,9,0
2016-10-02,3.25775257,1.59,Northeast,2016,10,0
2016-10-09,3.35094974,1.54,Northeast,2016,10,0
2016-10-16,3.10704925,1.65,Northeast,2016,10,0
2016-10-23,2.9165789,1.67,Northeast,2016,10,0
2016-10-30,2.36442449,1.72,Northeast,2016,10,0
2016-11-06,2.50740104,1.71,Northeast,2016,11,0
2016-11-13,2.70683844,1.67,Northeast,2016,11,0
2016-11-20,3.20694652,1.51,Northeast,2016,11,0
2016-11-27,2.70151848,1.51,Northeast,2016,11,0
2016-12-04,3.22266398,1.4,Northeast,2016,12,0
2016-12-11,3.38132105,1.32,Northeast,2016,12,0
2016-12-18,3.68600568,1.22,Northeast,2016,12,0
2016-12-25,3.21647061,1.36,Northeast,2016,12,0
2017-01-01,3.51338832,1.35,Northeast,2017,1,0
2017-01-08,4.6919375,1.25,Northeast,2017,1,0
2017-01-15,4.25095855,1.36,Northeast,2017,1,0
2017-01-22,5.00735622,1.39,Northeast,2017,1,0
2017-01-29,4.15504211,1.39,Northeast,2017,1,0
2017-02-05,6.72419661,1.23,Northeast,2017,2,1
2017-02-12,5.36776978,1.19,Northeast,2017,2,1
2017-02-19,3.52620521,1.36,Northeast,2017,2,1
2017-02-26,3.98057414,1.43,Northeast,2017,2,1
2017-03-05,4.46855534,1.34,Northeast,2017,3,1
2017-03-12,3.77929569,1.6,Northeast,2017,3,1
2017-03-19,3.76835935,1.59,Northeast,2017,3,1
2017-03-26,3.97719618,1.54,Northeast,2017,3,1
2017-04-02,3.98865448,1.62,Northeast,2017,4,1
2017-04-09,4.31343098,1.6,Northeast,2017,4,1
2017-04-16,4.04320476,1.65,Northeast,2017,4,1
2017-04-23,3.8461963,1.59,Northeast,2017,4,1
2017-04-30,4.28914975,1.6,Northeast,2017,4,1
2017-05-07,5.26233616,1.53,Northeast,2017,5,1
2017-05-14,4.16312072,1.67,Northeast,2017,5,1
2017-05-21,4.11030509,1.66,Northeast,2017,5,1
2017-05-28,4.52967268,1.71,Northeast,2017,5,1
2017-06-04,4.09656083,1.74,Northeast,2017,6,1
2017-06-11,4.06085093,1.68,Northeast,2017,6,1
2017-06-18,3.9452704,1.68,Northeast,2017,6,1
2017-06-25,4.1216613,1.54,Northeast,2017,6,1
2017-07-02,4.03523426,1.63,Northeast,2017,7,1
2017-07-09,4.40634173,1.58,Northeast,2017,7,1
2017-07-16,4.18023798,1.5,Northeast,2017,7,1
2017-07-23,4.22203927,1.46,Northeast,2017,7,1
2017-07-30,4.01883397,1.49,Northeast,2017,7,1
2017-08-06,4.13266626,1.52,Northeast,2017,8,0
2017-08-13,4.32344002,1.49,Northeast,2017,8,0
2017-08-20,3.41750787,1.68,Northeast,2017,8,0
2017-08-27,3.37454602,1.7,Northeast,2017,8,0
2017-09-03,3.33079931,1.75,Northeast,2017,9,0
2017-09-10,3.53685797,1.61,Northeast,2017,9,0
2017-09-17,3.35004359,1.54,Northeast,2017,9,0
2017-09-24,3.42495407,1.59,Northeast,2017,9,0
2017-10-01,3.43853639,1.61,Northeast,2017,10,0
2017-10-08,3.0653361,1.63,Northeast,2017,10,0
2017-10-15,3.25111756,1.62,Northeast,2017,10,0
2017-10-22,3.38005807,1.51,Northeast,2017,10,0
2017-10-29,3.43023517,1.52,Northeast,2017,10,0
2017-11-05,3.4928281,1.45,Northeast,2017,11,0
2017-11-12,3.925104,1.35,Northeast,2017,11,0
2017-11-19,3.680754,1.37,Northeast,2017,11,0
2017-11-26,3.26946,1.37,Northeast,2017,11,0
2017-12-03,4.030251,1.32,Northeast,2017,12,0
2017-12-10,5.54300484,1.17,Northeast,2017,12,0
2017-12-17,3.5042538,1.35,Northeast,2017,12,0
2017-12-24,3.48905704,1.37,Northeast,2017,12,0
2017-12-31,3.6525497,1.31,Northeast,2017,12,0
2018-01-01,3.6525497,1.31,Northeast,2018,1,0
2018-01-07,4.23000292,1.43,Northeast,2018,1,0
2018-01-14,4.07340838,1.49,Northeast,2018,1,0
2018-01-21,6.13775261,1.25,Northeast,2018,1,0
2018-01-28,5.68095763,1.23,Northeast,2018,1,0
2018-02-04,7.50865027,1.22,Northeast,2018,2,1
2018-02-11,5.69413621,1.24,Northeast,2018,2,1
2018-02-18,4.1127259,1.31,Northeast,2018,2,1
2018-02-25,4.52538669,1.3,Northeast,2018,2,1
2018-03-04,5.31855452,1.22,Northeast,2018,3,1
2018-03-11,5.21413733,1.27,Northeast,2018,3,1
2018-03-18,4.62112631,1.34,Northeast,2018,3,1
2018-03-25,5.13463705,1.35,Northeast,2018,3,1
2018-04-01,5.16845196,1.3,Northeast,2018,4,1
2018-04-08,5.13919029,1.26,Northeast,2018,4,1
2018-04-15,7.08832471,1.23,Northeast,2018,4,1
2018-04-22,5.42179315,1.26,Northeast,2018,4,1
2018-04-29,6.67881669,1.1,Northeast,2018,4,1
2018-05-06,8.83640622,1.12,Northeast,2018,5,1
2018-05-13,6.69485489,1.13,Northeast,2018,5,1
2018-05-20,5.60118231,1.25,Northeast,2018,5,1
2018-05-27,7.15685533,1.14,Northeast,2018,5,1
2018-06-03,6.0762762,1.24,Northeast,2018,6,1
2018-06-10,7.28165842,1.1,Northeast,2018,6,1
2018-06-17,6.56364354,1.2,Northeast,2018,6,1
2018-06-24,6.29266915,1.19,Northeast,2018,6,1
2018-07-01,6.19387515,1.22,Northeast,2018,7,1
2018-07-08,6.55274525,1.22,Northeast,2018,7,1
2018-07-15,5.92173245,1.2,Northeast,2018,7,1
2018-07-22,5.61092004,1.19,Northeast,2018,7,1
2018-07-29,5.96003817,1.16,Northeast,2018,7,1
2018-08-05,5.52199685,1.21,Northeast,2018,8,0
2018-08-12,5.87518163,1.19,Northeast,2018,8,0
2018-08-19,5.01985895,1.29,Northeast,2018,8,0
2018-08-26,5.20173421,1.29,Northeast,2018,8,0
2018-09-02,4.8487346,1.38,Northeast,2018,9,0
2018-09-09,5.35917712,1.37,Northeast,2018,9,0
2018-09-16,4.368726,1.36,Northeast,2018,9,0
2018-09-23,4.45513205,1.31,Northeast,2018,9,0
2018-09-30,4.59366458,1.34,Northeast,2018,9,0
2018-10-07,4.47176751,1.32,Northeast,2018,10,0
2018-10-14,4.47641664,1.32,Northeast,2018,10,0
2018-10-21,4.52446931,1.29,Northeast,2018,10,0
2018-10-28,4.97616262,1.31,Northeast,2018,10,0
2018-11-04,4.50420172,1.27,Northeast,2018,11,0
2018-11-11,4.61136931,1.3,Northeast,2018,11,0
2018-11-18,4.11226579,1.34,Northeast,2018,11,0
2018-11-25,2.93005004,1.42,Northeast,2018,11,0
2018-12-02,3.03607724,1.5,Northeast,2018,12,0
2019-01-07,4.63869654,1.323335118,Northeast,2019,1,0
2019-01-13,5.03362591,1.21335635,Northeast,2019,1,0
2019-01-20,5.49479631,1.241988431,Northeast,2019,1,0
2019-01-27,4.19089291,1.307029196,Northeast,2019,1,0
2019-02-03,6.82271098,1.164729652,Northeast,2019,2,1
2019-02-10,5.44005744,1.116619864,Northeast,2019,2,1
2019-02-17,4.31920126,1.233720224,Northeast,2019,2,1
2019-02-24,4.50049434,1.249770864,Northeast,2019,2,1
2019-03-03,4.55153466,1.285603145,Northeast,2019,3,1
2019-03-10,5.34324103,1.205867374,Northeast,2019,3,1
2019-03-17,4.63370123,1.273942551,Northeast,2019,3,1
2019-03-24,6.02056855,1.253728084,Northeast,2019,3,1
2019-03-31,4.56896234,1.27996905,Northeast,2019,3,1
2019-04-07,5.2386224,1.253527535,Northeast,2019,4,1
2019-04-14,5.3826266,1.21652408,Northeast,2019,4,1
2019-04-21,3.8178514,1.616392121,Northeast,2019,4,1
2019-04-28,3.61602192,1.603740404,Northeast,2019,4,1
2019-05-05,5.25801795,1.514486976,Northeast,2019,5,1
2019-05-12,4.98618349,1.587951603,Northeast,2019,5,1
2019-05-19,4.37818182,1.601864662,Northeast,2019,5,1
2019-05-26,4.59831307,1.62360914,Northeast,2019,5,1
2019-06-02,4.46084555,1.616981977,Northeast,2019,6,1
2019-06-09,4.67058438,1.582997969,Northeast,2019,6,1
2019-06-16,4.68110133,1.50746907,Northeast,2019,6,1
2019-06-23,4.19909095,1.583515915,Northeast,2019,6,1
2019-06-30,4.38769028,1.518762461,Northeast,2019,6,1
2019-07-07,4.66558916,1.583174919,Northeast,2019,7,1
2019-07-14,4.21603332,1.546477073,Northeast,2019,7,1
2019-07-21,3.92883517,1.632378326,Northeast,2019,7,1
2019-07-28,3.94522795,1.642712857,Northeast,2019,7,1
2019-08-04,3.99175925,1.62437619,Northeast,2019,8,0
2019-08-11,4.03399585,1.596819038,Northeast,2019,8,0
2019-08-18,4.38492145,1.521049491,Northeast,2019,8,0
2019-08-25,4.03032788,1.496973544,Northeast,2019,8,0
2019-09-01,4.60358935,1.52942619,Northeast,2019,9,0
2019-09-08,4.44613576,1.532965903,Northeast,2019,9,0
2019-09-15,3.96910284,1.530348393,Northeast,2019,9,0
2019-09-22,3.93279556,1.473827064,Northeast,2019,9,0
2019-09-29,4.19525549,1.44739708,Northeast,2019,9,0
2019-10-06,4.17226631,1.390581537,Northeast,2019,10,0
2019-10-13,4.37247922,1.447475192,Northeast,2019,10,0
2019-10-20,4.20931691,1.326752521,Northeast,2019,10,0
2019-10-27,3.92235944,1.408238164,Northeast,2019,10,0
2019-11-03,3.74806243,1.359670488,Northeast,2019,11,0
2019-11-10,4.09848766,1.297508186,Northeast,2019,11,0
2019-11-17,4.15424339,1.312754197,Northeast,2019,11,0
2019-11-24,4.14498518,1.281162697,Northeast,2019,11,0
2019-12-01,3.48211464,1.343814705,Northeast,2019,12,0
2019-12-08,4.2759935,1.242470009,Northeast,2019,12,0
2019-12-15,3.8778499,1.276914449,Northeast,2019,12,0
2019-12-22,3.56496651,1.368630492,Northeast,2019,12,0
2019-12-29,3.65448019,1.280710273,Northeast,2019,12,0
2020-01-06,5.56939533,1.201642223,Northeast,2020,1,0
2020-01-12,4.78362716,1.315759576,Northeast,2020,1,0
2020-01-19,5.11169277,1.250497426,Northeast,2020,1,0
2020-01-26,4.9242191,1.253270844,Northeast,2020,1,0
2020-02-02,6.78581939,1.24396392,Northeast,2020,2,1
2020-02-09,5.7063598,1.254000577,Northeast,2020,2,1
2020-02-16,4.3510085,1.373165233,Northeast,2020,2,1
2020-02-23,4.5936428,1.381146035,Northeast,2020,2,1
2020-03-01,4.35305502,1.47763928,Northeast,2020,3,1
2020-03-08,4.88449451,1.460285481,Northeast,2020,3,1
2020-03-15,5.65976085,1.478916374,Northeast,2020,3,1
2020-03-22,5.4874836,1.528332061,Northeast,2020,3,1
