price_optimization/HAB_data_2015to2022.csv
date,units_sold,price,region,year,month,peak
2020-03-29,5.35647236,1.478540416,Northeast,2020,3,1
2020-04-05,5.53334338,1.520965238,Northeast,2020,4,1
2020-04-12,5.43882686,1.513304273,Northeast,2020,4,1
2020-04-19,5.18835951,1.505933322,Northeast,2020,4,1
2020-04-26,6.46463895,1.368115803,Northeast,2020,4,1
2020-05-03,6.1674536,1.483404713,Northeast,2020,5,1
2020-05-10,7.16639815,1.443697848,Northeast,2020,5,1
2020-05-17,6.08653529,1.492046035,Northeast,2020,5,1
2020-05-24,6.45017354,1.486860731,Northeast,2020,5,1
2020-05-31,7.44193015,1.343871203,Northeast,2020,5,1
2020-06-07,6.34624256,1.432751287,Northeast,2020,6,1
2020-06-14,8.09060796,1.232825939,Northeast,2020,6,1
2020-06-21,6.07159558,1.444900222,Northeast,2020,6,1
2020-06-28,5.94776202,1.427753076,Northeast,2020,6,1
2020-07-05,6.73801357,1.287096127,Northeast,2020,7,1
2020-07-12,6.30726319,1.276331631,Northeast,2020,7,1
2020-07-19,6.55235422,1.208151627,Northeast,2020,7,1
2020-07-26,6.3353835,1.234709862,Northeast,2020,7,1
2020-08-02,5.95507257,1.219221477,Northeast,2020,8,0
2020-08-09,6.30367527,1.152531802,Northeast,2020,8,0
2020-08-16,6.31879689,1.19263051,Northeast,2020,8,0
2020-08-23,5.94669882,1.159534226,Northeast,2020,8,0
2020-08-30,5.96671335,1.151610568,Northeast,2020,8,0
2020-09-06,5.81161133,1.184115153,Northeast,2020,9,0
2020-09-13,5.52258451,1.178343929,Northeast,2020,9,0
2020-09-20,5.53765646,1.155290542,Northeast,2020,9,0
2020-09-27,5.37425597,1.176325684,Northeast,2020,9,0
2020-10-04,5.26513188,1.184133601,Northeast,2020,10,0
2020-10-11,5.42509656,1.155547975,Northeast,2020,10,0
2020-10-18,5.15233408,1.142201226,Northeast,2020,10,0
2020-10-25,5.27007394,1.142728766,Northeast,2020,10,0
2020-11-01,5.17488718,1.167636889,Northeast,2020,11,0
2020-11-08,5.12350454,1.157698093,Northeast,2020,11,0
2020-11-15,5.33507441,1.177734117,Northeast,2020,11,0
2020-11-22,5.18440016,1.102469561,Northeast,2020,11,0
2020-11-29,4.32653316,1.13977171,Northeast,2020,11,0
2020-12-06,5.21654229,1.114191649,Northeast,2020,12,0
2020-12-13,5.22510754,1.093282535,Northeast,2020,12,0
2020-12-20,4.91437953,1.170648727,Northeast,2020,12,0
2020-12-27,4.6315512,1.129388225,Northeast,2020,12,0
2021-01-04,5.84177393,1.059885724,Northeast,2021,1,0
2021-01-10,5.87396135,1.127282147,Northeast,2021,1,0
2021-01-17,6.21166395,1.112925786,Northeast,2021,1,0
2021-01-24,6.68319835,1.038968173,Northeast,2021,1,0
2021-01-31,6.55245601,1.052122452,Northeast,2021,1,0
2021-02-07,7.30771079,1.037253876,Northeast,2021,2,1
2021-02-14,6.76888469,1.049859829,Northeast,2021,2,1
2021-02-21,5.83472652,1.113391082,Northeast,2021,2,1
2021-02-28,6.0471971,1.104564893,Northeast,2021,2,1
2021-03-07,6.28631371,1.10959718,Northeast,2021,3,1
2021-03-14,6.19448,1.127781835,Northeast,2021,3,1
2021-03-21,6.29684129,1.098451217,Northeast,2021,3,1
2021-03-28,6.13696296,1.19294567,Northeast,2021,3,1
2021-04-04,6.13976535,1.226318028,Northeast,2021,4,1
2021-04-11,5.75779658,1.238105462,Northeast,2021,4,1
2021-04-18,6.00648718,1.262092626,Northeast,2021,4,1
2021-04-25,5.88025159,1.273465652,Northeast,2021,4,1
2021-05-02,6.33912089,1.229401458,Northeast,2021,5,1
2021-05-09,6.65127426,1.196951955,Northeast,2021,5,1
2021-05-16,5.51869995,1.25163547,Northeast,2021,5,1
2021-05-23,6.13159088,1.248497081,Northeast,2021,5,1
2021-05-30,5.87421759,1.307990491,Northeast,2021,5,1
2021-06-06,5.859002,1.25996693,Northeast,2021,6,1
2021-06-13,5.80850307,1.276275797,Northeast,2021,6,1
2021-06-20,5.78167795,1.300727311,Northeast,2021,6,1
2021-06-27,5.54730369,1.289636108,Northeast,2021,6,1
2021-07-04,6.01203446,1.287112565,Northeast,2021,7,1
2021-07-11,5.53773726,1.284525223,Northeast,2021,7,1
2021-07-18,5.53057405,1.245617491,Northeast,2021,7,1
2021-07-25,5.1944483,1.257554748,Northeast,2021,7,1
2021-08-01,5.38547332,1.21252306,Northeast,2021,8,0
2021-08-08,5.23086713,1.229007594,Northeast,2021,8,0
2021-08-15,5.31430227,1.205045963,Northeast,2021,8,0
2021-08-22,5.21530308,1.217055074,Northeast,2021,8,0
2021-08-29,5.22929082,1.14274261,Northeast,2021,8,0
2021-09-05,4.83975419,1.170594716,Northeast,2021,9,0
2021-09-12,4.7312581,1.200725639,Northeast,2021,9,0
2021-09-19,4.31149521,1.295801996,Northeast,2021,9,0
2021-09-26,4.59042798,1.294222901,Northeast,2021,9,0
2021-10-03,4.53589892,1.339004863,Northeast,2021,10,0
2021-10-10,4.98729311,1.304922083,Northeast,2021,10,0
2021-10-17,4.6697048,1.363163834,Northeast,2021,10,0
2021-10-24,4.4715649,1.371915265,Northeast,2021,10,0
2021-10-31,4.63071177,1.335352791,Northeast,2021,10,0
2021-11-07,4.90703011,1.299708882,Northeast,2021,11,0
2021-11-14,4.60762399,1.337185056,Northeast,2021,11,0
2021-11-21,4.70386206,1.328563917,Northeast,2021,11,0
2021-11-28,3.91434444,1.363147945,Northeast,2021,11,0
2022-01-03,5.39715396,1.256217667,Northeast,2022,1,0
2022-01-09,5.33343747,1.372697887,Northeast,2022,1,0
2022-01-16,5.89312413,1.348573984,Northeast,2022,1,0
2022-01-23,5.22482187,1.41942692,Northeast,2022,1,0
2022-01-30,6.31747113,1.432087818,Northeast,2022,1,0
2022-02-06,5.14807995,1.462482043,Northeast,2022,2,1
2022-02-13,7.19901006,1.396732051,Northeast,2022,2,1
2022-02-20,5.56212746,1.452032302,Northeast,2022,2,1
2022-02-27,5.77747443,1.483255747,Northeast,2022,2,1
2022-03-06,4.72594941,1.549523289,Northeast,2022,3,1
2022-03-13,4.85149054,1.576057165,Northeast,2022,3,1
2022-03-20,4.71334146,1.589549354,Northeast,2022,3,1
2022-03-27,5.6347864,1.570967639,Northeast,2022,3,1
2022-04-03,4.92144378,1.573017184,Northeast,2022,4,1
2022-04-10,4.81561945,1.459877247,Northeast,2022,4,1
2022-04-17,4.33270397,1.553121106,Northeast,2022,4,1
2022-04-24,4.882593,1.544431617,Northeast,2022,4,1
2022-05-01,5.868075,1.476641658,Northeast,2022,5,1
2022-05-08,5.584043,1.616569572,Northeast,2022,5,1
2022-05-15,4.668815,1.644873485,Northeast,2022,5,1
2015-01-04,5.14426701,0.77,SouthCentral,2015,1,0
2015-01-11,5.40972602,0.8,SouthCentral,2015,1,0
2015-01-18,5.32262557,0.79,SouthCentral,2015,1,0
2015-01-25,5.14225993,0.81,SouthCentral,2015,1,0
2015-02-01,6.93435631,0.71,SouthCentral,2015,2,1
2015-02-08,5.90023215,0.73,SouthCentral,2015,2,1
2015-02-15,5.20497191,0.8,SouthCentral,2015,2,1
2015-02-22,5.20827273,0.85,SouthCentral,2015,2,1
2015-03-01,5.31443193,0.87,SouthCentral,2015,3,1
2015-03-08,5.86499981,0.8,SouthCentral,2015,3,1
2015-03-15,5.70375921,0.79,SouthCentral,2015,3,1
2015-03-22,6.0088179,0.76,SouthCentral,2015,3,1
2015-03-29,5.71301735,0.82,SouthCentral,2015,3,1
2015-04-05,6.36872885,0.83,SouthCentral,2015,4,1
2015-04-12,5.93007271,0.8,SouthCentral,2015,4,1
2015-04-19,5.59388509,0.82,SouthCentral,2015,4,1
2015-04-26,5.57898069,0.83,SouthCentral,2015,4,1
2015-05-03,6.55872933,0.78,SouthCentral,2015,5,1
2015-05-10,6.40034097,0.79,SouthCentral,2015,5,1
2015-05-17,5.83178244,0.79,SouthCentral,2015,5,1
2015-05-24,5.90359618,0.83,SouthCentral,2015,5,1
2015-05-31,6.34995765,0.74,SouthCentral,2015,5,1
2015-06-07,6.23400644,0.75,SouthCentral,2015,6,1
2015-06-14,7.28180361,0.69,SouthCentral,2015,6,1
2015-06-21,6.15360875,0.79,SouthCentral,2015,6,1
2015-06-28,6.02410365,0.77,SouthCentral,2015,6,1
2015-07-05,6.38028771,0.83,SouthCentral,2015,7,1
2015-07-12,5.54436695,0.82,SouthCentral,2015,7,1
2015-07-19,5.70394056,0.83,SouthCentral,2015,7,1
2015-07-26,5.82252179,0.81,SouthCentral,2015,7,1
2015-08-02,5.14233564,0.9,SouthCentral,2015,8,0
2015-08-09,5.35339356,0.89,SouthCentral,2015,8,0
2015-08-16,5.40982302,0.89,SouthCentral,2015,8,0
2015-08-23,5.23557944,0.89,SouthCentral,2015,8,0
2015-08-30,5.20025265,0.87,SouthCentral,2015,8,0
2015-09-06,5.97952824,0.86,SouthCentral,2015,9,0
2015-09-13,5.76184867,0.88,SouthCentral,2015,9,0
2015-09-20,5.21173831,0.83,SouthCentral,2015,9,0
2015-09-27,4.98738136,0.87,SouthCentral,2015,9,0
2015-10-04,5.20153532,0.84,SouthCentral,2015,10,0
2015-10-11,5.23604786,0.83,SouthCentral,2015,10,0
2015-10-18,4.68770556,0.87,SouthCentral,2015,10,0
2015-10-25,4.91206804,0.86,SouthCentral,2015,10,0
2015-11-01,5.07255094,0.81,SouthCentral,2015,11,0
2015-11-08,4.86481401,0.8,SouthCentral,2015,11,0
2015-11-15,4.94368709,0.76,SouthCentral,2015,11,0
2015-11-22,4.34751051,0.8,SouthCentral,2015,11,0
2015-11-29,3.96957889,0.82,SouthCentral,2015,11,0
2015-12-06,4.93852647,0.76,SouthCentral,2015,12,0
2015-12-13,4.86930942,0.78,SouthCentral,2015,12,0
2015-12-20,4.56520785,0.81,SouthCentral,2015,12,0
2015-12-27,4.83166477,0.81,SouthCentral,2015,12,0
2016-01-03,5.69394207,0.79,SouthCentral,2016,1,0
2016-01-10,5.64763502,0.84,SouthCentral,2016,1,0
2016-01-17,5.73562703,0.81,SouthCentral,2016,1,0
2016-01-24,3.89823529,0.94,SouthCentral,2016,1,0
2016-01-31,5.8501284,0.79,SouthCentral,2016,1,0
2016-02-07,7.6063518,0.7,SouthCentral,2016,2,1
2016-02-14,6.34960168,0.7,SouthCentral,2016,2,1
2016-02-21,5.10838141,0.82,SouthCentral,2016,2,1
2016-02-28,5.69845409,0.77,SouthCentral,2016,2,1
2016-03-06,5.84814087,0.78,SouthCentral,2016,3,1
2016-03-13,5.89407033,0.79,SouthCentral,2016,3,1
2016-03-20,6.2767648,0.77,SouthCentral,2016,3,1
2016-03-27,6.55330882,0.77,SouthCentral,2016,3,1
2016-04-03,6.15450304,0.74,SouthCentral,2016,4,1
2016-04-10,6.41426317,0.73,SouthCentral,2016,4,1
2016-04-17,6.65707354,0.71,SouthCentral,2016,4,1
2016-04-24,6.89390054,0.7,SouthCentral,2016,4,1
2016-05-01,6.95348871,0.71,SouthCentral,2016,5,1
2016-05-08,7.28188735,0.72,SouthCentral,2016,5,1
2016-05-15,6.72812077,0.73,SouthCentral,2016,5,1
2016-05-22,6.68032325,0.72,SouthCentral,2016,5,1
2016-05-29,6.23967727,0.8,SouthCentral,2016,5,1
2016-06-05,6.35140069,0.83,SouthCentral,2016,6,1
2016-06-12,6.19528467,0.85,SouthCentral,2016,6,1
2016-06-19,6.00553529,0.89,SouthCentral,2016,6,1
2016-06-26,6.04626446,0.89,SouthCentral,2016,6,1
2016-07-03,6.4945333,0.91,SouthCentral,2016,7,1
2016-07-10,5.64646001,0.91,SouthCentral,2016,7,1
2016-07-17,5.44944163,0.94,SouthCentral,2016,7,1
2016-07-24,5.52847532,0.97,SouthCentral,2016,7,1
2016-07-31,5.13090002,0.98,SouthCentral,2016,7,1
2016-08-07,5.64794041,0.93,SouthCentral,2016,8,0
2016-08-14,5.38503537,0.94,SouthCentral,2016,8,0
2016-08-21,5.68204661,0.87,SouthCentral,2016,8,0
2016-08-28,5.7757217,0.84,SouthCentral,2016,8,0
2016-09-04,6.80263525,0.78,SouthCentral,2016,9,0
2016-09-11,6.23607855,0.82,SouthCentral,2016,9,0
2016-09-18,6.13065355,0.86,SouthCentral,2016,9,0
2016-09-25,5.34483749,0.98,SouthCentral,2016,9,0
2016-10-02,5.00665975,1.01,SouthCentral,2016,10,0
2016-10-09,5.41659181,1,SouthCentral,2016,10,0
2016-10-16,4.96765141,1.03,SouthCentral,2016,10,0
2016-10-23,4.47759456,1.09,SouthCentral,2016,10,0
2016-10-30,3.73313522,1.19,SouthCentral,2016,10,0
2016-11-06,4.21462413,1.16,SouthCentral,2016,11,0
2016-11-13,4.22467732,1.11,SouthCentral,2016,11,0
2016-11-20,4.15051067,1.06,SouthCentral,2016,11,0
2016-11-27,4.06484735,0.93,SouthCentral,2016,11,0
2016-12-04,5.58411456,0.76,SouthCentral,2016,12,0
2016-12-11,5.03120693,0.76,SouthCentral,2016,12,0
2016-12-18,5.48320789,0.72,SouthCentral,2016,12,0
2016-12-25,5.63004184,0.79,SouthCentral,2016,12,0
2017-01-01,6.68727364,0.64,SouthCentral,2017,1,0
2017-01-08,6.34796479,0.74,SouthCentral,2017,1,0
2017-01-15,7.10372614,0.68,SouthCentral,2017,1,0
2017-01-22,6.2076385,0.74,SouthCentral,2017,1,0
2017-01-29,6.44969815,0.76,SouthCentral,2017,1,0
2017-02-05,9.42160922,0.62,SouthCentral,2017,2,1
2017-02-12,7.04307806,0.68,SouthCentral,2017,2,1
2017-02-19,5.95322287,0.75,SouthCentral,2017,2,1
2017-02-26,6.8088054,0.7,SouthCentral,2017,2,1
2017-03-05,5.63778974,0.87,SouthCentral,2017,3,1
2017-03-12,5.31653073,0.93,SouthCentral,2017,3,1
2017-03-19,5.49874296,0.94,SouthCentral,2017,3,1
2017-03-26,5.80554199,0.93,SouthCentral,2017,3,1
2017-04-02,6.777539,0.84,SouthCentral,2017,4,1
2017-04-09,6.18382303,0.92,SouthCentral,2017,4,1
2017-04-16,6.94989075,0.88,SouthCentral,2017,4,1
2017-04-23,7.52306126,0.83,SouthCentral,2017,4,1
2017-04-30,7.48393118,0.86,SouthCentral,2017,4,1
2017-05-07,7.92289843,0.85,SouthCentral,2017,5,1
2017-05-14,6.551804,0.92,SouthCentral,2017,5,1
2017-05-21,6.08479699,0.94,SouthCentral,2017,5,1
2017-05-28,6.54904384,0.96,SouthCentral,2017,5,1
2017-06-04,6.58588205,0.93,SouthCentral,2017,6,1
2017-06-11,6.52648894,0.93,SouthCentral,2017,6,1
2017-06-18,7.41726407,0.89,SouthCentral,2017,6,1
2017-06-25,6.46642964,0.92,SouthCentral,2017,6,1
2017-07-02,6.6758921,0.92,SouthCentral,2017,7,1
2017-07-09,7.19496749,0.86,SouthCentral,2017,7,1
2017-07-16,5.78089313,1.02,SouthCentral,2017,7,1
2017-07-23,5.55058651,1.05,SouthCentral,2017,7,1
2017-07-30,5.54839024,1.06,SouthCentral,2017,7,1
2017-08-06,5.88272851,1.03,SouthCentral,2017,8,0
2017-08-13,6.05847832,1.05,SouthCentral,2017,8,0
2017-08-20,5.41286659,1.06,SouthCentral,2017,8,0
2017-08-27,5.3032604,1.17,SouthCentral,2017,8,0
2017-09-03,4.67778449,1.24,SouthCentral,2017,9,0
2017-09-10,4.92655569,1.22,SouthCentral,2017,9,0
2017-09-17,4.68509186,1.27,SouthCentral,2017,9,0
2017-09-24,4.40534375,1.33,SouthCentral,2017,9,0
2017-10-01,4.48889201,1.34,SouthCentral,2017,10,0
2017-10-08,4.73515221,1.32,SouthCentral,2017,10,0
2017-10-15,4.55317077,1.3,SouthCentral,2017,10,0
2017-10-22,4.91910269,1.15,SouthCentral,2017,10,0
2017-10-29,5.16741942,1.1,SouthCentral,2017,10,0
2017-11-05,5.79807788,0.99,SouthCentral,2017,11,0
2017-11-12,5.627547,0.95,SouthCentral,2017,11,0
2017-11-19,4.864335,0.97,SouthCentral,2017,11,0
2017-11-26,4.362824,0.96,SouthCentral,2017,11,0
2017-12-03,6.037641,0.84,SouthCentral,2017,12,0
2017-12-10,6.11374937,0.8,SouthCentral,2017,12,0
2017-12-17,4.95175635,0.9,SouthCentral,2017,12,0
2017-12-24,5.14029684,1,SouthCentral,2017,12,0
2017-12-31,6.15066532,0.85,SouthCentral,2017,12,0
2018-01-01,6.15066532,0.85,SouthCentral,2018,1,0
2018-01-07,6.14873219,0.9,SouthCentral,2018,1,0
2018-01-14,6.5144417,0.96,SouthCentral,2018,1,0
2018-01-21,7.12844675,0.86,SouthCentral,2018,1,0
2018-01-28,7.11084099,0.82,SouthCentral,2018,1,0
2018-02-04,10.32317459,0.65,SouthCentral,2018,2,1
2018-02-11,8.04396541,0.7,SouthCentral,2018,2,1
2018-02-18,7.057862,0.78,SouthCentral,2018,2,1
2018-02-25,7.64847857,0.76,SouthCentral,2018,2,1
2018-03-04,7.39971674,0.79,SouthCentral,2018,3,1
2018-03-11,6.62129303,0.89,SouthCentral,2018,3,1
2018-03-18,6.57914413,0.86,SouthCentral,2018,3,1
2018-03-25,9.01058832,0.7,SouthCentral,2018,3,1
2018-04-01,8.51527086,0.76,SouthCentral,2018,4,1
2018-04-08,6.75710177,0.88,SouthCentral,2018,4,1
2018-04-15,8.6462858,0.75,SouthCentral,2018,4,1
2018-04-22,8.71243441,0.71,SouthCentral,2018,4,1
2018-04-29,6.79465203,0.86,SouthCentral,2018,4,1
2018-05-06,10.25274873,0.7,SouthCentral,2018,5,1
2018-05-13,8.6289452,0.71,SouthCentral,2018,5,1
2018-05-20,8.84942691,0.69,SouthCentral,2018,5,1
2018-05-27,9.15765554,0.7,SouthCentral,2018,5,1
2018-06-03,7.72790488,0.81,SouthCentral,2018,6,1
2018-06-10,7.47601211,0.81,SouthCentral,2018,6,1
2018-06-17,7.23525598,0.87,SouthCentral,2018,6,1
2018-06-24,7.59431973,0.8,SouthCentral,2018,6,1
2018-07-01,7.64557039,0.82,SouthCentral,2018,7,1
2018-07-08,9.0503477,0.74,SouthCentral,2018,7,1
2018-07-15,8.02389853,0.79,SouthCentral,2018,7,1
2018-07-22,7.1711572,0.88,SouthCentral,2018,7,1
2018-07-29,6.83004257,0.88,SouthCentral,2018,7,1
2018-08-05,6.45208258,0.95,SouthCentral,2018,8,0
2018-08-12,6.48403276,0.93,SouthCentral,2018,8,0
2018-08-19,7.33494916,0.84,SouthCentral,2018,8,0
2018-08-26,6.59501366,0.95,SouthCentral,2018,8,0
2018-09-02,6.5428409,1.01,SouthCentral,2018,9,0
2018-09-09,6.50152114,1.02,SouthCentral,2018,9,0
2018-09-16,6.14228125,1.02,SouthCentral,2018,9,0
2018-09-23,6.49228017,0.94,SouthCentral,2018,9,0
2018-09-30,7.46034491,0.78,SouthCentral,2018,9,0
2018-10-07,7.37152713,0.81,SouthCentral,2018,10,0
2018-10-14,6.5889349,0.86,SouthCentral,2018,10,0
2018-10-21,6.28876881,0.86,SouthCentral,2018,10,0
2018-10-28,7.11938464,0.77,SouthCentral,2018,10,0
2018-11-04,6.87867282,0.77,SouthCentral,2018,11,0
2018-11-11,7.17525704,0.72,SouthCentral,2018,11,0
2018-11-18,5.36018177,0.77,SouthCentral,2018,11,0
2018-11-25,3.68713018,0.88,SouthCentral,2018,11,0
2018-12-02,5.61534114,0.85,SouthCentral,2018,12,0
2019-01-07,6.28679107,0.840955676,SouthCentral,2019,1,0
2019-01-13,6.69754595,0.842279464,SouthCentral,2019,1,0
2019-01-20,6.61187034,0.866962191,SouthCentral,2019,1,0
2019-01-27,6.60793531,0.834145589,SouthCentral,2019,1,0
2019-02-03,8.01102411,0.762335853,SouthCentral,2019,2,1
2019-02-10,6.581704,0.767411976,SouthCentral,2019,2,1
2019-02-17,6.10230061,0.80651099,SouthCentral,2019,2,1
2019-02-24,6.33374193,0.805729784,SouthCentral,2019,2,1
2019-03-03,6.22761921,0.826502017,SouthCentral,2019,3,1
2019-03-10,6.765613,0.782261154,SouthCentral,2019,3,1
2019-03-17,6.65080678,0.748648136,SouthCentral,2019,3,1
2019-03-24,6.53317019,0.823102731,SouthCentral,2019,3,1
2019-03-31,6.84732615,0.797210757,SouthCentral,2019,3,1
2019-04-07,6.3673916,0.894158914,SouthCentral,2019,4,1
2019-04-14,6.12509152,1.004055989,SouthCentral,2019,4,1
2019-04-21,5.87033209,1.119621676,SouthCentral,2019,4,1
2019-04-28,5.28721809,1.151307204,SouthCentral,2019,4,1
2019-05-05,6.37121253,1.075698083,SouthCentral,2019,5,1
2019-05-12,6.31154698,0.996664279,SouthCentral,2019,5,1
2019-05-19,5.50151005,1.033962935,SouthCentral,2019,5,1
2019-05-26,5.63508804,1.069134555,SouthCentral,2019,5,1
2019-06-02,5.55591206,1.101955324,SouthCentral,2019,6,1
2019-06-09,5.53198125,1.136482352,SouthCentral,2019,6,1
2019-06-16,5.17242122,1.191856245,SouthCentral,2019,6,1
2019-06-23,5.48133834,1.163796404,SouthCentral,2019,6,1
2019-06-30,5.11531031,1.241967331,SouthCentral,2019,6,1
2019-07-07,5.05590184,1.366445728,SouthCentral,2019,7,1
2019-07-14,4.60449124,1.363599522,SouthCentral,2019,7,1
2019-07-21,4.3640587,1.310974701,SouthCentral,2019,7,1
2019-07-28,4.58511102,1.276725121,SouthCentral,2019,7,1
2019-08-04,4.70760798,1.241709006,SouthCentral,2019,8,0
2019-08-11,4.88595894,1.181011998,SouthCentral,2019,8,0
2019-08-18,4.84532423,1.207559908,SouthCentral,2019,8,0
2019-08-25,6.15078849,0.984241864,SouthCentral,2019,8,0
2019-09-01,5.21513903,1.047636892,SouthCentral,2019,9,0
2019-09-08,5.33943863,1.051728298,SouthCentral,2019,9,0
2019-09-15,5.37493273,1.074410942,SouthCentral,2019,9,0
