price_optimization/HAB_data_2015to2022.csv
date,units_sold,price,region,year,month,peak
2019-09-22,5.14982276,1.039163032,SouthCentral,2019,9,0
2019-09-29,4.9451326,1.041296158,SouthCentral,2019,9,0
2019-10-06,5.44520697,1.012614911,SouthCentral,2019,10,0
2019-10-13,5.47545352,0.98579125,SouthCentral,2019,10,0
2019-10-20,5.18309263,0.909833094,SouthCentral,2019,10,0
2019-10-27,5.2898036,0.897324074,SouthCentral,2019,10,0
2019-11-03,5.32790864,0.85111135,SouthCentral,2019,11,0
2019-11-10,5.01215722,0.879408171,SouthCentral,2019,11,0
2019-11-17,5.90213459,0.719419078,SouthCentral,2019,11,0
2019-11-24,4.64253691,0.830456502,SouthCentral,2019,11,0
2019-12-01,4.81696757,0.782148946,SouthCentral,2019,12,0
2019-12-08,5.31490183,0.748596665,SouthCentral,2019,12,0
2019-12-15,4.87134346,0.806279222,SouthCentral,2019,12,0
2019-12-22,5.16267035,0.759267077,SouthCentral,2019,12,0
2019-12-29,5.33789198,0.711035336,SouthCentral,2019,12,0
2020-01-06,5.34986191,0.816119675,SouthCentral,2020,1,0
2020-01-12,6.55354014,0.704596186,SouthCentral,2020,1,0
2020-01-19,7.00594634,0.632036148,SouthCentral,2020,1,0
2020-01-26,5.83496878,0.774351933,SouthCentral,2020,1,0
2020-02-02,8.14860019,0.627061631,SouthCentral,2020,2,1
2020-02-09,6.7789858,0.694904311,SouthCentral,2020,2,1
2020-02-16,6.00663363,0.733053868,SouthCentral,2020,2,1
2020-02-23,5.88374201,0.79150304,SouthCentral,2020,2,1
2020-03-01,6.17354422,0.806695391,SouthCentral,2020,3,1
2020-03-08,6.01066721,0.872246535,SouthCentral,2020,3,1
2020-03-15,7.18579345,0.915913476,SouthCentral,2020,3,1
2020-03-22,7.24782044,0.922870291,SouthCentral,2020,3,1
2020-03-29,6.02269496,0.989943189,SouthCentral,2020,3,1
2020-04-05,6.99357235,0.926880763,SouthCentral,2020,4,1
2020-04-12,6.95036181,0.904182377,SouthCentral,2020,4,1
2020-04-19,7.17766896,0.890989127,SouthCentral,2020,4,1
2020-04-26,6.61212172,0.974423583,SouthCentral,2020,4,1
2020-05-03,7.08134674,0.918103547,SouthCentral,2020,5,1
2020-05-10,7.62494977,0.858257972,SouthCentral,2020,5,1
2020-05-17,7.01007382,0.925446596,SouthCentral,2020,5,1
2020-05-24,7.60947193,0.876868389,SouthCentral,2020,5,1
2020-05-31,7.34613437,0.832158468,SouthCentral,2020,5,1
2020-06-07,7.5504408,0.766036615,SouthCentral,2020,6,1
2020-06-14,6.9186426,0.815849585,SouthCentral,2020,6,1
2020-06-21,6.77316481,0.846618283,SouthCentral,2020,6,1
2020-06-28,6.18072169,0.844593722,SouthCentral,2020,6,1
2020-07-05,7.18522589,0.821155724,SouthCentral,2020,7,1
2020-07-12,6.56652673,0.802057146,SouthCentral,2020,7,1
2020-07-19,6.5512639,0.808707405,SouthCentral,2020,7,1
2020-07-26,6.26852937,0.816277622,SouthCentral,2020,7,1
2020-08-02,6.10300714,0.803015181,SouthCentral,2020,8,0
2020-08-09,6.33397528,0.82447035,SouthCentral,2020,8,0
2020-08-16,6.59252448,0.786633989,SouthCentral,2020,8,0
2020-08-23,6.93669879,0.749245553,SouthCentral,2020,8,0
2020-08-30,6.56245055,0.745326874,SouthCentral,2020,8,0
2020-09-06,6.65912668,0.765886324,SouthCentral,2020,9,0
2020-09-13,6.40826078,0.755699199,SouthCentral,2020,9,0
2020-09-20,6.26923191,0.759274764,SouthCentral,2020,9,0
2020-09-27,6.07649564,0.747182692,SouthCentral,2020,9,0
2020-10-04,6.01679652,0.75396021,SouthCentral,2020,10,0
2020-10-11,6.06722557,0.744539271,SouthCentral,2020,10,0
2020-10-18,5.68311806,0.760275187,SouthCentral,2020,10,0
2020-10-25,5.84299024,0.750962648,SouthCentral,2020,10,0
2020-11-01,6.02339013,0.70596866,SouthCentral,2020,11,0
2020-11-08,5.94234744,0.712832877,SouthCentral,2020,11,0
2020-11-15,6.48811894,0.673769149,SouthCentral,2020,11,0
2020-11-22,5.83955694,0.66041341,SouthCentral,2020,11,0
2020-11-29,5.29652754,0.635158032,SouthCentral,2020,11,0
2020-12-06,5.74729721,0.661376243,SouthCentral,2020,12,0
2020-12-13,5.99390156,0.664199052,SouthCentral,2020,12,0
2020-12-20,5.62935089,0.674896501,SouthCentral,2020,12,0
2020-12-27,5.45051872,0.671505385,SouthCentral,2020,12,0
2021-01-04,6.6364346,0.6193928,SouthCentral,2021,1,0
2021-01-10,6.9317396,0.640815095,SouthCentral,2021,1,0
2021-01-17,6.45968134,0.694374905,SouthCentral,2021,1,0
2021-01-24,6.58195761,0.683369927,SouthCentral,2021,1,0
2021-01-31,6.74901207,0.701977139,SouthCentral,2021,1,0
2021-02-07,7.98905302,0.649054034,SouthCentral,2021,2,1
2021-02-14,7.27588921,0.692704241,SouthCentral,2021,2,1
2021-02-21,4.87456428,0.697496005,SouthCentral,2021,2,1
2021-02-28,6.65283317,0.69478296,SouthCentral,2021,2,1
2021-03-07,6.72215024,0.699884046,SouthCentral,2021,3,1
2021-03-14,6.54623581,0.737287195,SouthCentral,2021,3,1
2021-03-21,6.60374949,0.734092818,SouthCentral,2021,3,1
2021-03-28,5.94595099,0.873180379,SouthCentral,2021,3,1
2021-04-04,6.26984359,0.882717316,SouthCentral,2021,4,1
2021-04-11,5.80456423,0.908249901,SouthCentral,2021,4,1
2021-04-18,5.93447645,0.916829204,SouthCentral,2021,4,1
2021-04-25,6.05512334,0.877688839,SouthCentral,2021,4,1
2021-05-02,6.05518255,0.90834936,SouthCentral,2021,5,1
2021-05-09,6.13484085,0.913748246,SouthCentral,2021,5,1
2021-05-16,5.83756398,0.899116839,SouthCentral,2021,5,1
2021-05-23,5.84664825,0.877656072,SouthCentral,2021,5,1
2021-05-30,6.23981243,0.88782807,SouthCentral,2021,5,1
2021-06-06,6.21170033,0.879095696,SouthCentral,2021,6,1
2021-06-13,6.52775667,0.833092007,SouthCentral,2021,6,1
2021-06-20,6.14003816,0.907405512,SouthCentral,2021,6,1
2021-06-27,6.23598764,0.857225199,SouthCentral,2021,6,1
2021-07-04,6.42461949,0.863582102,SouthCentral,2021,7,1
2021-07-11,6.34776511,0.80718718,SouthCentral,2021,7,1
2021-07-18,6.36400815,0.794260641,SouthCentral,2021,7,1
2021-07-25,6.35503808,0.792361091,SouthCentral,2021,7,1
2021-08-01,5.52474355,0.871654625,SouthCentral,2021,8,0
2021-08-08,5.94227509,0.831288243,SouthCentral,2021,8,0
2021-08-15,5.79443541,0.827015565,SouthCentral,2021,8,0
2021-08-22,5.86278662,0.817748485,SouthCentral,2021,8,0
2021-08-29,6.01088749,0.851094585,SouthCentral,2021,8,0
2021-09-05,5.93295236,0.87640207,SouthCentral,2021,9,0
2021-09-12,5.59883444,0.912895515,SouthCentral,2021,9,0
2021-09-19,5.53293297,0.947433068,SouthCentral,2021,9,0
2021-09-26,5.61771565,0.92828506,SouthCentral,2021,9,0
2021-10-03,4.48645366,0.994753771,SouthCentral,2021,10,0
2021-10-10,4.68580753,0.992609962,SouthCentral,2021,10,0
2021-10-17,4.52447359,0.995640944,SouthCentral,2021,10,0
2021-10-24,4.62404234,0.970115917,SouthCentral,2021,10,0
2021-10-31,5.08742031,0.874641192,SouthCentral,2021,10,0
2021-11-07,4.39732001,0.96354646,SouthCentral,2021,11,0
2021-11-14,4.53968385,0.951335426,SouthCentral,2021,11,0
2021-11-21,4.13843622,0.976214678,SouthCentral,2021,11,0
2021-11-28,3.76722216,0.962109563,SouthCentral,2021,11,0
2022-01-03,5.30615057,0.859506893,SouthCentral,2022,1,0
2022-01-09,4.79538856,0.996252109,SouthCentral,2022,1,0
2022-01-16,5.09252808,1.06718596,SouthCentral,2022,1,0
2022-01-23,4.88670465,1.07483289,SouthCentral,2022,1,0
2022-01-30,4.95073242,1.111615286,SouthCentral,2022,1,0
2022-02-06,4.92411388,1.11758425,SouthCentral,2022,2,1
2022-02-13,6.19882648,0.952527779,SouthCentral,2022,2,1
2022-02-20,5.44653964,1.022521655,SouthCentral,2022,2,1
2022-02-27,4.81343022,1.083684467,SouthCentral,2022,2,1
2022-03-06,4.74282947,1.130951444,SouthCentral,2022,3,1
2022-03-13,4.71903166,1.174975777,SouthCentral,2022,3,1
2022-03-20,4.81864204,1.15540804,SouthCentral,2022,3,1
2022-03-27,4.91540117,1.152080589,SouthCentral,2022,3,1
2022-04-03,4.98444971,1.169446582,SouthCentral,2022,4,1
2022-04-10,5.32648993,1.11875461,SouthCentral,2022,4,1
2022-04-17,4.84576646,1.203002669,SouthCentral,2022,4,1
2022-04-24,4.366431,1.258087211,SouthCentral,2022,4,1
2022-05-01,4.85619,1.219013671,SouthCentral,2022,5,1
2022-05-08,4.900989,1.191777211,SouthCentral,2022,5,1
2022-05-15,4.150433,1.269882685,SouthCentral,2022,5,1
