price_optimization/HAB_data_2015to2022.csv
date,units_sold,price,region,year,month,peak
2015-01-04,1.6837953,1.01,Plains,2015,1,0
2015-01-11,1.40284183,1.09,Plains,2015,1,0
2015-01-18,1.67494555,1.02,Plains,2015,1,0
2015-01-25,1.51083696,1.08,Plains,2015,1,0
2015-02-01,2.56132542,0.92,Plains,2015,2,1
2015-02-08,1.79454377,0.98,Plains,2015,2,1
2015-02-15,1.50782192,1.05,Plains,2015,2,1
2015-02-22,1.54796924,1.08,Plains,2015,2,1
2015-03-01,1.61934149,1.09,Plains,2015,3,1
2015-03-08,1.53108564,1.11,Plains,2015,3,1
2015-03-15,1.59008035,1.1,Plains,2015,3,1
2015-03-22,1.65111509,1.09,Plains,2015,3,1
2015-03-29,1.65740468,1.08,Plains,2015,3,1
2015-04-05,1.66824339,1.13,Plains,2015,4,1
2015-04-12,2.16008564,0.97,Plains,2015,4,1
2015-04-19,1.80195687,1.12,Plains,2015,4,1
2015-04-26,1.78707174,1.13,Plains,2015,4,1
2015-05-03,2.3332389,1.01,Plains,2015,5,1
2015-05-10,2.10583109,1.03,Plains,2015,5,1
2015-05-17,1.96671228,1.06,Plains,2015,5,1
2015-05-24,2.02663978,1.03,Plains,2015,5,1
2015-05-31,1.85345118,1.09,Plains,2015,5,1
2015-06-07,2.02646423,1.04,Plains,2015,6,1
2015-06-14,1.97480607,1.06,Plains,2015,6,1
2015-06-21,1.92172044,1.08,Plains,2015,6,1
2015-06-28,1.82618248,1.08,Plains,2015,6,1
2015-07-05,1.9883119,1.06,Plains,2015,7,1
2015-07-12,1.80884207,1.07,Plains,2015,7,1
2015-07-19,1.70198681,1.09,Plains,2015,7,1
2015-07-26,1.84488726,1.04,Plains,2015,7,1
2015-08-02,1.59303118,1.13,Plains,2015,8,0
2015-08-09,1.60591377,1.14,Plains,2015,8,0
2015-08-16,1.72785185,1.08,Plains,2015,8,0
2015-08-23,1.73157498,1.06,Plains,2015,8,0
2015-08-30,1.48115017,1.13,Plains,2015,8,0
2015-09-06,1.71465022,1.12,Plains,2015,9,0
2015-09-13,1.5269853,1.13,Plains,2015,9,0
2015-09-20,1.38695196,1.16,Plains,2015,9,0
2015-09-27,1.54265796,0.99,Plains,2015,9,0
2015-10-04,1.30924588,1.14,Plains,2015,10,0
2015-10-11,1.56084555,1.05,Plains,2015,10,0
2015-10-18,1.36888769,1.12,Plains,2015,10,0
2015-10-25,1.41135454,1.11,Plains,2015,10,0
2015-11-01,1.35009182,1.12,Plains,2015,11,0
2015-11-08,1.28558697,1.12,Plains,2015,11,0
2015-11-15,1.29486675,1.09,Plains,2015,11,0
2015-11-22,1.28161328,1.1,Plains,2015,11,0
2015-11-29,1.09964606,1.11,Plains,2015,11,0
2015-12-06,1.24528961,1.08,Plains,2015,12,0
2015-12-13,1.47250113,1.02,Plains,2015,12,0
2015-12-20,1.13986164,1.13,Plains,2015,12,0
2015-12-27,1.30692323,1.1,Plains,2015,12,0
2016-01-03,2.17181857,0.94,Plains,2016,1,0
2016-01-10,1.67052463,1.08,Plains,2016,1,0
2016-01-17,1.49517698,1.12,Plains,2016,1,0
2016-01-24,1.26135288,1.16,Plains,2016,1,0
2016-01-31,1.85137218,1.05,Plains,2016,1,0
2016-02-07,2.83885324,0.83,Plains,2016,2,1
2016-02-14,1.79082272,0.97,Plains,2016,2,1
2016-02-21,1.67288428,1.03,Plains,2016,2,1
2016-02-28,1.64718923,1.07,Plains,2016,2,1
2016-03-06,1.7344149,1.06,Plains,2016,3,1
2016-03-13,2.09516501,0.91,Plains,2016,3,1
2016-03-20,1.93824708,0.95,Plains,2016,3,1
2016-03-27,1.74083689,1.07,Plains,2016,3,1
2016-04-03,1.76905034,1.04,Plains,2016,4,1
2016-04-10,1.87237856,1,Plains,2016,4,1
2016-04-17,2.11499064,0.95,Plains,2016,4,1
2016-04-24,2.08852446,0.95,Plains,2016,4,1
2016-05-01,2.09399859,0.97,Plains,2016,5,1
2016-05-08,2.66492682,0.86,Plains,2016,5,1
2016-05-15,2.10044016,0.95,Plains,2016,5,1
2016-05-22,2.24872667,0.94,Plains,2016,5,1
2016-05-29,2.26503777,0.9,Plains,2016,5,1
2016-06-05,2.33043823,0.93,Plains,2016,6,1
2016-06-12,2.10483428,1.04,Plains,2016,6,1
2016-06-19,2.55900286,0.87,Plains,2016,6,1
2016-06-26,2.1018356,1.03,Plains,2016,6,1
2016-07-03,2.25957201,1.05,Plains,2016,7,1
2016-07-10,2.02884718,1.09,Plains,2016,7,1
2016-07-17,1.86542677,1.15,Plains,2016,7,1
2016-07-24,1.80715243,1.22,Plains,2016,7,1
2016-07-31,1.71638476,1.25,Plains,2016,7,1
2016-08-07,1.97936294,1.17,Plains,2016,8,0
2016-08-14,1.87344699,1.12,Plains,2016,8,0
2016-08-21,1.69341862,1.21,Plains,2016,8,0
2016-08-28,1.69396947,1.22,Plains,2016,8,0
2016-09-04,1.93362813,1.1,Plains,2016,9,0
2016-09-11,1.69776129,1.18,Plains,2016,9,0
2016-09-18,1.64172415,1.24,Plains,2016,9,0
2016-09-25,1.4191134,1.35,Plains,2016,9,0
2016-10-02,1.35208151,1.37,Plains,2016,10,0
2016-10-09,1.36054139,1.41,Plains,2016,10,0
2016-10-16,1.25239956,1.49,Plains,2016,10,0
2016-10-23,1.17930118,1.53,Plains,2016,10,0
2016-10-30,1.05893809,1.54,Plains,2016,10,0
2016-11-06,1.28102369,1.55,Plains,2016,11,0
2016-11-13,1.18739684,1.57,Plains,2016,11,0
2016-11-20,1.12696432,1.49,Plains,2016,11,0
2016-11-27,1.13193227,1.35,Plains,2016,11,0
2016-12-04,1.67650902,1.09,Plains,2016,12,0
2016-12-11,1.46890187,1.08,Plains,2016,12,0
2016-12-18,1.42647094,1.06,Plains,2016,12,0
2016-12-25,1.44939465,1.09,Plains,2016,12,0
2017-01-01,2.38274262,0.83,Plains,2017,1,0
2017-01-08,1.89038978,1.06,Plains,2017,1,0
2017-01-15,2.06419402,1.05,Plains,2017,1,0
2017-01-22,1.81265288,1.09,Plains,2017,1,0
2017-01-29,2.05789939,1.06,Plains,2017,1,0
2017-02-05,3.57549921,0.76,Plains,2017,2,1
2017-02-12,2.09798348,0.94,Plains,2017,2,1
2017-02-19,2.08761713,0.96,Plains,2017,2,1
2017-02-26,2.00826347,1.05,Plains,2017,2,1
2017-03-05,1.60159981,1.25,Plains,2017,3,1
2017-03-12,1.60270069,1.29,Plains,2017,3,1
2017-03-19,1.67988222,1.3,Plains,2017,3,1
2017-03-26,1.70462412,1.33,Plains,2017,3,1
2017-04-02,1.81814812,1.29,Plains,2017,4,1
2017-04-09,1.86802201,1.28,Plains,2017,4,1
2017-04-16,1.80800216,1.35,Plains,2017,4,1
2017-04-23,2.14344539,1.18,Plains,2017,4,1
2017-04-30,2.08043813,1.19,Plains,2017,4,1
2017-05-07,2.61723735,1.13,Plains,2017,5,1
2017-05-14,1.89483335,1.33,Plains,2017,5,1
2017-05-21,1.84088979,1.33,Plains,2017,5,1
2017-05-28,1.9755247,1.38,Plains,2017,5,1
2017-06-04,2.13610271,1.31,Plains,2017,6,1
2017-06-11,2.12048801,1.31,Plains,2017,6,1
2017-06-18,1.99342109,1.35,Plains,2017,6,1
2017-06-25,2.03531857,1.35,Plains,2017,6,1
2017-07-02,2.22331081,1.31,Plains,2017,7,1
2017-07-09,2.10670501,1.32,Plains,2017,7,1
2017-07-16,1.84326004,1.38,Plains,2017,7,1
2017-07-23,1.8544513,1.39,Plains,2017,7,1
2017-07-30,1.71832516,1.46,Plains,2017,7,1
2017-08-06,1.76201256,1.43,Plains,2017,8,0
2017-08-13,1.73984471,1.43,Plains,2017,8,0
2017-08-20,1.54829816,1.53,Plains,2017,8,0
2017-08-27,1.82282812,1.37,Plains,2017,8,0
2017-09-03,1.5313921,1.58,Plains,2017,9,0
2017-09-10,1.53477216,1.6,Plains,2017,9,0
2017-09-17,1.36941702,1.66,Plains,2017,9,0
2017-09-24,1.38440783,1.75,Plains,2017,9,0
2017-10-01,1.30959039,1.77,Plains,2017,10,0
2017-10-08,1.2486209,1.81,Plains,2017,10,0
2017-10-15,1.23252278,1.77,Plains,2017,10,0
2017-10-22,1.45548708,1.48,Plains,2017,10,0
2017-10-29,1.53644596,1.38,Plains,2017,10,0
2017-11-05,1.38003654,1.48,Plains,2017,11,0
2017-11-12,1.62559,1.26,Plains,2017,11,0
2017-11-19,1.729745,1.12,Plains,2017,11,0
2017-11-26,1.280491,1.28,Plains,2017,11,0
2017-12-03,1.630974,1.19,Plains,2017,12,0
2017-12-10,1.60646412,1.15,Plains,2017,12,0
2017-12-17,1.82999174,1.05,Plains,2017,12,0
2017-12-24,1.57673165,1.26,Plains,2017,12,0
2017-12-31,2.17359174,1.02,Plains,2017,12,0
2018-01-01,2.17359174,1.02,Plains,2018,1,0
2018-01-07,2.10353172,1.17,Plains,2018,1,0
2018-01-14,2.03382381,1.25,Plains,2018,1,0
2018-01-21,2.20859612,1.18,Plains,2018,1,0
2018-01-28,2.53393756,0.99,Plains,2018,1,0
2018-02-04,3.31649476,0.91,Plains,2018,2,1
2018-02-11,2.19899716,1.06,Plains,2018,2,1
2018-02-18,1.80703326,1.2,Plains,2018,2,1
2018-02-25,2.11587993,1.13,Plains,2018,2,1
2018-03-04,2.09235475,1.15,Plains,2018,3,1
2018-03-11,2.15211324,1.15,Plains,2018,3,1
2018-03-18,2.34652789,1.06,Plains,2018,3,1
2018-03-25,2.29860962,1.08,Plains,2018,3,1
2018-04-01,2.12269881,1.16,Plains,2018,4,1
2018-04-08,2.24679444,1.1,Plains,2018,4,1
2018-04-15,2.42183271,1.08,Plains,2018,4,1
2018-04-22,2.38297949,1.05,Plains,2018,4,1
2018-04-29,2.39088895,1.1,Plains,2018,4,1
2018-05-06,3.51486313,0.91,Plains,2018,5,1
2018-05-13,2.3388225,1.09,Plains,2018,5,1
2018-05-20,2.33594849,1.1,Plains,2018,5,1
2018-05-27,2.84291162,0.97,Plains,2018,5,1
2018-06-03,2.39566106,1.09,Plains,2018,6,1
2018-06-10,2.33613126,1.1,Plains,2018,6,1
2018-06-17,2.38358427,1.13,Plains,2018,6,1
2018-06-24,2.28164471,1.1,Plains,2018,6,1
2018-07-01,2.50736836,1.09,Plains,2018,7,1
2018-07-08,2.57614181,1.07,Plains,2018,7,1
2018-07-15,2.24453191,1.11,Plains,2018,7,1
2018-07-22,2.23864095,1.12,Plains,2018,7,1
2018-07-29,2.07815184,1.16,Plains,2018,7,1
2018-08-05,2.02044674,1.21,Plains,2018,8,0
2018-08-12,1.98980862,1.21,Plains,2018,8,0
2018-08-19,2.11129126,1.17,Plains,2018,8,0
2018-08-26,2.09010929,1.14,Plains,2018,8,0
2018-09-02,1.88801467,1.27,Plains,2018,9,0
2018-09-09,2.06646566,1.12,Plains,2018,9,0
2018-09-16,1.84503013,1.22,Plains,2018,9,0
2018-09-23,1.89667705,1.19,Plains,2018,9,0
2018-09-30,1.71592533,1.19,Plains,2018,9,0
2018-10-07,2.26419762,1,Plains,2018,10,0
2018-10-14,1.89025194,1.09,Plains,2018,10,0
2018-10-21,1.83081814,1.08,Plains,2018,10,0
2018-10-28,1.90629854,1.1,Plains,2018,10,0
2018-11-04,2.33366389,0.91,Plains,2018,11,0
2018-11-11,2.65133566,0.76,Plains,2018,11,0
2018-11-18,1.53809147,1.12,Plains,2018,11,0
2018-11-25,1.1063722,1.29,Plains,2018,11,0
2018-12-02,1.35568198,1.34,Plains,2018,12,0
2019-01-07,2.0786342,1.082642399,Plains,2019,1,0
2019-01-13,2.25497004,1.024001668,Plains,2019,1,0
2019-01-20,2.27014407,1.018587388,Plains,2019,1,0
2019-01-27,2.10137747,1.071944853,Plains,2019,1,0
2019-02-03,2.8544567,0.877923291,Plains,2019,2,1
2019-02-10,2.19416721,0.94194818,Plains,2019,2,1
2019-02-17,1.99284443,1.022279322,Plains,2019,2,1
2019-02-24,2.07026222,1.043883127,Plains,2019,2,1
2019-03-03,1.96913441,1.099398738,Plains,2019,3,1
2019-03-10,2.16036791,1.025855365,Plains,2019,3,1
2019-03-17,2.20062714,0.982623257,Plains,2019,3,1
2019-03-24,2.27064375,0.968240631,Plains,2019,3,1
2019-03-31,2.20793199,0.987987263,Plains,2019,3,1
2019-04-07,2.09689637,1.073424917,Plains,2019,4,1
2019-04-14,2.00687542,1.163244155,Plains,2019,4,1
2019-04-21,1.82339523,1.324368197,Plains,2019,4,1
2019-04-28,1.50780653,1.46665097,Plains,2019,4,1
2019-05-05,2.23376762,1.285057285,Plains,2019,5,1
2019-05-12,2.06087372,1.279081724,Plains,2019,5,1
2019-05-19,1.85767417,1.301565702,Plains,2019,5,1
2019-05-26,1.91380343,1.275213097,Plains,2019,5,1
2019-06-02,2.03121844,1.203243353,Plains,2019,6,1
2019-06-09,1.95229106,1.223865523,Plains,2019,6,1
2019-06-16,1.77674299,1.317466136,Plains,2019,6,1
2019-06-23,1.94489331,1.235987695,Plains,2019,6,1
2019-06-30,1.90113025,1.310713948,Plains,2019,6,1
2019-07-07,1.86893826,1.456692726,Plains,2019,7,1
2019-07-14,1.62765637,1.495628847,Plains,2019,7,1
2019-07-21,1.59224342,1.502359643,Plains,2019,7,1
2019-07-28,1.58941228,1.480627563,Plains,2019,7,1
2019-08-04,1.56992736,1.424817352,Plains,2019,8,0
2019-08-11,1.53532213,1.407831099,Plains,2019,8,0
2019-08-18,1.52681923,1.428769589,Plains,2019,8,0
2019-08-25,1.50372452,1.398295602,Plains,2019,8,0
2019-09-01,1.55793109,1.37415381,Plains,2019,9,0
2019-09-08,1.66486758,1.321378649,Plains,2019,9,0
2019-09-15,1.58767644,1.313070826,Plains,2019,9,0
2019-09-22,1.63365824,1.276188579,Plains,2019,9,0
2019-09-29,1.52561951,1.287982643,Plains,2019,9,0
2019-10-06,1.4924239,1.273487987,Plains,2019,10,0
2019-10-13,1.66327085,1.150527457,Plains,2019,10,0
2019-10-20,1.49195544,1.174007918,Plains,2019,10,0
2019-10-27,1.64081049,1.09798752,Plains,2019,10,0
2019-11-03,1.61306051,1.068692259,Plains,2019,11,0
2019-11-10,1.50398362,1.14033444,Plains,2019,11,0
2019-11-17,1.45311823,1.121442568,Plains,2019,11,0
2019-11-24,1.43643192,1.125351801,Plains,2019,11,0
2019-12-01,1.45173785,1.052967551,Plains,2019,12,0
2019-12-08,1.57395257,1.030636267,Plains,2019,12,0
2019-12-15,1.50893285,1.072026474,Plains,2019,12,0
2019-12-22,1.43125247,1.10528611,Plains,2019,12,0
2019-12-29,1.63483818,1.003157774,Plains,2019,12,0
2020-01-06,1.97383816,1.048165899,Plains,2020,1,0
2020-01-12,1.9818883,1.050338609,Plains,2020,1,0
2020-01-19,2.08084929,0.998153725,Plains,2020,1,0
2020-01-26,1.76294701,1.141497456,Plains,2020,1,0
2020-02-02,2.73658906,0.891651357,Plains,2020,2,1
2020-02-09,2.10776162,0.96601463,Plains,2020,2,1
2020-02-16,1.80133945,1.097292762,Plains,2020,2,1
2020-02-23,2.00736317,1.058916728,Plains,2020,2,1
2020-03-01,1.88173758,1.154647805,Plains,2020,3,1
2020-03-08,2.08510346,1.083036666,Plains,2020,3,1
2020-03-15,2.08295519,1.257015921,Plains,2020,3,1
2020-03-22,2.27645547,1.262779201,Plains,2020,3,1
2020-03-29,2.07051066,1.226178602,Plains,2020,3,1
2020-04-05,2.14563483,1.24493626,Plains,2020,4,1
2020-04-12,2.05423034,1.26902902,Plains,2020,4,1
2020-04-19,2.15773668,1.143958508,Plains,2020,4,1
2020-04-26,2.2613569,1.157607842,Plains,2020,4,1
2020-05-03,2.63121697,1.060538701,Plains,2020,5,1
2020-05-10,2.62913333,1.085903577,Plains,2020,5,1
2020-05-17,2.31559618,1.137276246,Plains,2020,5,1
2020-05-24,2.46072938,1.123499438,Plains,2020,5,1
2020-05-31,2.52566109,1.042654939,Plains,2020,5,1
2020-06-07,2.5204471,1.072555845,Plains,2020,6,1
2020-06-14,2.36969487,1.113044455,Plains,2020,6,1
2020-06-21,2.58098338,1.007635638,Plains,2020,6,1
2020-06-28,2.41077926,1.002495403,Plains,2020,6,1
2020-07-05,2.62196004,1.023948944,Plains,2020,7,1
2020-07-12,2.26028909,1.018650459,Plains,2020,7,1
2020-07-19,2.18115151,1.035100342,Plains,2020,7,1
2020-07-26,2.32089616,0.974055362,Plains,2020,7,1
2020-08-02,2.16320368,0.982773311,Plains,2020,8,0
2020-08-09,2.1500443,0.976201255,Plains,2020,8,0
2020-08-16,2.38726331,0.915772105,Plains,2020,8,0
2020-08-23,2.1328775,0.95722351,Plains,2020,8,0
2020-08-30,2.09995946,0.969976255,Plains,2020,8,0
2020-09-06,2.11513267,0.965841297,Plains,2020,9,0
2020-09-13,2.08514189,0.966681394,Plains,2020,9,0
2020-09-20,1.90502687,0.962032778,Plains,2020,9,0
2020-09-27,2.01888986,0.941416978,Plains,2020,9,0
2020-10-04,1.83166153,1.006856486,Plains,2020,10,0
2020-10-11,1.94768524,0.956743956,Plains,2020,10,0
2020-10-18,1.85664933,0.957222004,Plains,2020,10,0
2020-10-25,1.82947004,0.945824236,Plains,2020,10,0
2020-11-01,1.96682676,0.868567109,Plains,2020,11,0
2020-11-08,1.83984867,0.938553286,Plains,2020,11,0
2020-11-15,1.87190633,0.931439987,Plains,2020,11,0
2020-11-22,1.81008376,0.909704196,Plains,2020,11,0
2020-11-29,1.6144283,0.883246391,Plains,2020,11,0
2020-12-06,2.07815347,0.807810511,Plains,2020,12,0
2020-12-13,1.97071748,0.856078763,Plains,2020,12,0
2020-12-20,1.87016509,0.838164304,Plains,2020,12,0
2020-12-27,1.77674123,0.845850506,Plains,2020,12,0
2021-01-04,2.37139181,0.785545678,Plains,2021,1,0
2021-01-10,2.21609334,0.919398298,Plains,2021,1,0
2021-01-17,2.27750029,0.859684495,Plains,2021,1,0
2021-01-24,2.20579385,0.928236379,Plains,2021,1,0
2021-01-31,2.11076872,0.947362538,Plains,2021,1,0
2021-02-07,2.81902483,0.834592352,Plains,2021,2,1
2021-02-14,2.15109544,0.89147778,Plains,2021,2,1
2021-02-21,2.03853726,0.894770416,Plains,2021,2,1
2021-02-28,2.06204232,0.899749186,Plains,2021,2,1
2021-03-07,2.13043051,0.955722287,Plains,2021,3,1
2021-03-14,2.07442403,0.974796149,Plains,2021,3,1
2021-03-21,2.14749945,0.927741457,Plains,2021,3,1
2021-03-28,2.04790565,1.089059283,Plains,2021,3,1
2021-04-04,2.03079404,1.154849577,Plains,2021,4,1
2021-04-11,2.08442057,1.097260146,Plains,2021,4,1
2021-04-18,2.05687361,1.172588182,Plains,2021,4,1
2021-04-25,1.96102827,1.205224159,Plains,2021,4,1
2021-05-02,2.25485239,1.115925702,Plains,2021,5,1
2021-05-09,2.30921188,1.081011289,Plains,2021,5,1
2021-05-16,1.9292689,1.145254434,Plains,2021,5,1
2021-05-23,1.98953562,1.150509251,Plains,2021,5,1
2021-05-30,2.05557304,1.110484798,Plains,2021,5,1
2021-06-06,2.05533571,1.171497007,Plains,2021,6,1
2021-06-13,2.08854667,1.157876484,Plains,2021,6,1
2021-06-20,2.1025039,1.117167722,Plains,2021,6,1
2021-06-27,2.16658454,1.064643641,Plains,2021,6,1
2021-07-04,2.3845154,1.049632314,Plains,2021,7,1
2021-07-11,2.25254963,0.982775183,Plains,2021,7,1
2021-07-18,2.14636114,0.993770077,Plains,2021,7,1
2021-07-25,2.14416572,0.98073914,Plains,2021,7,1
2021-08-01,1.92342802,1.058105826,Plains,2021,8,0
2021-08-08,1.87689458,1.080662235,Plains,2021,8,0
2021-08-15,1.96202037,1.027109478,Plains,2021,8,0
2021-08-22,1.78736268,1.106987922,Plains,2021,8,0
2021-08-29,1.74810606,1.128275171,Plains,2021,8,0
2021-09-05,1.79026634,1.112603753,Plains,2021,9,0
2021-09-12,1.74422856,1.13549387,Plains,2021,9,0
2021-09-19,1.74328399,1.122681638,Plains,2021,9,0
2021-09-26,1.69394707,1.159390986,Plains,2021,9,0
2021-10-03,1.68224408,1.187237327,Plains,2021,10,0
2021-10-10,1.68159679,1.213080323,Plains,2021,10,0
2021-10-17,1.66449381,1.156338891,Plains,2021,10,0
2021-10-24,1.69794857,1.131330267,Plains,2021,10,0
2021-10-31,1.78339303,1.067710479,Plains,2021,10,0
2021-11-07,1.64265685,1.127112205,Plains,2021,11,0
2021-11-14,1.67224808,1.147917033,Plains,2021,11,0
2021-11-21,1.66617976,1.084551843,Plains,2021,11,0
2021-11-28,1.38418257,1.193388953,Plains,2021,11,0
2022-01-03,1.95098534,1.018229638,Plains,2022,1,0
2022-01-09,1.72673437,1.213142197,Plains,2022,1,0
2022-01-16,1.88687831,1.264119091,Plains,2022,1,0
2022-01-23,1.81091341,1.284293231,Plains,2022,1,0
2022-01-30,1.84246011,1.256459763,Plains,2022,1,0
2022-02-06,1.83546352,1.234608765,Plains,2022,2,1
2022-02-13,2.3149739,1.165925058,Plains,2022,2,1
2022-02-20,2.0210181,1.206987876,Plains,2022,2,1
2022-02-27,1.91839901,1.24417765,Plains,2022,2,1
2022-03-06,1.79707266,1.356631223,Plains,2022,3,1
2022-03-13,1.72457569,1.404127983,Plains,2022,3,1
2022-03-20,1.79568389,1.376801712,Plains,2022,3,1
2022-03-27,1.8022207,1.418774313,Plains,2022,3,1
2022-04-03,1.87110529,1.409476258,Plains,2022,4,1
2022-04-10,1.90203298,1.409838402,Plains,2022,4,1
2022-04-17,1.82612068,1.477461197,Plains,2022,4,1
2022-04-24,1.609575,1.48606744,Plains,2022,4,1
2022-05-01,1.808049,1.505870693,Plains,2022,5,1
2022-05-08,1.893211,1.472751849,Plains,2022,5,1
2022-05-15,1.560202,1.541429251,Plains,2022,5,1
